 ray

 Timestamp is 672cebfe (Fri Nov  8 00:34:06 2024)

 Preferred load address is 00400000

 Start         Length     Name                   Class
 0001:00000000 000001e0H .text$di                CODE
 0001:000001e0 00074250H .text$mn                CODE
 0001:00074430 000023c0H .text$x                 CODE
 0001:000767f0 000000d9H .text$yd                CODE
 0002:00000000 000006b4H .idata$5                DATA
 0002:000006b4 00000008H .00cfg                  DATA
 0002:000006bc 00000004H .CRT$XCA                DATA
 0002:000006c0 00000004H .CRT$XCAA               DATA
 0002:000006c4 00000004H .CRT$XCL                DATA
 0002:000006c8 0000002cH .CRT$XCU                DATA
 0002:000006f4 00000004H .CRT$XCZ                DATA
 0002:000006f8 00000004H .CRT$XIA                DATA
 0002:000006fc 00000004H .CRT$XIAA               DATA
 0002:00000700 00000004H .CRT$XIAC               DATA
 0002:00000704 00000004H .CRT$XIC                DATA
 0002:00000708 00000004H .CRT$XIZ                DATA
 0002:0000070c 00000004H .CRT$XLA                DATA
 0002:00000710 00000004H .CRT$XLZ                DATA
 0002:00000714 00000004H .CRT$XPA                DATA
 0002:00000718 00000004H .CRT$XPZ                DATA
 0002:0000071c 00000004H .CRT$XTA                DATA
 0002:00000720 00000010H .CRT$XTZ                DATA
 0002:00000724 00000000H .gfids$y                DATA
 0002:00000730 00007d90H .rdata                  DATA
 0002:000084c0 00000004H .rdata$CastGuardVftablesA DATA
 0002:000084c4 00000004H .rdata$CastGuardVftablesC DATA
 0002:000084c8 00000018H .rdata$T                DATA
 0002:000084e0 000024a8H .rdata$r                DATA
 0002:0000a988 00000028H .rdata$voltmd           DATA
 0002:0000a9b0 0000041cH .rdata$zzzdbg           DATA
 0002:0000adcc 00000004H .rtc$IAA                DATA
 0002:0000add0 00000004H .rtc$IZZ                DATA
 0002:0000add4 00000004H .rtc$TAA                DATA
 0002:0000add8 00000004H .rtc$TZZ                DATA
 0002:0000addc 00000004H .tls                    DATA
 0002:0000ade0 00000004H .tls$                   DATA
 0002:0000ade4 00000004H .tls$ZZZ                DATA
 0002:0000ade8 000020b8H .xdata$x                DATA
 0002:0000cea0 00000000H .edata                  DATA
 0002:0000cea0 000001b8H .idata$2                DATA
 0002:0000d058 00000014H .idata$3                DATA
 0002:0000d06c 000006b4H .idata$4                DATA
 0002:0000d720 0000245cH .idata$6                DATA
 0003:00000000 00001e88H .data                   DATA
 0003:00001e88 000009a0H .data$r                 DATA
 0003:00002828 000004c8H .data$rs                DATA
 0003:00002cf0 000055e8H .bss                    DATA
 0004:00000000 00000060H .rsrc$01                DATA
 0004:00000060 00000180H .rsrc$02                DATA

  Address         Publics by Value              Rva+Base       Lib:Object

 0000:00000000       ___guard_longjmp_count     00000000     <absolute>
 0000:00000000       ___safe_se_handler_table   00000000     <absolute>
 0000:00000000       ___hybrid_code_map         00000000     <absolute>
 0000:00000000       ___hybrid_code_map_count   00000000     <absolute>
 0000:00000000       ___arm64x_redirection_metadata 00000000     <absolute>
 0000:00000000       ___AbsoluteZero            00000000     <absolute>
 0000:00000000       ___arm64x_extra_rfe_table  00000000     <absolute>
 0000:00000000       ___hybrid_auxiliary_iat    00000000     <absolute>
 0000:00000000       ___guard_iat_count         00000000     <absolute>
 0000:00000000       ___arm64x_native_entrypoint 00000000     <absolute>
 0000:00000000       ___enclave_config          00000000     <absolute>
 0000:00000000       ___guard_iat_table         00000000     <absolute>
 0000:00000000       ___safe_se_handler_count   00000000     <absolute>
 0000:00000000       ___x64_code_ranges_to_entry_points_count 00000000     <absolute>
 0000:00000000       ___guard_longjmp_table     00000000     <absolute>
 0000:00000000       ___dynamic_value_reloc_table 00000000     <absolute>
 0000:00000000       ___x64_code_ranges_to_entry_points 00000000     <absolute>
 0000:00000000       ___hybrid_auxiliary_iat_copy 00000000     <absolute>
 0000:00000000       ___guard_fids_count        00000000     <absolute>
 0000:00000000       ___arm64x_extra_rfe_table_size 00000000     <absolute>
 0000:00000000       ___guard_eh_cont_table     00000000     <absolute>
 0000:00000000       ___arm64x_redirection_metadata_count 00000000     <absolute>
 0000:00000000       ___guard_check_icall_a64n_fptr 00000000     <absolute>
 0000:00000000       ___guard_fids_table        00000000     <absolute>
 0000:00000000       ___guard_eh_cont_count     00000000     <absolute>
 0000:0000002c       __tls_array                0000002c     <absolute>
 0000:00000100       ___guard_flags             00000100     <absolute>
 0000:00000000       ___ImageBase               00400000     <linker-defined>
 0001:000001e0       ?GetOption@@YAHHPAPADPAD0@Z 004011e0 f   getopt.obj
 0001:000002c0       ?getopt@@YAHHPAPADPAD@Z    004012c0 f   getopt.obj
 0001:000003b0       ??_H@YGXPAXIIP6EPAX0@Z@Z   004013b0 f i main.obj
 0001:000003e0       ?processArgs@@YA_NHPAPAD@Z 004013e0 f   main.obj
 0001:000004d0       ?usage@@YAXXZ              004014d0 f   main.obj
 0001:000004f0       ___local_stdio_printf_options 004014f0 f i main.obj
 0001:00000500       _fprintf                   00401500 f i main.obj
 0001:00000530       _main                      00401530 f   main.obj
 0001:00000820       ??$_Allocate_manually_vector_aligned@U_Default_allocate_traits@std@@@std@@YAPAXI@Z 00401820 f i RayTracer.obj
 0001:00000860       ??$pow@NH$0A@@@YANNH@Z     00401860 f i RayTracer.obj
 0001:00000890       ??0RayTracer@@QAE@XZ       00401890 f   RayTracer.obj
 0001:000008c0       ??0bad_alloc@std@@QAE@ABV01@@Z 004018c0 f i RayTracer.obj
 0001:00000900       ??0bad_array_new_length@std@@QAE@ABV01@@Z 00401900 f i RayTracer.obj
 0001:00000940       ??0bad_array_new_length@std@@QAE@XZ 00401940 f i RayTracer.obj
 0001:00000960       ??0exception@std@@QAE@ABV01@@Z 00401960 f i RayTracer.obj
 0001:00000990       ??0vec3f@@QAE@XZ           00401990 f i RayTracer.obj
 0001:000009a0       ??1?$basic_string@DU?$char_traits@D@std@@V?$allocator@D@2@@std@@QAE@XZ 004019a0 f i RayTracer.obj
 0001:000009f0       ??1ParseError@@QAE@XZ      004019f0 f i RayTracer.obj
 0001:00000a40       ??1RayTracer@@QAE@XZ       00401a40 f   RayTracer.obj
 0001:00000a60       ??1bad_array_new_length@std@@UAE@XZ 00401a60 f i RayTracer.obj
 0001:00000a80       ??1exception@std@@UAE@XZ   00401a80 f i RayTracer.obj
 0001:00000aa0       ??1isect@@QAE@XZ           00401aa0 f i RayTracer.obj
 0001:00000ac0       ??_Gbad_alloc@std@@UAEPAXI@Z 00401ac0 f i RayTracer.obj
 0001:00000ac0       ??_Ebad_alloc@std@@UAEPAXI@Z 00401ac0 f i RayTracer.obj
 0001:00000af0       ??_Ebad_array_new_length@std@@UAEPAXI@Z 00401af0 f i RayTracer.obj
 0001:00000af0       ??_Gbad_array_new_length@std@@UAEPAXI@Z 00401af0 f i RayTracer.obj
 0001:00000b20       ??_Eexception@std@@UAEPAXI@Z 00401b20 f i RayTracer.obj
 0001:00000b20       ??_Gexception@std@@UAEPAXI@Z 00401b20 f i RayTracer.obj
 0001:00000b50       ?_Throw_bad_array_new_length@std@@YAXXZ 00401b50 f i RayTracer.obj
 0001:00000b70       ?_Xlen_string@std@@YAXXZ   00401b70 f i RayTracer.obj
 0001:00000b80       ?allocate@?$allocator@D@std@@QAEPADI@Z 00401b80 f i RayTracer.obj
 0001:00000be0       ?aspectRatio@RayTracer@@QAENXZ 00401be0 f   RayTracer.obj
 0001:00000c20       ?assign@?$basic_string@DU?$char_traits@D@std@@V?$allocator@D@2@@std@@QAEAAV12@QBDI@Z 00401c20 f i RayTracer.obj
 0001:00000d10       ?getBuffer@RayTracer@@QAEXAAPAEAAH1@Z 00401d10 f   RayTracer.obj
 0001:00000d30       ?isTIR@RayTracer@@QAE_NVray@@Visect@@NN@Z 00401d30 f   RayTracer.obj
 0001:00000ec0       ?loadScene@RayTracer@@QAE_NPAD@Z 00401ec0 f   RayTracer.obj
 0001:00001030       ?reflect@RayTracer@@QAE?AVvec3f@@Vray@@Visect@@_N@Z 00402030 f   RayTracer.obj
 0001:00001180       ?refract_dir@RayTracer@@QAE?AVvec3f@@Vray@@Visect@@NN_N@Z 00402180 f   RayTracer.obj
 0001:00001360       ?sceneLoaded@RayTracer@@QAE_NXZ 00402360 f   RayTracer.obj
 0001:00001370       ?trace@RayTracer@@QAE?AVvec3f@@PAVScene@@NN@Z 00402370 f   RayTracer.obj
 0001:00001410       ?traceLines@RayTracer@@QAEXHH@Z 00402410 f   RayTracer.obj
 0001:00001580       ?tracePixel@RayTracer@@QAEXHH@Z 00402580 f   RayTracer.obj
 0001:00001690       ?traceRay@RayTracer@@QAE?AVvec3f@@PAVScene@@ABVray@@ABV2@H@Z 00402690 f   RayTracer.obj
 0001:000021a0       ?traceSetup@RayTracer@@QAEXHH@Z 004031a0 f   RayTracer.obj
 0001:00002200       ?what@exception@std@@UBEPBDXZ 00403200 f i RayTracer.obj
 0001:00002210       ??0TraceGLWindow@@QAE@HHHHPBD@Z 00403210 f   TraceGLWindow.obj
 0001:00002290       ??_EFl_Gl_Window@@UAEPAXI@Z 00403290 f i TraceGLWindow.obj
 0001:00002290       ??_GFl_Gl_Window@@UAEPAXI@Z 00403290 f i TraceGLWindow.obj
 0001:000022c0       ??_GTraceGLWindow@@UAEPAXI@Z 004032c0 f i TraceGLWindow.obj
 0001:000022c0       ??_ETraceGLWindow@@UAEPAXI@Z 004032c0 f i TraceGLWindow.obj
 0001:000022f0       ?as_gl_window@Fl_Gl_Window@@UAEPAV1@XZ 004032f0 f i TraceGLWindow.obj
 0001:00002300       ?as_group@Fl_Group@@UAEPAV1@XZ 00403300 f i TraceGLWindow.obj
 0001:00002310       ?as_window@Fl_Window@@UAEPAV1@XZ 00403310 f i TraceGLWindow.obj
 0001:00002320       ?draw@TraceGLWindow@@UAEXXZ 00403320 f   TraceGLWindow.obj
 0001:00002400       ?handle@TraceGLWindow@@UAEHH@Z 00403400 f   TraceGLWindow.obj
 0001:00002410       ?refresh@TraceGLWindow@@QAEXXZ 00403410 f   TraceGLWindow.obj
 0001:00002420       ?resizeWindow@TraceGLWindow@@QAEXHH@Z 00403420 f   TraceGLWindow.obj
 0001:00002450       ?saveImage@TraceGLWindow@@QAEXPAD@Z 00403450 f   TraceGLWindow.obj
 0001:000024a0       ?setRayTracer@TraceGLWindow@@QAEXPAVRayTracer@@@Z 004034a0 f   TraceGLWindow.obj
 0001:000024b0       ?cb_load_scene@TraceUI@@CAXPAVFl_Menu_@@PAX@Z 004034b0 f   TraceUI.obj
 0001:00002550       ?cb_save_image@TraceUI@@CAXPAVFl_Menu_@@PAX@Z 00403550 f   TraceUI.obj
 0001:00002590       ?cb_exit@TraceUI@@CAXPAVFl_Menu_@@PAX@Z 00403590 f   TraceUI.obj
 0001:000025c0       ?cb_about@TraceUI@@CAXPAVFl_Menu_@@PAX@Z 004035c0 f   TraceUI.obj
 0001:000025d0       ??0TraceUI@@QAE@XZ         004035d0 f   TraceUI.obj
 0001:00002920       ?cb_depthSlides@TraceUI@@CAXPAVFl_Widget@@PAX@Z 00403920 f   TraceUI.obj
 0001:00002940       ?cb_exit2@TraceUI@@CAXPAVFl_Widget@@PAX@Z 00403940 f   TraceUI.obj
 0001:00002970       ?cb_render@TraceUI@@CAXPAVFl_Widget@@PAX@Z 00403970 f   TraceUI.obj
 0001:00002b80       ?cb_sizeSlides@TraceUI@@CAXPAVFl_Widget@@PAX@Z 00403b80 f   TraceUI.obj
 0001:00002bd0       ?cb_stop@TraceUI@@CAXPAVFl_Widget@@PAX@Z 00403bd0 f   TraceUI.obj
 0001:00002be0       ?getDepth@TraceUI@@QAEHXZ  00403be0 f   TraceUI.obj
 0001:00002bf0       ?getSize@TraceUI@@QAEHXZ   00403bf0 f   TraceUI.obj
 0001:00002c00       ?setRayTracer@TraceUI@@QAEXPAVRayTracer@@@Z 00403c00 f   TraceUI.obj
 0001:00002c20       ?show@TraceUI@@QAEXXZ      00403c20 f   TraceUI.obj
 0001:00002c30       ?whoami@TraceUI@@CAPAV1@PAVFl_Menu_@@@Z 00403c30 f   TraceUI.obj
 0001:00002c40       _sprintf                   00403c40 f i TraceUI.obj
 0001:00002c80       ?readBMP@@YAPAEPADAAH1@Z   00403c80 f   bitmap.obj
 0001:00002e10       ?writeBMP@@YAXPADHHPAE@Z   00403e10 f   bitmap.obj
 0001:00002fa0       ??$?6DU?$char_traits@D@std@@V?$allocator@D@1@@std@@YAAAV?$basic_ostream@DU?$char_traits@D@std@@@0@AAV10@ABV?$basic_string@DU?$char_traits@D@std@@V?$allocator@D@2@@0@@Z 00403fa0 f i parse.obj
 0001:00002fd0       ??$?6U?$char_traits@D@std@@@std@@YAAAV?$basic_ostream@DU?$char_traits@D@std@@@0@AAV10@D@Z 00403fd0 f i parse.obj
 0001:000031a0       ??$?6U?$char_traits@D@std@@@std@@YAAAV?$basic_ostream@DU?$char_traits@D@std@@@0@AAV10@PBD@Z 004041a0 f i parse.obj
 0001:00003390       ??$?8DU?$char_traits@D@std@@V?$allocator@D@1@@std@@YA_NABV?$basic_string@DU?$char_traits@D@std@@V?$allocator@D@2@@0@QBD@Z 00404390 f i parse.obj
 0001:00003420       ??$?MDU?$char_traits@D@std@@V?$allocator@D@1@@std@@YA_NABV?$basic_string@DU?$char_traits@D@std@@V?$allocator@D@2@@0@0@Z 00404420 f i parse.obj
 0001:00003460       ??$_Copy_memmove@PAPAVObj@@PAPAV1@@std@@YAPAPAVObj@@PAPAV1@00@Z 00404460 f i parse.obj
 0001:00003490       ??$_Copy_nodes@U_Copy_tag@?$_Tree@V?$_Tmap_traits@V?$basic_string@DU?$char_traits@D@std@@V?$allocator@D@2@@std@@PAVObj@@U?$less@V?$basic_string@DU?$char_traits@D@std@@V?$allocator@D@2@@std@@@2@V?$allocator@U?$pair@$$CBV?$basic_string@DU?$char_traits@D@std@@V?$allocator@D@2@@std@@PAVObj@@@std@@@2@$0A@@std@@@std@@@?$_Tree@V?$_Tmap_traits@V?$basic_string@DU?$char_traits@D@std@@V?$allocator@D@2@@std@@PAVObj@@U?$less@V?$basic_string@DU?$char_traits@D@std@@V?$allocator@D@2@@std@@@2@V?$allocator@U?$pair@$$CBV?$basic_string@DU?$char_traits@D@std@@V?$allocator@D@2@@std@@PAVObj@@@std@@@2@$0A@@std@@@std@@IAEPAU?$_Tree_node@U?$pair@$$CBV?$basic_string@DU?$char_traits@D@std@@V?$allocator@D@2@@std@@PAVObj@@@std@@PAX@1@PAU21@0U_Copy_tag@01@@Z 00404490 f i parse.obj
 0001:00003590       ??$_Emplace_reallocate@PAVObj@@@?$vector@PAVObj@@V?$allocator@PAVObj@@@std@@@std@@QAEPAPAVObj@@QAPAV2@$$QAPAV2@@Z 00404590 f i parse.obj
 0001:000036a0       ??$_Erase_tree@V?$allocator@U?$_Tree_node@U?$pair@$$CBV?$basic_string@DU?$char_traits@D@std@@V?$allocator@D@2@@std@@PAVObj@@@std@@PAX@std@@@std@@@?$_Tree_val@U?$_Tree_simple_types@U?$pair@$$CBV?$basic_string@DU?$char_traits@D@std@@V?$allocator@D@2@@std@@PAVObj@@@std@@@std@@@std@@QAEXAAV?$allocator@U?$_Tree_node@U?$pair@$$CBV?$basic_string@DU?$char_traits@D@std@@V?$allocator@D@2@@std@@PAVObj@@@std@@PAX@std@@@1@PAU?$_Tree_node@U?$pair@$$CBV?$basic_string@DU?$char_traits@D@std@@V?$allocator@D@2@@std@@PAVObj@@@std@@PAX@1@@Z 004046a0 f i parse.obj
 0001:00003730       ??$_Erase_tree_and_orphan@V?$allocator@U?$_Tree_node@U?$pair@$$CBV?$basic_string@DU?$char_traits@D@std@@V?$allocator@D@2@@std@@PAVObj@@@std@@PAX@std@@@std@@@?$_Tree_val@U?$_Tree_simple_types@U?$pair@$$CBV?$basic_string@DU?$char_traits@D@std@@V?$allocator@D@2@@std@@PAVObj@@@std@@@std@@@std@@QAEXAAV?$allocator@U?$_Tree_node@U?$pair@$$CBV?$basic_string@DU?$char_traits@D@std@@V?$allocator@D@2@@std@@PAVObj@@@std@@PAX@std@@@1@PAU?$_Tree_node@U?$pair@$$CBV?$basic_string@DU?$char_traits@D@std@@V?$allocator@D@2@@std@@PAVObj@@@std@@PAX@1@@Z 00404730 f i parse.obj
 0001:000037c0       ??$_Insert_string@DU?$char_traits@D@std@@I@std@@YAAAV?$basic_ostream@DU?$char_traits@D@std@@@0@AAV10@QBDI@Z 004047c0 f i parse.obj
 0001:00003970       ??$_Traits_compare@U?$char_traits@D@std@@@std@@YAHQBDI0I@Z 00404970 f i parse.obj
 0001:00003a00       ??0?$basic_string@DU?$char_traits@D@std@@V?$allocator@D@2@@std@@QAE@ABV01@@Z 00404a00 f i parse.obj
 0001:00003a90       ??0?$basic_string@DU?$char_traits@D@std@@V?$allocator@D@2@@std@@QAE@QBD@Z 00404a90 f i parse.obj
 0001:00003ad0       ??0?$basic_string@DU?$char_traits@D@std@@V?$allocator@D@2@@std@@QAE@U_String_constructor_concat_tag@1@AAV01@1@Z 00404ad0 f i parse.obj
 0001:00003c60       ??0Exception@@QAE@ABV0@@Z  00404c60 f i parse.obj
 0001:00003c80       ??0IdObj@@QAE@ABV?$basic_string@DU?$char_traits@D@std@@V?$allocator@D@2@@std@@@Z 00404c80 f i parse.obj
 0001:00003ce0       ??0ObjTypeMismatch@@QAE@ABV0@@Z 00404ce0 f i parse.obj
 0001:00003d00       ??0ObjTypeMismatch@@QAE@V?$basic_string@DU?$char_traits@D@std@@V?$allocator@D@2@@std@@0@Z 00404d00 f i parse.obj
 0001:00004100       ??0ParseError@@QAE@ABV0@@Z 00405100 f i parse.obj
 0001:00004120       ??0ParseError@@QAE@ABV?$basic_string@DU?$char_traits@D@std@@V?$allocator@D@2@@std@@@Z 00405120 f i parse.obj
 0001:00004140       ??0sentry@?$basic_ostream@DU?$char_traits@D@std@@@std@@QAE@AAV12@@Z 00405140 f i parse.obj
 0001:000041e0       ??1?$_Alloc_construct_ptr@V?$allocator@U?$_Tree_node@U?$pair@$$CBV?$basic_string@DU?$char_traits@D@std@@V?$allocator@D@2@@std@@PAVObj@@@std@@PAX@std@@@std@@@std@@QAE@XZ 004051e0 f i parse.obj
 0001:00004200       ??1?$_Tree_head_scoped_ptr@V?$allocator@U?$_Tree_node@U?$pair@$$CBV?$basic_string@DU?$char_traits@D@std@@V?$allocator@D@2@@std@@PAVObj@@@std@@PAX@std@@@std@@V?$_Tree_val@U?$_Tree_simple_types@U?$pair@$$CBV?$basic_string@DU?$char_traits@D@std@@V?$allocator@D@2@@std@@PAVObj@@@std@@@std@@@2@@std@@QAE@XZ 00405200 f i parse.obj
 0001:00004230       ??1?$_Tree_temp_node_alloc@V?$allocator@U?$_Tree_node@U?$pair@$$CBV?$basic_string@DU?$char_traits@D@std@@V?$allocator@D@2@@std@@PAVObj@@@std@@PAX@std@@@std@@@std@@QAE@XZ 00405230 f i parse.obj
 0001:00004250       ??1?$map@V?$basic_string@DU?$char_traits@D@std@@V?$allocator@D@2@@std@@PAVObj@@U?$less@V?$basic_string@DU?$char_traits@D@std@@V?$allocator@D@2@@std@@@2@V?$allocator@U?$pair@$$CBV?$basic_string@DU?$char_traits@D@std@@V?$allocator@D@2@@std@@PAVObj@@@std@@@2@@std@@QAE@XZ 00405250 f i parse.obj
 0001:00004270       ??1?$vector@PAVObj@@V?$allocator@PAVObj@@@std@@@std@@QAE@XZ 00405270 f i parse.obj
 0001:000042d0       ??1BooleanObj@@UAE@XZ      004052d0 f i parse.obj
 0001:000042e0       ??1DictObj@@UAE@XZ         004052e0 f i parse.obj
 0001:00004350       ??1IdObj@@UAE@XZ           00405350 f i parse.obj
 0001:000043b0       ??1NamedObj@@UAE@XZ        004053b0 f i parse.obj
 0001:00004420       ??1Obj@@UAE@XZ             00405420 f i parse.obj
 0001:00004430       ??1ObjTypeMismatch@@QAE@XZ 00405430 f i parse.obj
 0001:00004480       ??1ScalarObj@@UAE@XZ       00405480 f i parse.obj
 0001:00004490       ??1StringObj@@UAE@XZ       00405490 f i parse.obj
 0001:000044f0       ??1TupleObj@@UAE@XZ        004054f0 f i parse.obj
 0001:00004570       ??1_Sentry_base@?$basic_ostream@DU?$char_traits@D@std@@@std@@QAE@XZ 00405570 f i parse.obj
 0001:000045c0       ??1sentry@?$basic_ostream@DU?$char_traits@D@std@@@std@@QAE@XZ 004055c0 f i parse.obj
 0001:00004630       ??E?$_Tree_const_iterator@V?$_Tree_val@U?$_Tree_simple_types@U?$pair@$$CBV?$basic_string@DU?$char_traits@D@std@@V?$allocator@D@2@@std@@PAVObj@@@std@@@std@@@std@@@std@@QAEAAV01@XZ 00405630 f i parse.obj
 0001:00004690       ??_EBooleanObj@@UAEPAXI@Z  00405690 f i parse.obj
 0001:00004690       ??_GBooleanObj@@UAEPAXI@Z  00405690 f i parse.obj
 0001:000046c0       ??_EDictObj@@UAEPAXI@Z     004056c0 f i parse.obj
 0001:000046c0       ??_GDictObj@@UAEPAXI@Z     004056c0 f i parse.obj
 0001:00004740       ??_EIdObj@@UAEPAXI@Z       00405740 f i parse.obj
 0001:00004740       ??_GIdObj@@UAEPAXI@Z       00405740 f i parse.obj
 0001:000047c0       ??_ENamedObj@@UAEPAXI@Z    004057c0 f i parse.obj
 0001:000047c0       ??_GNamedObj@@UAEPAXI@Z    004057c0 f i parse.obj
 0001:00004840       ??_GObj@@UAEPAXI@Z         00405840 f i parse.obj
 0001:00004840       ??_EObj@@UAEPAXI@Z         00405840 f i parse.obj
 0001:00004870       ??_GScalarObj@@UAEPAXI@Z   00405870 f i parse.obj
 0001:00004870       ??_EScalarObj@@UAEPAXI@Z   00405870 f i parse.obj
 0001:000048a0       ??_GStringObj@@UAEPAXI@Z   004058a0 f i parse.obj
 0001:000048a0       ??_EStringObj@@UAEPAXI@Z   004058a0 f i parse.obj
 0001:00004920       ??_ETupleObj@@UAEPAXI@Z    00405920 f i parse.obj
 0001:00004920       ??_GTupleObj@@UAEPAXI@Z    00405920 f i parse.obj
 0001:000049c0       ?_Getal@?$_Tree@V?$_Tmap_traits@V?$basic_string@DU?$char_traits@D@std@@V?$allocator@D@2@@std@@PAVObj@@U?$less@V?$basic_string@DU?$char_traits@D@std@@V?$allocator@D@2@@std@@@2@V?$allocator@U?$pair@$$CBV?$basic_string@DU?$char_traits@D@std@@V?$allocator@D@2@@std@@PAVObj@@@std@@@2@$0A@@std@@@std@@IAEAAV?$allocator@U?$_Tree_node@U?$pair@$$CBV?$basic_string@DU?$char_traits@D@std@@V?$allocator@D@2@@std@@PAVObj@@@std@@PAX@std@@@2@XZ 004059c0 f i parse.obj
 0001:000049d0       ?_Insert_node@?$_Tree_val@U?$_Tree_simple_types@U?$pair@$$CBV?$basic_string@DU?$char_traits@D@std@@V?$allocator@D@2@@std@@PAVObj@@@std@@@std@@@std@@QAEPAU?$_Tree_node@U?$pair@$$CBV?$basic_string@DU?$char_traits@D@std@@V?$allocator@D@2@@std@@PAVObj@@@std@@PAX@2@U?$_Tree_id@PAU?$_Tree_node@U?$pair@$$CBV?$basic_string@DU?$char_traits@D@std@@V?$allocator@D@2@@std@@PAVObj@@@std@@PAX@std@@@2@QAU32@@Z 004059d0 f i parse.obj
 0001:00004be0       ?_Throw_tree_length_error@std@@YAXXZ 00405be0 f i parse.obj
 0001:00004bf0       ?_Xlength@?$vector@PAVObj@@V?$allocator@PAVObj@@@std@@@std@@CAXXZ 00405bf0 f i parse.obj
 0001:00004c00       ?allocate@?$allocator@PAVObj@@@std@@QAEPAPAVObj@@I@Z 00405c00 f i parse.obj
 0001:00004c60       ?append@?$basic_string@DU?$char_traits@D@std@@V?$allocator@D@2@@std@@QAEAAV12@QBDI@Z 00405c60 f i parse.obj
 0001:00004f90       ?getBoolean@BooleanObj@@UBE_NXZ 00405f90 f i parse.obj
 0001:00004fa0       ?getBoolean@Obj@@UBE_NXZ   00405fa0 f i parse.obj
 0001:00005010       ?getChild@NamedObj@@UBEPAVObj@@XZ 00406010 f i parse.obj
 0001:00005020       ?getChild@Obj@@UBEPAV1@XZ  00406020 f i parse.obj
 0001:00005090       ?getDict@DictObj@@UBEABV?$map@V?$basic_string@DU?$char_traits@D@std@@V?$allocator@D@2@@std@@PAVObj@@U?$less@V?$basic_string@DU?$char_traits@D@std@@V?$allocator@D@2@@std@@@2@V?$allocator@U?$pair@$$CBV?$basic_string@DU?$char_traits@D@std@@V?$allocator@D@2@@std@@PAVObj@@@std@@@2@@std@@XZ 00406090 f i parse.obj
 0001:000050a0       ?getDict@Obj@@UBEABV?$map@V?$basic_string@DU?$char_traits@D@std@@V?$allocator@D@2@@std@@PAVObj@@U?$less@V?$basic_string@DU?$char_traits@D@std@@V?$allocator@D@2@@std@@@2@V?$allocator@U?$pair@$$CBV?$basic_string@DU?$char_traits@D@std@@V?$allocator@D@2@@std@@PAVObj@@@std@@@2@@std@@XZ 004060a0 f i parse.obj
 0001:00005110       ?getID@IdObj@@UBE?AV?$basic_string@DU?$char_traits@D@std@@V?$allocator@D@2@@std@@XZ 00406110 f i parse.obj
 0001:00005130       ?getID@Obj@@UBE?AV?$basic_string@DU?$char_traits@D@std@@V?$allocator@D@2@@std@@XZ 00406130 f i parse.obj
 0001:000051a0       ?getName@NamedObj@@UBE?AV?$basic_string@DU?$char_traits@D@std@@V?$allocator@D@2@@std@@XZ 004061a0 f i parse.obj
 0001:000051c0       ?getName@Obj@@UBE?AV?$basic_string@DU?$char_traits@D@std@@V?$allocator@D@2@@std@@XZ 004061c0 f i parse.obj
 0001:00005230       ?getScalar@Obj@@UBENXZ     00406230 f i parse.obj
 0001:000052a0       ?getScalar@ScalarObj@@UBENXZ 004062a0 f i parse.obj
 0001:000052b0       ?getString@Obj@@UBE?AV?$basic_string@DU?$char_traits@D@std@@V?$allocator@D@2@@std@@XZ 004062b0 f i parse.obj
 0001:00005320       ?getString@StringObj@@UBE?AV?$basic_string@DU?$char_traits@D@std@@V?$allocator@D@2@@std@@XZ 00406320 f i parse.obj
 0001:00005340       ?getTuple@Obj@@UBEABV?$vector@PAVObj@@V?$allocator@PAVObj@@@std@@@std@@XZ 00406340 f i parse.obj
 0001:000053b0       ?getTuple@TupleObj@@UBEABV?$vector@PAVObj@@V?$allocator@PAVObj@@@std@@@std@@XZ 004063b0 f i parse.obj
 0001:000053c0       ?getTypeName@BooleanObj@@UBE?AV?$basic_string@DU?$char_traits@D@std@@V?$allocator@D@2@@std@@XZ 004063c0 f i parse.obj
 0001:00005400       ?getTypeName@DictObj@@UBE?AV?$basic_string@DU?$char_traits@D@std@@V?$allocator@D@2@@std@@XZ 00406400 f i parse.obj
 0001:00005440       ?getTypeName@IdObj@@UBE?AV?$basic_string@DU?$char_traits@D@std@@V?$allocator@D@2@@std@@XZ 00406440 f i parse.obj
 0001:00005480       ?getTypeName@NamedObj@@UBE?AV?$basic_string@DU?$char_traits@D@std@@V?$allocator@D@2@@std@@XZ 00406480 f i parse.obj
 0001:000054c0       ?getTypeName@Obj@@UBE?AV?$basic_string@DU?$char_traits@D@std@@V?$allocator@D@2@@std@@XZ 004064c0 f i parse.obj
 0001:00005500       ?getTypeName@ScalarObj@@UBE?AV?$basic_string@DU?$char_traits@D@std@@V?$allocator@D@2@@std@@XZ 00406500 f i parse.obj
 0001:00005540       ?getTypeName@StringObj@@UBE?AV?$basic_string@DU?$char_traits@D@std@@V?$allocator@D@2@@std@@XZ 00406540 f i parse.obj
 0001:00005580       ?getTypeName@TupleObj@@UBE?AV?$basic_string@DU?$char_traits@D@std@@V?$allocator@D@2@@std@@XZ 00406580 f i parse.obj
 0001:000055c0       ?printOn@BooleanObj@@UBEXAAV?$basic_ostream@DU?$char_traits@D@std@@@std@@@Z 004065c0 f i parse.obj
 0001:000055f0       ?printOn@DictObj@@UBEXAAV?$basic_ostream@DU?$char_traits@D@std@@@std@@@Z 004065f0 f i parse.obj
 0001:000056d0       ?printOn@IdObj@@UBEXAAV?$basic_ostream@DU?$char_traits@D@std@@@std@@@Z 004066d0 f i parse.obj
 0001:00005700       ?printOn@NamedObj@@UBEXAAV?$basic_ostream@DU?$char_traits@D@std@@@std@@@Z 00406700 f i parse.obj
 0001:00005740       ?printOn@Obj@@UBEXAAV?$basic_ostream@DU?$char_traits@D@std@@@std@@@Z 00406740 f i parse.obj
 0001:00005750       ?printOn@ScalarObj@@UBEXAAV?$basic_ostream@DU?$char_traits@D@std@@@std@@@Z 00406750 f i parse.obj
 0001:00005770       ?printOn@StringObj@@UBEXAAV?$basic_ostream@DU?$char_traits@D@std@@@std@@@Z 00406770 f i parse.obj
 0001:000057b0       ?printOn@TupleObj@@UBEXAAV?$basic_ostream@DU?$char_traits@D@std@@@std@@@Z 004067b0 f i parse.obj
 0001:00005cc0       ?readFile@@YAPAVObj@@AAV?$basic_istream@DU?$char_traits@D@std@@@std@@@Z 00406cc0 f   parse.obj
 0001:00006990       ??$?HDU?$char_traits@D@std@@V?$allocator@D@1@@std@@YA?AV?$basic_string@DU?$char_traits@D@std@@V?$allocator@D@2@@0@$$QAV10@ABV10@@Z 00407990 f i read.obj
 0001:000069f0       ??$?HDU?$char_traits@D@std@@V?$allocator@D@1@@std@@YA?AV?$basic_string@DU?$char_traits@D@std@@V?$allocator@D@2@@0@$$QAV10@QBD@Z 004079f0 f i read.obj
 0001:00006a50       ??$_Erase_tree@V?$allocator@U?$_Tree_node@U?$pair@$$CBV?$basic_string@DU?$char_traits@D@std@@V?$allocator@D@2@@std@@PAVMaterial@@@std@@PAX@std@@@std@@@?$_Tree_val@U?$_Tree_simple_types@U?$pair@$$CBV?$basic_string@DU?$char_traits@D@std@@V?$allocator@D@2@@std@@PAVMaterial@@@std@@@std@@@std@@QAEXAAV?$allocator@U?$_Tree_node@U?$pair@$$CBV?$basic_string@DU?$char_traits@D@std@@V?$allocator@D@2@@std@@PAVMaterial@@@std@@PAX@std@@@1@PAU?$_Tree_node@U?$pair@$$CBV?$basic_string@DU?$char_traits@D@std@@V?$allocator@D@2@@std@@PAVMaterial@@@std@@PAX@1@@Z 00407a50 f i read.obj
 0001:00006ae0       ??$_Find_lower_bound@V?$basic_string@DU?$char_traits@D@std@@V?$allocator@D@2@@std@@@?$_Tree@V?$_Tmap_traits@V?$basic_string@DU?$char_traits@D@std@@V?$allocator@D@2@@std@@PAVMaterial@@U?$less@V?$basic_string@DU?$char_traits@D@std@@V?$allocator@D@2@@std@@@2@V?$allocator@U?$pair@$$CBV?$basic_string@DU?$char_traits@D@std@@V?$allocator@D@2@@std@@PAVMaterial@@@std@@@2@$0A@@std@@@std@@IBE?AU?$_Tree_find_result@PAU?$_Tree_node@U?$pair@$$CBV?$basic_string@DU?$char_traits@D@std@@V?$allocator@D@2@@std@@PAVMaterial@@@std@@PAX@std@@@1@ABV?$basic_string@DU?$char_traits@D@std@@V?$allocator@D@2@@1@@Z 00407ae0 f i read.obj
 0001:00006b70       ??$_Fputc@D@std@@YA_NDPAU_iobuf@@@Z 00407b70 f i read.obj
 0001:00006b90       ??$endl@DU?$char_traits@D@std@@@std@@YAAAV?$basic_ostream@DU?$char_traits@D@std@@@0@AAV10@@Z 00407b90 f i read.obj
 0001:00006bc0       ??$ends@DU?$char_traits@D@std@@@std@@YAAAV?$basic_ostream@DU?$char_traits@D@std@@@0@AAV10@@Z 00407bc0 f i read.obj
 0001:00006be0       ??$use_facet@V?$codecvt@DDU_Mbstatet@@@std@@@std@@YAABV?$codecvt@DDU_Mbstatet@@@0@ABVlocale@0@@Z 00407be0 f i read.obj
 0001:00006cd0       ??0?$basic_ifstream@DU?$char_traits@D@std@@@std@@QAE@PBDHH@Z 00407cd0 f i read.obj
 0001:00006ec0       ??0?$fpos@U_Mbstatet@@@std@@QAE@_J@Z 00407ec0 f i read.obj
 0001:00006ef0       ??0PointLight@@QAE@PAVScene@@ABVvec3f@@1NNN@Z 00407ef0 f i read.obj
 0001:00006f70       ??0Scene@@QAE@XZ           00407f70 f i read.obj
 0001:00007140       ??0TransformNode@@IAE@PAV0@ABVmat4f@@@Z 00408140 f i read.obj
 0001:000075d0       ??0bad_cast@std@@QAE@ABV01@@Z 004085d0 f i read.obj
 0001:00007610       ??0bad_cast@std@@QAE@XZ    00408610 f i read.obj
 0001:00007630       ??0mat4f@@QAE@ABVvec4f@@000@Z 00408630 f i read.obj
 0001:00007700       ??0ostrstream@std@@QAE@XZ  00408700 f i read.obj
 0001:000077f0       ??0vec4f@@QAE@XZ           004087f0 f i read.obj
 0001:00007800       ??1?$_Alloc_construct_ptr@V?$allocator@U?$_List_node@PAVGeometry@@PAX@std@@@std@@@std@@QAE@XZ 00408800 f i read.obj
 0001:00007820       ??1?$_Alloc_construct_ptr@V?$allocator@U?$_List_node@PAVLight@@PAX@std@@@std@@@std@@QAE@XZ 00408820 f i read.obj
 0001:00007840       ??1?$_Alloc_construct_ptr@V?$allocator@U?$_List_node@PAVTransformNode@@PAX@std@@@std@@@std@@QAE@XZ 00408840 f i read.obj
 0001:00007860       ??1?$_Alloc_construct_ptr@V?$allocator@U?$_Tree_node@U?$pair@$$CBV?$basic_string@DU?$char_traits@D@std@@V?$allocator@D@2@@std@@PAVMaterial@@@std@@PAX@std@@@std@@@std@@QAE@XZ 00408860 f i read.obj
 0001:00007880       ??1?$_Tree_temp_node_alloc@V?$allocator@U?$_Tree_node@U?$pair@$$CBV?$basic_string@DU?$char_traits@D@std@@V?$allocator@D@2@@std@@PAVMaterial@@@std@@PAX@std@@@std@@@std@@QAE@XZ 00408880 f i read.obj
 0001:000078a0       ??1?$basic_filebuf@DU?$char_traits@D@std@@@std@@UAE@XZ 004088a0 f i read.obj
 0001:00007980       ??1?$basic_ifstream@DU?$char_traits@D@std@@@std@@UAE@XZ 00408980 f i read.obj
 0001:000079b0       ??1?$list@PAVGeometry@@V?$allocator@PAVGeometry@@@std@@@std@@QAE@XZ 004089b0 f i read.obj
 0001:000079f0       ??1?$list@PAVLight@@V?$allocator@PAVLight@@@std@@@std@@QAE@XZ 004089f0 f i read.obj
 0001:00007a30       ??1?$list@PAVTransformNode@@V?$allocator@PAVTransformNode@@@std@@@std@@QAE@XZ 00408a30 f i read.obj
 0001:00007a70       ??1?$map@V?$basic_string@DU?$char_traits@D@std@@V?$allocator@D@2@@std@@PAVMaterial@@U?$less@V?$basic_string@DU?$char_traits@D@std@@V?$allocator@D@2@@std@@@2@V?$allocator@U?$pair@$$CBV?$basic_string@DU?$char_traits@D@std@@V?$allocator@D@2@@std@@PAVMaterial@@@std@@@2@@std@@QAE@XZ 00408a70 f i read.obj
 0001:00007a90       ??1?$unique_ptr@V_Facet_base@std@@U?$default_delete@V_Facet_base@std@@@2@@std@@QAE@XZ 00408a90 f i read.obj
 0001:00007aa0       ??1MaterialSceneObject@@UAE@XZ 00408aa0 f i read.obj
 0001:00007ad0       ??1SceneElement@@UAE@XZ    00408ad0 f i read.obj
 0001:00007ae0       ??1TransformNode@@QAE@XZ   00408ae0 f i read.obj
 0001:00007b60       ??1TransformRoot@@QAE@XZ   00408b60 f i read.obj
 0001:00007b70       ??1bad_cast@std@@UAE@XZ    00408b70 f i read.obj
 0001:00007b90       ??1locale@std@@QAE@XZ      00408b90 f i read.obj
 0001:00007bb0       ??1ostrstream@std@@UAE@XZ  00408bb0 f i read.obj
 0001:00007c60       ??1strstreambuf@std@@UAE@XZ 00408c60 f i read.obj
 0001:00007ce0       ??4?$basic_string@DU?$char_traits@D@std@@V?$allocator@D@2@@std@@QAEAAV01@$$QAV01@@Z 00408ce0 f i read.obj
 0001:00007d60       ??6@YAAAV?$basic_ostream@DU?$char_traits@D@std@@@std@@AAV01@ABVException@@@Z 00408d60 f i read.obj
 0001:00007e10       ??D@YA?AVmat4f@@ABV0@0@Z   00408e10 f i read.obj
 0001:000082a0       ??_D?$basic_ifstream@DU?$char_traits@D@std@@@std@@QAEXXZ 004092a0 f i read.obj
 0001:000082e0       ??_Dostrstream@std@@QAEXXZ 004092e0 f i read.obj
 0001:0000838d       ??_E?$basic_ifstream@DU?$char_traits@D@std@@@std@@$4PPPPPPPM@A@AEPAXI@Z 0040938d f i read.obj
 0001:00008395       ??_Eostrstream@std@@$4PPPPPPPM@A@AEPAXI@Z 00409395 f i read.obj
 0001:000083a0       ??_E?$basic_filebuf@DU?$char_traits@D@std@@@std@@UAEPAXI@Z 004093a0 f i read.obj
 0001:000083a0       ??_G?$basic_filebuf@DU?$char_traits@D@std@@@std@@UAEPAXI@Z 004093a0 f i read.obj
 0001:000083d0       ??_G?$basic_ifstream@DU?$char_traits@D@std@@@std@@UAEPAXI@Z 004093d0 f i read.obj
 0001:000083d0       ??_E?$basic_ifstream@DU?$char_traits@D@std@@@std@@UAEPAXI@Z 004093d0 f i read.obj
 0001:00008430       ??_GBox@@UAEPAXI@Z         00409430 f i read.obj
 0001:00008430       ??_EBox@@UAEPAXI@Z         00409430 f i read.obj
 0001:00008470       ??_GCone@@UAEPAXI@Z        00409470 f i read.obj
 0001:00008470       ??_ECone@@UAEPAXI@Z        00409470 f i read.obj
 0001:000084c0       ??_GCylinder@@UAEPAXI@Z    004094c0 f i read.obj
 0001:000084c0       ??_ECylinder@@UAEPAXI@Z    004094c0 f i read.obj
 0001:00008500       ??_EDirectionalLight@@UAEPAXI@Z 00409500 f i read.obj
 0001:00008500       ??_GDirectionalLight@@UAEPAXI@Z 00409500 f i read.obj
 0001:00008530       ??_GGeometry@@UAEPAXI@Z    00409530 f i read.obj
 0001:00008530       ??_EGeometry@@UAEPAXI@Z    00409530 f i read.obj
 0001:00008560       ??_ELight@@UAEPAXI@Z       00409560 f i read.obj
 0001:00008560       ??_GLight@@UAEPAXI@Z       00409560 f i read.obj
 0001:00008590       ??_GMaterialSceneObject@@UAEPAXI@Z 00409590 f i read.obj
 0001:00008590       ??_EMaterialSceneObject@@UAEPAXI@Z 00409590 f i read.obj
 0001:000085d0       ??_GPointLight@@UAEPAXI@Z  004095d0 f i read.obj
 0001:000085d0       ??_EPointLight@@UAEPAXI@Z  004095d0 f i read.obj
 0001:00008600       ??_EScene@@UAEPAXI@Z       00409600 f i read.obj
 0001:00008600       ??_GScene@@UAEPAXI@Z       00409600 f i read.obj
 0001:00008630       ??_GSceneElement@@UAEPAXI@Z 00409630 f i read.obj
 0001:00008630       ??_ESceneElement@@UAEPAXI@Z 00409630 f i read.obj
 0001:00008660       ??_ESceneObject@@UAEPAXI@Z 00409660 f i read.obj
 0001:00008660       ??_GSceneObject@@UAEPAXI@Z 00409660 f i read.obj
 0001:00008690       ??_ESphere@@UAEPAXI@Z      00409690 f i read.obj
 0001:00008690       ??_GSphere@@UAEPAXI@Z      00409690 f i read.obj
 0001:000086d0       ??_GSquare@@UAEPAXI@Z      004096d0 f i read.obj
 0001:000086d0       ??_ESquare@@UAEPAXI@Z      004096d0 f i read.obj
 0001:00008710       ??_ETrimesh@@UAEPAXI@Z     00409710 f i read.obj
 0001:00008710       ??_GTrimesh@@UAEPAXI@Z     00409710 f i read.obj
 0001:00008740       ??_Gbad_cast@std@@UAEPAXI@Z 00409740 f i read.obj
 0001:00008740       ??_Ebad_cast@std@@UAEPAXI@Z 00409740 f i read.obj
 0001:00008770       ??_Gostrstream@std@@UAEPAXI@Z 00409770 f i read.obj
 0001:00008770       ??_Eostrstream@std@@UAEPAXI@Z 00409770 f i read.obj
 0001:000087a0       ??_Estrstreambuf@std@@UAEPAXI@Z 004097a0 f i read.obj
 0001:000087a0       ??_Gstrstreambuf@std@@UAEPAXI@Z 004097a0 f i read.obj
 0001:00008840       ?ComputeBoundingBox@Geometry@@UAEXXZ 00409840 f i read.obj
 0001:00008d90       ?ComputeLocalBoundingBox@Box@@UAE?AVBoundingBox@@XZ 00409d90 f i read.obj
 0001:00008dc0       ?ComputeLocalBoundingBox@Cone@@UAE?AVBoundingBox@@XZ 00409dc0 f i read.obj
 0001:00008e20       ?ComputeLocalBoundingBox@Cylinder@@UAE?AVBoundingBox@@XZ 00409e20 f i read.obj
 0001:00008e50       ?ComputeLocalBoundingBox@Geometry@@UAE?AVBoundingBox@@XZ 00409e50 f i read.obj
 0001:00008e90       ?ComputeLocalBoundingBox@Sphere@@UAE?AVBoundingBox@@XZ 00409e90 f i read.obj
 0001:00008ec0       ?ComputeLocalBoundingBox@Square@@UAE?AVBoundingBox@@XZ 00409ec0 f i read.obj
 0001:00008f00       ?_Endwrite@?$basic_filebuf@DU?$char_traits@D@std@@@std@@IAE_NXZ 00409f00 f i read.obj
 0001:00008fd0       ?_Free@strstreambuf@std@@ABEXPAD@Z 00409fd0 f i read.obj
 0001:00009000       ?_Insert_node@?$_Tree_val@U?$_Tree_simple_types@U?$pair@$$CBV?$basic_string@DU?$char_traits@D@std@@V?$allocator@D@2@@std@@PAVMaterial@@@std@@@std@@@std@@QAEPAU?$_Tree_node@U?$pair@$$CBV?$basic_string@DU?$char_traits@D@std@@V?$allocator@D@2@@std@@PAVMaterial@@@std@@PAX@2@U?$_Tree_id@PAU?$_Tree_node@U?$pair@$$CBV?$basic_string@DU?$char_traits@D@std@@V?$allocator@D@2@@std@@PAVMaterial@@@std@@PAX@std@@@2@QAU32@@Z 0040a000 f i read.obj
 0001:00009210       ?_Lock@?$basic_filebuf@DU?$char_traits@D@std@@@std@@UAEXXZ 0040a210 f i read.obj
 0001:00009220       ?_Reset_back@?$basic_filebuf@DU?$char_traits@D@std@@@std@@AAEXXZ 0040a220 f i read.obj
 0001:00009250       ?_Throw_bad_cast@std@@YAXXZ 0040a250 f i read.obj
 0001:00009270       ?_Unlock@?$basic_filebuf@DU?$char_traits@D@std@@@std@@UAEXXZ 0040a270 f i read.obj
 0001:00009280       ?add@Scene@@QAEXPAVGeometry@@@Z 0040a280 f i read.obj
 0001:00009320       ?add@Scene@@QAEXPAVLight@@@Z 0040a320 f i read.obj
 0001:000093b0       ?createChild@TransformNode@@QAEPAV1@ABVmat4f@@@Z 0040a3b0 f i read.obj
 0001:00009480       ?find@?$_Tree@V?$_Tmap_traits@V?$basic_string@DU?$char_traits@D@std@@V?$allocator@D@2@@std@@PAVMaterial@@U?$less@V?$basic_string@DU?$char_traits@D@std@@V?$allocator@D@2@@std@@@2@V?$allocator@U?$pair@$$CBV?$basic_string@DU?$char_traits@D@std@@V?$allocator@D@2@@std@@PAVMaterial@@@std@@@2@$0A@@std@@@std@@QBE?AV?$_Tree_const_iterator@V?$_Tree_val@U?$_Tree_simple_types@U?$pair@$$CBV?$basic_string@DU?$char_traits@D@std@@V?$allocator@D@2@@std@@PAVMaterial@@@std@@@std@@@std@@@2@ABV?$basic_string@DU?$char_traits@D@std@@V?$allocator@D@2@@2@@Z 0040a480 f i read.obj
 0001:000094f0       ?find@?$_Tree@V?$_Tmap_traits@V?$basic_string@DU?$char_traits@D@std@@V?$allocator@D@2@@std@@PAVObj@@U?$less@V?$basic_string@DU?$char_traits@D@std@@V?$allocator@D@2@@std@@@2@V?$allocator@U?$pair@$$CBV?$basic_string@DU?$char_traits@D@std@@V?$allocator@D@2@@std@@PAVObj@@@std@@@2@$0A@@std@@@std@@QBE?AV?$_Tree_const_iterator@V?$_Tree_val@U?$_Tree_simple_types@U?$pair@$$CBV?$basic_string@DU?$char_traits@D@std@@V?$allocator@D@2@@std@@PAVObj@@@std@@@std@@@std@@@2@ABV?$basic_string@DU?$char_traits@D@std@@V?$allocator@D@2@@2@@Z 0040a4f0 f i read.obj
 0001:00009950       ?getMaterial@MaterialSceneObject@@UBEABVMaterial@@XZ 0040a950 f i read.obj
 0001:00009960       ?hasBoundingBoxCapability@Box@@UBE_NXZ 0040a960 f i read.obj
 0001:00009970       ?hasBoundingBoxCapability@Cone@@UBE_NXZ 0040a970 f i read.obj
 0001:00009980       ?hasBoundingBoxCapability@Cylinder@@UBE_NXZ 0040a980 f i read.obj
 0001:00009990       ?hasBoundingBoxCapability@Sphere@@UBE_NXZ 0040a990 f i read.obj
 0001:000099a0       ?hasBoundingBoxCapability@Square@@UBE_NXZ 0040a9a0 f i read.obj
 0001:000099b0       ?imbue@?$basic_filebuf@DU?$char_traits@D@std@@@std@@MAEXABVlocale@2@@Z 0040a9b0 f i read.obj
 0001:00009ab0       ?overflow@?$basic_filebuf@DU?$char_traits@D@std@@@std@@MAEHH@Z 0040aab0 f i read.obj
 0001:00009c30       ?overflow@strstreambuf@std@@MAEHH@Z 0040ac30 f i read.obj
 0001:00009d90       ?pbackfail@?$basic_filebuf@DU?$char_traits@D@std@@@std@@MAEHH@Z 0040ad90 f i read.obj
 0001:00009e40       ?pbackfail@strstreambuf@std@@MAEHH@Z 0040ae40 f i read.obj
 0001:0000e050       ?readScene@@YAPAVScene@@AAV?$basic_istream@DU?$char_traits@D@std@@@std@@@Z 0040f050 f   read.obj
 0001:0000e2d0       ?readScene@@YAPAVScene@@ABV?$basic_string@DU?$char_traits@D@std@@V?$allocator@D@2@@std@@@Z 0040f2d0 f   read.obj
 0001:0000e490       ?seekoff@?$basic_filebuf@DU?$char_traits@D@std@@@std@@MAE?AV?$fpos@U_Mbstatet@@@2@_JHH@Z 0040f490 f i read.obj
 0001:0000e570       ?seekoff@strstreambuf@std@@MAE?AV?$fpos@U_Mbstatet@@@2@_JHH@Z 0040f570 f i read.obj
 0001:0000e720       ?seekpos@?$basic_filebuf@DU?$char_traits@D@std@@@std@@MAE?AV?$fpos@U_Mbstatet@@@2@V32@H@Z 0040f720 f i read.obj
 0001:0000e7f0       ?seekpos@strstreambuf@std@@MAE?AV?$fpos@U_Mbstatet@@@2@V32@H@Z 0040f7f0 f i read.obj
 0001:0000e8c0       ?setMaterial@MaterialSceneObject@@UAEXPAVMaterial@@@Z 0040f8c0 f i read.obj
 0001:0000e8d0       ?setbuf@?$basic_filebuf@DU?$char_traits@D@std@@@std@@MAEPAV?$basic_streambuf@DU?$char_traits@D@std@@@2@PAD_J@Z 0040f8d0 f i read.obj
 0001:0000e9a0       ?size@?$vector@PAVObj@@V?$allocator@PAVObj@@@std@@@std@@QBEIXZ 0040f9a0 f i read.obj
 0001:0000e9b0       ?str@ostrstream@std@@QAEPADXZ 0040f9b0 f i read.obj
 0001:0000e9f0       ?sync@?$basic_filebuf@DU?$char_traits@D@std@@@std@@MAEHXZ 0040f9f0 f i read.obj
 0001:0000ea90       ?uflow@?$basic_filebuf@DU?$char_traits@D@std@@@std@@MAEHXZ 0040fa90 f i read.obj
 0001:0000edc0       ?underflow@?$basic_filebuf@DU?$char_traits@D@std@@@std@@MAEHXZ 0040fdc0 f i read.obj
 0001:0000ee00       ?underflow@strstreambuf@std@@MAEHXZ 0040fe00 f i read.obj
 0001:0000ef30       ?xsgetn@?$basic_filebuf@DU?$char_traits@D@std@@@std@@MAE_JPAD_J@Z 0040ff30 f i read.obj
 0001:0000f060       ?xsputn@?$basic_filebuf@DU?$char_traits@D@std@@@std@@MAE_JPBD_J@Z 00410060 f i read.obj
 0001:0000f140       ?inverse@mat3f@@QBE?AV1@XZ 00410140 f   vecmath.obj
 0001:0000f4e0       ?inverse@mat4f@@QBE?AV1@XZ 004104e0 f   vecmath.obj
 0001:0000f960       ??0Camera@@QAE@XZ          00410960 f   camera.obj
 0001:0000f9e0       ?rayThrough@Camera@@QAEXNNAAVray@@@Z 004109e0 f   camera.obj
 0001:0000faf0       ?setAspectRatio@Camera@@QAEXN@Z 00410af0 f   camera.obj
 0001:0000fc80       ?setEye@Camera@@QAEXABVvec3f@@@Z 00410c80 f   camera.obj
 0001:0000fcb0       ?setFOV@Camera@@QAEXN@Z    00410cb0 f   camera.obj
 0001:0000fe60       ?setLook@Camera@@QAEXABVvec3f@@0@Z 00410e60 f   camera.obj
 0001:000100d0       ?setLook@Camera@@QAEXNNNN@Z 004110d0 f   camera.obj
 0001:00010390       ?update@Camera@@AAEXXZ     00411390 f   camera.obj
 0001:00010520       ?distanceAttenuation@DirectionalLight@@UBENABVvec3f@@@Z 00411520 f   light.obj
 0001:00010530       ?distanceAttenuation@PointLight@@UBENABVvec3f@@@Z 00411530 f   light.obj
 0001:000105d0       ?getColor@DirectionalLight@@UBE?AVvec3f@@ABV2@@Z 004115d0 f   light.obj
 0001:000105f0       ?getColor@PointLight@@UBE?AVvec3f@@ABV2@@Z 004115f0 f   light.obj
 0001:00010610       ?getDirection@DirectionalLight@@UBE?AVvec3f@@ABV2@@Z 00411610 f   light.obj
 0001:00010640       ?getDirection@PointLight@@UBE?AVvec3f@@ABV2@@Z 00411640 f   light.obj
 0001:000106e0       ?shadowAttenuation@DirectionalLight@@UBE?AVvec3f@@ABV2@@Z 004116e0 f   light.obj
 0001:00010940       ?shadowAttenuation@PointLight@@UBE?AVvec3f@@ABV2@@Z 00411940 f   light.obj
 0001:00010c90       ?shade@Material@@UBE?AVvec3f@@PAVScene@@ABVray@@ABVisect@@@Z 00411c90 f   material.obj
 0001:000110a0       ?getMaterial@isect@@QBEABVMaterial@@XZ 004120a0 f   ray.obj
 0001:000110b0       ??1Scene@@UAE@XZ           004120b0 f   scene.obj
 0001:00011240       ??4BoundingBox@@QAEXABV0@@Z 00412240 f   scene.obj
 0001:00011290       ?hasBoundingBoxCapability@Geometry@@UBE_NXZ 00412290 f   scene.obj
 0001:000112a0       ?initScene@Scene@@QAEXXZ   004122a0 f   scene.obj
 0001:000114d0       ?intersect@BoundingBox@@QBE_NABVray@@AAN1@Z 004124d0 f   scene.obj
 0001:000115f0       ?intersect@Geometry@@UBE_NABVray@@AAVisect@@@Z 004125f0 f   scene.obj
 0001:00011950       ?intersect@Scene@@QBE_NABVray@@AAVisect@@@Z 00412950 f   scene.obj
 0001:00011f30       ?intersectLocal@Geometry@@UBE_NABVray@@AAVisect@@@Z 00412f30 f   scene.obj
 0001:00011f40       ?intersects@BoundingBox@@QBE_NABV1@@Z 00412f40 f   scene.obj
 0001:00011fd0       ?intersects@BoundingBox@@QBE_NABVvec3f@@@Z 00412fd0 f   scene.obj
 0001:00012050       ?intersectLocal@Box@@UBE_NABVray@@AAVisect@@@Z 00413050 f   Box.obj
 0001:00012210       ?intersectBody@Cone@@QBE_NABVray@@AAVisect@@@Z 00413210 f   Cone.obj
 0001:000125e0       ?intersectCaps@Cone@@QBE_NABVray@@AAVisect@@@Z 004135e0 f   Cone.obj
 0001:00012770       ?intersectLocal@Cone@@UBE_NABVray@@AAVisect@@@Z 00413770 f   Cone.obj
 0001:00012bf0       ?intersectBody@Cylinder@@QBE_NABVray@@AAVisect@@@Z 00413bf0 f   Cylinder.obj
 0001:00012ef0       ?intersectCaps@Cylinder@@QBE_NABVray@@AAVisect@@@Z 00413ef0 f   Cylinder.obj
 0001:00013010       ?intersectLocal@Cylinder@@UBE_NABVray@@AAVisect@@@Z 00414010 f   Cylinder.obj
 0001:00013430       ?intersectLocal@Sphere@@UBE_NABVray@@AAVisect@@@Z 00414430 f   Sphere.obj
 0001:00013640       ?intersectLocal@Square@@UBE_NABVray@@AAVisect@@@Z 00414640 f   Square.obj
 0001:00013710       ??$_Copy_memmove@PAPAVMaterial@@PAPAV1@@std@@YAPAPAVMaterial@@PAPAV1@00@Z 00414710 f i trimesh.obj
 0001:00013740       ??$_Copy_memmove@PAPAVTrimeshFace@@PAPAV1@@std@@YAPAPAVTrimeshFace@@PAPAV1@00@Z 00414740 f i trimesh.obj
 0001:00013770       ??$_Emplace_reallocate@ABQAVMaterial@@@?$vector@PAVMaterial@@V?$allocator@PAVMaterial@@@std@@@std@@QAEPAPAVMaterial@@QAPAV2@ABQAV2@@Z 00414770 f i trimesh.obj
 0001:000138d0       ??$_Emplace_reallocate@ABQAVTrimeshFace@@@?$vector@PAVTrimeshFace@@V?$allocator@PAVTrimeshFace@@@std@@@std@@QAEPAPAVTrimeshFace@@QAPAV2@ABQAV2@@Z 004148d0 f i trimesh.obj
 0001:00013a30       ??$_Emplace_reallocate@ABVvec3f@@@?$vector@Vvec3f@@V?$allocator@Vvec3f@@@std@@@std@@QAEPAVvec3f@@QAV2@ABV2@@Z 00414a30 f i trimesh.obj
 0001:00013b40       ??$_Resize_reallocate@U_Value_init_tag@std@@@?$vector@Vvec3f@@V?$allocator@Vvec3f@@@std@@@std@@AAEXIABU_Value_init_tag@1@@Z 00414b40 f i trimesh.obj
 0001:00013c30       ??0Material@@QAE@ABV0@@Z   00414c30 f i trimesh.obj
 0001:00013d30       ??1?$vector@Vvec3f@@V?$allocator@Vvec3f@@@std@@@std@@QAE@XZ 00414d30 f i trimesh.obj
 0001:00013da0       ??1Trimesh@@UAE@XZ         00414da0 f   trimesh.obj
 0001:00013ea0       ??_ETrimeshFace@@UAEPAXI@Z 00414ea0 f i trimesh.obj
 0001:00013ea0       ??_GTrimeshFace@@UAEPAXI@Z 00414ea0 f i trimesh.obj
 0001:00013ee0       ?ComputeLocalBoundingBox@TrimeshFace@@UAE?AVBoundingBox@@XZ 00414ee0 f i trimesh.obj
 0001:00014000       ?_Change_array@?$vector@Vvec3f@@V?$allocator@Vvec3f@@@std@@@std@@AAEXQAVvec3f@@II@Z 00415000 f i trimesh.obj
 0001:00014080       ?_Umove@?$vector@Vvec3f@@V?$allocator@Vvec3f@@@std@@@std@@AAEPAVvec3f@@PAV3@00@Z 00415080 f i trimesh.obj
 0001:000140e0       ?_Umove_if_noexcept@?$vector@Vvec3f@@V?$allocator@Vvec3f@@@std@@@std@@AAEXPAVvec3f@@00@Z 004150e0 f i trimesh.obj
 0001:00014130       ?_Xlength@?$vector@PAVMaterial@@V?$allocator@PAVMaterial@@@std@@@std@@CAXXZ 00415130 f i trimesh.obj
 0001:00014140       ?_Xlength@?$vector@PAVTrimeshFace@@V?$allocator@PAVTrimeshFace@@@std@@@std@@CAXXZ 00415140 f i trimesh.obj
 0001:00014150       ?_Xlength@?$vector@Vvec3f@@V?$allocator@Vvec3f@@@std@@@std@@CAXXZ 00415150 f i trimesh.obj
 0001:00014160       ?addFace@Trimesh@@QAE_NHHH@Z 00415160 f   trimesh.obj
 0001:00014300       ?addMaterial@Trimesh@@QAEXPAVMaterial@@@Z 00415300 f   trimesh.obj
 0001:00014330       ?addNormal@Trimesh@@QAEXABVvec3f@@@Z 00415330 f   trimesh.obj
 0001:00014380       ?addVertex@Trimesh@@QAEXABVvec3f@@@Z 00415380 f   trimesh.obj
 0001:000143d0       ?allocate@?$allocator@Vvec3f@@@std@@QAEPAVvec3f@@I@Z 004153d0 f i trimesh.obj
 0001:00014430       ?doubleCheck@Trimesh@@QAEPADXZ 00415430 f   trimesh.obj
 0001:000144b0       ?generateNormals@Trimesh@@QAEXXZ 004154b0 f   trimesh.obj
 0001:000147b0       ?hasBoundingBoxCapability@TrimeshFace@@UBE_NXZ 004157b0 f i trimesh.obj
 0001:000147c0       ?intersectLocal@TrimeshFace@@UBE_NABVray@@AAVisect@@@Z 004157c0 f   trimesh.obj
 0001:00015160       ?visual@Fl@@SAHH@Z         00416160 f   fltk:Fl_visual.obj
 0001:000151c0       ?option@Fl@@SA_NW4Fl_Option@1@@Z 004161c0 f   fltk:Fl.obj
 0001:00015450       ?option@Fl@@SAXW4Fl_Option@1@_N@Z 00416450 f   fltk:Fl.obj
 0001:00015490       ?version@Fl@@SANXZ         00416490 f   fltk:Fl.obj
 0001:000154a0       ?scrollbar_size@Fl@@SAHXZ  004164a0 f   fltk:Fl.obj
 0001:000154b0       ?scrollbar_size@Fl@@SAXH@Z 004164b0 f   fltk:Fl.obj
 0001:000154c0       ?wait@Fl@@SAHXZ            004164c0 f   fltk:Fl.obj
 0001:00015510       ?wait@Fl@@SANN@Z           00416510 f   fltk:Fl.obj
 0001:00015540       ?check@Fl@@SAHXZ           00416540 f   fltk:Fl.obj
 0001:00015580       ?ready@Fl@@SAHXZ           00416580 f   fltk:Fl.obj
 0001:00015590       ?run@Fl@@SAHXZ             00416590 f   fltk:Fl.obj
 0001:000155c0       ?add_timeout@Fl@@SAXNP6AXPAX@Z0@Z 004165c0 f   fltk:Fl.obj
 0001:000155f0       ?repeat_timeout@Fl@@SAXNP6AXPAX@Z0@Z 004165f0 f   fltk:Fl.obj
 0001:000157a0       ?has_timeout@Fl@@SAHP6AXPAX@Z0@Z 004167a0 f   fltk:Fl.obj
 0001:00015800       ?remove_timeout@Fl@@SAXP6AXPAX@Z0@Z 00416800 f   fltk:Fl.obj
 0001:00015870       ?add_check@Fl@@SAXP6AXPAX@Z0@Z 00416870 f   fltk:Fl.obj
 0001:000158f0       ?has_check@Fl@@SAHP6AXPAX@Z0@Z 004168f0 f   fltk:Fl.obj
 0001:00015940       ?remove_check@Fl@@SAXP6AXPAX@Z0@Z 00416940 f   fltk:Fl.obj
 0001:000159c0       ?add_fd@Fl@@SAXHHP6AXHPAX@Z0@Z 004169c0 f   fltk:Fl.obj
 0001:00015c90       ?add_fd@Fl@@SAXHP6AXHPAX@Z0@Z 00416c90 f   fltk:Fl.obj
 0001:00015cb0       ?remove_fd@Fl@@SAXHH@Z     00416cb0 f   fltk:Fl.obj
 0001:00015fb0       ?remove_fd@Fl@@SAXH@Z      00416fb0 f   fltk:Fl.obj
 0001:00015fd0       ?redraw@Fl@@SAXXZ          00416fd0 f   fltk:Fl.obj
 0001:00016000       ?flush@Fl@@SAXXZ           00417000 f   fltk:Fl.obj
 0001:000160d0       ?first_window@Fl@@SAPAVFl_Window@@XZ 004170d0 f   fltk:Fl.obj
 0001:00016100       ?first_window@Fl@@SAXPAVFl_Window@@@Z 00417100 f   fltk:Fl.obj
 0001:00016150       ?next_window@Fl@@SAPAVFl_Window@@PBV2@@Z 00417150 f   fltk:Fl.obj
 0001:00016190       ?get_mouse@Fl@@SAXAAH0@Z   00417190 f   fltk:Fl.obj
 0001:000161c0       ?event_inside@Fl@@SAHHHHH@Z 004171c0 f   fltk:Fl.obj
 0001:00016210       ?event_inside@Fl@@SAHPBVFl_Widget@@@Z 00417210 f   fltk:Fl.obj
 0001:00016290       ?enable_im@Fl@@SAXXZ       00417290 f   fltk:Fl.obj
 0001:000162d0       ?disable_im@Fl@@SAXXZ      004172d0 f   fltk:Fl.obj
 0001:00016310       ?handle@Fl@@SAHHPAVFl_Window@@@Z 00417310 f   fltk:Fl.obj
 0001:00016350       ?handle_@Fl@@SAHHPAVFl_Window@@@Z 00417350 f   fltk:Fl.obj
 0001:00016a30       ?belowmouse@Fl@@SAXPAVFl_Widget@@@Z 00417a30 f   fltk:Fl.obj
 0001:00016ad0       ?pushed@Fl@@SAXPAVFl_Widget@@@Z 00417ad0 f   fltk:Fl.obj
 0001:00016ae0       ?focus@Fl@@SAXPAVFl_Widget@@@Z 00417ae0 f   fltk:Fl.obj
 0001:00016be0       ?add_handler@Fl@@SAXP6AHH@Z@Z 00417be0 f   fltk:Fl.obj
 0001:00016c20       ?remove_handler@Fl@@SAXP6AHH@Z@Z 00417c20 f   fltk:Fl.obj
 0001:00016ca0       ?add_system_handler@Fl@@SAXP6AHPAX0@Z0@Z 00417ca0 f   fltk:Fl.obj
 0001:00016cf0       ?remove_system_handler@Fl@@SAXP6AHPAX0@Z@Z 00417cf0 f   fltk:Fl.obj
 0001:00016d70       ?event_dispatch@Fl@@SAXP6AHHPAVFl_Window@@@Z@Z 00417d70 f   fltk:Fl.obj
 0001:00016d80       ?event_dispatch@Fl@@SAP6AHHPAVFl_Window@@@ZXZ 00417d80 f   fltk:Fl.obj
 0001:00016d90       ?copy@Fl@@SAXPBDHH0@Z      00417d90 f   fltk:Fl.obj
 0001:00016ec0       ?copy@Fl@@SAXPBDHH@Z       00417ec0 f   fltk:Fl.obj
 0001:00016ee0       ?paste@Fl@@SAXAAVFl_Widget@@HPBD@Z 00417ee0 f   fltk:Fl.obj
 0001:00017bd0       ?paste@Fl@@SAXAAVFl_Widget@@H@Z 00418bd0 f   fltk:Fl.obj
 0001:00017bf0       ?add_clipboard_notify@Fl@@SAXP6AXHPAX@Z0@Z 00418bf0 f   fltk:Fl.obj
 0001:00017c50       ?remove_clipboard_notify@Fl@@SAXP6AXHPAX@Z@Z 00418c50 f   fltk:Fl.obj
 0001:00017cc0       ?clipboard_contains@Fl@@SAHPBD@Z 00418cc0 f   fltk:Fl.obj
 0001:00017d70       ?selection_owner@Fl@@SAXPAVFl_Widget@@@Z 00418d70 f   fltk:Fl.obj
 0001:00017d80       ?selection@Fl@@SAXAAVFl_Widget@@PBDH@Z 00418d80 f   fltk:Fl.obj
 0001:00017da0       ?paste@Fl@@SAXAAVFl_Widget@@@Z 00418da0 f   fltk:Fl.obj
 0001:00017dc0       ?x@Fl@@SAHXZ               00418dc0 f   fltk:Fl.obj
 0001:00017e00       ?y@Fl@@SAHXZ               00418e00 f   fltk:Fl.obj
 0001:00017e40       ?w@Fl@@SAHXZ               00418e40 f   fltk:Fl.obj
 0001:00017e80       ?h@Fl@@SAHXZ               00418e80 f   fltk:Fl.obj
 0001:00017ec0       ?thread_message@Fl@@SAPAXXZ 00418ec0 f   fltk:Fl.obj
 0001:00017ee0       ?delete_widget@Fl@@SAXPAVFl_Widget@@@Z 00418ee0 f   fltk:Fl.obj
 0001:00017fe0       ?do_widget_deletion@Fl@@SAXXZ 00418fe0 f   fltk:Fl.obj
 0001:00018060       ?watch_widget_pointer@Fl@@SAXAAPAVFl_Widget@@@Z 00419060 f   fltk:Fl.obj
 0001:00018100       ?release_widget_pointer@Fl@@SAXAAPAVFl_Widget@@@Z 00419100 f   fltk:Fl.obj
 0001:00018180       ?clear_widget_pointer@Fl@@SAXPBVFl_Widget@@@Z 00419180 f   fltk:Fl.obj
 0001:000181f0       ??0Fl_Widget_Tracker@@QAE@PAVFl_Widget@@@Z 004191f0 f   fltk:Fl.obj
 0001:00018220       ??1Fl_Widget_Tracker@@QAE@XZ 00419220 f   fltk:Fl.obj
 0001:00018270       ?redraw@Fl_Widget@@QAEXXZ  00419270 f   fltk:Fl.obj
 0001:00018290       ?redraw_label@Fl_Widget@@QAEXXZ 00419290 f   fltk:Fl.obj
 0001:00018890       ?damage@Fl_Widget@@QAEXE@Z 00419890 f   fltk:Fl.obj
 0001:00018950       ?damage@Fl_Widget@@QAEXEHHHH@Z 00419950 f   fltk:Fl.obj
 0001:00018b40       ?size_range_@Fl_Window@@AAEXXZ 00419b40 f   fltk:Fl.obj
 0001:00018b60       ?fullscreen_x@Fl_Window@@AAEXXZ 00419b60 f   fltk:Fl.obj
 0001:00018bd0       ?fullscreen_off_x@Fl_Window@@AAEXHHHH@Z 00419bd0 f   fltk:Fl.obj
 0001:00018db0       ?flush@Fl_Window@@MAEXXZ   00419db0 f   fltk:Fl.obj
 0001:00018e20       ?handle@Fl_Window@@UAEHH@Z 00419e20 f   fltk:Fl.obj
 0001:00018f90       ?resize@Fl_Window@@UAEXHHHH@Z 00419f90 f   fltk:Fl.obj
 0001:00019270       ?label@Fl_Window@@QAEXPBD0@Z 0041a270 f   fltk:Fl.obj
 0001:00019360       ?default_icons@Fl_Window@@SAXPAUHICON__@@0@Z 0041a360 f   fltk:Fl.obj
 0001:00019380       ?icons@Fl_Window@@QAEXPAUHICON__@@0@Z 0041a380 f   fltk:Fl.obj
 0001:000193e0       ?show@Fl_Window@@UAEXXZ    0041a3e0 f   fltk:Fl.obj
 0001:000194a0       ?hide@Fl_Window@@UAEXXZ    0041a4a0 f   fltk:Fl.obj
 0001:00019900       ?make_current@Fl_Window@@QAEXXZ 0041a900 f   fltk:Fl.obj
 0001:00019960       ?decorated_w@Fl_Window@@QAEHXZ 0041a960 f   fltk:Fl.obj
 0001:00019a30       ?decorated_h@Fl_Window@@QAEHXZ 0041aa30 f   fltk:Fl.obj
 0001:00019b00       ?XRectangleRegion@@YAPAUHRGN__@@HHHH@Z 0041ab00 f   fltk:Fl.obj
 0001:00019bb0       ?fake_X_wm@Fl_X@@SAHPBVFl_Window@@AAH1111@Z 0041abb0 f   fltk:Fl.obj
 0001:0001a2e0       ?make_fullscreen@Fl_X@@QAEXHHHH@Z 0041b2e0 f   fltk:Fl.obj
 0001:0001a440       ?set_minmax@Fl_X@@QAEXPAUtagMINMAXINFO@@@Z 0041b440 f   fltk:Fl.obj
 0001:0001a530       ?set_default_icons@Fl_X@@SAXQAPBVFl_RGB_Image@@H@Z 0041b530 f   fltk:Fl.obj
 0001:0001a5f0       ?set_default_icons@Fl_X@@SAXPAUHICON__@@0@Z 0041b5f0 f   fltk:Fl.obj
 0001:0001a660       ?set_icons@Fl_X@@QAEXXZ    0041b660 f   fltk:Fl.obj
 0001:0001a800       ?set_cursor@Fl_X@@QAEHW4Fl_Cursor@@@Z 0041b800 f   fltk:Fl.obj
 0001:0001a990       ?set_cursor@Fl_X@@QAEHPBVFl_RGB_Image@@HH@Z 0041b990 f   fltk:Fl.obj
 0001:0001aa10       ?make@Fl_X@@SAPAV1@PAVFl_Window@@@Z 0041ba10 f   fltk:Fl.obj
 0001:0001b6b0       ?fl_release_dc@@YAXPAUHWND__@@PAUHDC__@@@Z 0041c6b0 f   fltk:Fl.obj
 0001:0001b750       ?fl_save_dc@@YAXPAUHWND__@@PAUHDC__@@@Z 0041c750 f   fltk:Fl.obj
 0001:0001b7c0       ?fl_open_display@@YAXXZ    0041c7c0 f   fltk:Fl.obj
 0001:0001b7f0       ?fl_find@@YAPAVFl_Window@@PAUHWND__@@@Z 0041c7f0 f   fltk:Fl.obj
 0001:0001b870       ?fl_GetDC@@YAPAUHDC__@@PAUHWND__@@@Z 0041c870 f   fltk:Fl.obj
 0001:0001b910       ?fl_free_fonts@@YAXXZ      0041c910 f   fltk:Fl.obj
 0001:0001b9d0       ?fl_cleanup_dc_list@@YAXXZ 0041c9d0 f   fltk:Fl.obj
 0001:0001baa0       ?fl_clipboard_notify_change@@YAXXZ 0041caa0 f   fltk:Fl.obj
 0001:0001bb20       ?fl_clipboard_notify_empty@@YA_NXZ 0041cb20 f   fltk:Fl.obj
 0001:0001bb50       ?fl_trigger_clipboard_notify@@YAXH@Z 0041cb50 f   fltk:Fl.obj
 0001:0001bb90       ?fl_ready@@YAHXZ           0041cb90 f   fltk:Fl.obj
 0001:0001bc70       ?fl_wait@@YAHN@Z           0041cc70 f   fltk:Fl.obj
 0001:0001c080       ?fl_send_system_handlers@@YAHPAX@Z 0041d080 f   fltk:Fl.obj
 0001:0001c0e0       ?fl_fix_focus@@YAXXZ       0041d0e0 f   fltk:Fl.obj
 0001:0001c2c0       ?fl_throw_focus@@YAXPAVFl_Widget@@@Z 0041d2c0 f   fltk:Fl.obj
 0001:0001c490       ?fl_clipboard_notify_retarget@@YAXPAUHWND__@@@Z 0041d490 f   fltk:Fl.obj
 0001:0001c4f0       ?fl_update_clipboard@@YAXXZ 0041d4f0 f   fltk:Fl.obj
 0001:0001c600       ?fl_set_status@@YAXHHHH@Z  0041d600 f   fltk:Fl.obj
 0001:0001c610       ?fl_set_spot@@YAXHHHHHHPAVFl_Window@@@Z 0041d610 f   fltk:Fl.obj
 0001:0001c770       ?fl_reset_spot@@YAXXZ      0041d770 f   fltk:Fl.obj
 0001:0001c780       ?print_window@Fl_Paged_Device@@QAEXPAVFl_Window@@HH@Z 0041d780 f   fltk:Fl.obj
 0001:0001cdb0       ?fl_get_lcid_codepage@@YAIK@Z 0041ddb0 f   fltk:Fl.obj
 0001:0001ce10       ?fl_get_codepage@@YAXXZ    0041de10 f   fltk:Fl.obj
 0001:0001e3d0       ?fl_filename_name@@YAPBDPBD@Z 0041f3d0 f   fltk:Fl.obj
 0001:0001e9d0       ?fl_xid_@@YAPAUHWND__@@PBVFl_Window@@@Z 0041f9d0 f   fltk:Fl.obj
 0001:0001ea00       ??0Lf2CrlfConvert@@QAE@PBDH@Z 0041fa00 f i fltk:Fl.obj
 0001:0001ebc0       ??1Fl_Win32_At_Exit@@QAE@XZ 0041fbc0 f i fltk:Fl.obj
 0001:0001ec30       ??1Lf2CrlfConvert@@QAE@XZ  0041fc30 f i fltk:Fl.obj
 0001:0001ec60       ??1NameList@@QAE@XZ        0041fc60 f i fltk:Fl.obj
 0001:0001ecc0       ??_GFl_Device@@UAEPAXI@Z   0041fcc0 f i fltk:Fl.obj
 0001:0001ecc0       ??_EFl_Device@@UAEPAXI@Z   0041fcc0 f i fltk:Fl.obj
 0001:0001ecf0       ??_EFl_GDI_Graphics_Driver@@UAEPAXI@Z 0041fcf0 f i fltk:Fl.obj
 0001:0001ecf0       ??_GFl_GDI_Graphics_Driver@@UAEPAXI@Z 0041fcf0 f i fltk:Fl.obj
 0001:0001ed50       ??_EFl_Graphics_Driver@@UAEPAXI@Z 0041fd50 f i fltk:Fl.obj
 0001:0001ed50       ??_GFl_Graphics_Driver@@UAEPAXI@Z 0041fd50 f i fltk:Fl.obj
 0001:0001edb0       ??_GFl_Image@@UAEPAXI@Z    0041fdb0 f i fltk:Fl.obj
 0001:0001edb0       ??_EFl_Image@@UAEPAXI@Z    0041fdb0 f i fltk:Fl.obj
 0001:0001ede0       ??_EFl_RGB_Image@@UAEPAXI@Z 0041fde0 f i fltk:Fl.obj
 0001:0001ede0       ??_GFl_RGB_Image@@UAEPAXI@Z 0041fde0 f i fltk:Fl.obj
 0001:0001ee10       ??_EFl_Surface_Device@@UAEPAXI@Z 0041fe10 f i fltk:Fl.obj
 0001:0001ee10       ??_GFl_Surface_Device@@UAEPAXI@Z 0041fe10 f i fltk:Fl.obj
 0001:0001ee50       ?add_name@NameList@@QAEXPBD@Z 0041fe50 f i fltk:Fl.obj
 0001:0001eed0       ?class_name@Fl_Device@@UAEPBDXZ 0041fed0 f i fltk:Fl.obj
 0001:0001eee0       ?class_name@Fl_GDI_Graphics_Driver@@UAEPBDXZ 0041fee0 f i fltk:Fl.obj
 0001:0001eef0       ?class_name@Fl_Graphics_Driver@@UAEPBDXZ 0041fef0 f i fltk:Fl.obj
 0001:0001ef00       ?class_name@Fl_Surface_Device@@UAEPBDXZ 0041ff00 f i fltk:Fl.obj
 0001:0001ef10       ?color@Fl_Graphics_Driver@@MAEXEEE@Z 0041ff10 f i fltk:Fl.obj
 0001:0001ef20       ?color@Fl_Graphics_Driver@@MAEXI@Z 0041ff20 f i fltk:Fl.obj
 0001:0001ef40       ?descent@Fl_Graphics_Driver@@UAEHXZ 0041ff40 f i fltk:Fl.obj
 0001:0001ef50       ?draw@Fl_Graphics_Driver@@MAEXHPBDHHH@Z 0041ff50 f i fltk:Fl.obj
 0001:0001ef60       ?draw@Fl_Graphics_Driver@@MAEXPAVFl_Bitmap@@HHHHHH@Z 0041ff60 f i fltk:Fl.obj
 0001:0001ef70       ?draw@Fl_Graphics_Driver@@MAEXPAVFl_Pixmap@@HHHHHH@Z 0041ff70 f i fltk:Fl.obj
 0001:0001ef80       ?draw@Fl_Graphics_Driver@@MAEXPAVFl_RGB_Image@@HHHHHH@Z 0041ff80 f i fltk:Fl.obj
 0001:0001ef90       ?draw@Fl_Graphics_Driver@@MAEXPBDHHH@Z 0041ff90 f i fltk:Fl.obj
 0001:0001efa0       ?draw_image@Fl_Graphics_Driver@@MAEXP6AXPAXHHHPAE@Z0HHHHH@Z 0041ffa0 f i fltk:Fl.obj
 0001:0001efb0       ?draw_image@Fl_Graphics_Driver@@MAEXPBEHHHHHH@Z 0041ffb0 f i fltk:Fl.obj
 0001:0001efc0       ?draw_image_mono@Fl_Graphics_Driver@@MAEXP6AXPAXHHHPAE@Z0HHHHH@Z 0041ffc0 f i fltk:Fl.obj
 0001:0001efd0       ?draw_image_mono@Fl_Graphics_Driver@@MAEXPBEHHHHHH@Z 0041ffd0 f i fltk:Fl.obj
 0001:0001efe0       ?font@Fl_Graphics_Driver@@UAEXHH@Z 0041ffe0 f i fltk:Fl.obj
 0001:0001f000       ?height@Fl_Graphics_Driver@@UAEHXZ 00420000 f i fltk:Fl.obj
 0001:0001f020       ?rtl_draw@Fl_Graphics_Driver@@MAEXPBDHHH@Z 00420020 f i fltk:Fl.obj
 0001:0001f030       ?width@Fl_Graphics_Driver@@UAENI@Z 00420030 f i fltk:Fl.obj
 0001:0001f060       ?width@Fl_Graphics_Driver@@UAENPBDH@Z 00420060 f i fltk:Fl.obj
 0001:0001f070       ?fl_beep@@YAXH@Z           00420070 f   fltk:fl_ask.obj
 0001:0001f0e0       ?fl_message@@YAXPBDZZ      004200e0 f   fltk:fl_ask.obj
 0001:0001f140       ?fl_alert@@YAXPBDZZ        00420140 f   fltk:fl_ask.obj
 0001:0001f1a0       ?fl_ask@@YAHPBDZZ          004201a0 f   fltk:fl_ask.obj
 0001:0001f1f0       ?fl_choice@@YAHPBD000ZZ    004201f0 f   fltk:fl_ask.obj
 0001:0001f240       ?fl_input@@YAPBDPBD0ZZ     00420240 f   fltk:fl_ask.obj
 0001:0001f290       ?fl_password@@YAPBDPBD0ZZ  00420290 f   fltk:fl_ask.obj
 0001:0001f2e0       ?fl_message_icon@@YAPAVFl_Widget@@XZ 004202e0 f   fltk:fl_ask.obj
 0001:0001f2f0       ?fl_message_hotspot@@YAXH@Z 004202f0 f   fltk:fl_ask.obj
 0001:0001f320       ?fl_message_hotspot@@YAHXZ 00420320 f   fltk:fl_ask.obj
 0001:0001f330       ?fl_message_title@@YAXPBD@Z 00420330 f   fltk:fl_ask.obj
 0001:0001f350       ?fl_message_title_default@@YAXPBD@Z 00420350 f   fltk:fl_ask.obj
 0001:000201d0       ??$__vcrt_va_start_verify_argument_type@PBD@@YAXXZ 004211d0 f i fltk:fl_ask.obj
 0001:000201e0       ?default_atclose@Fl@@SAXPAVFl_Window@@PAX@Z 004211e0 f   fltk:Fl_Window.obj
 0001:00020210       ?window@Fl_Widget@@QBEPAVFl_Window@@XZ 00421210 f   fltk:Fl_Window.obj
 0001:00020260       ?top_window@Fl_Widget@@QBEPAVFl_Window@@XZ 00421260 f   fltk:Fl_Window.obj
 0001:000202a0       ?top_window_offset@Fl_Widget@@QBEPAVFl_Window@@AAH0@Z 004212a0 f   fltk:Fl_Window.obj
 0001:00020320       ?_Fl_Window@Fl_Window@@AAEXXZ 00421320 f   fltk:Fl_Window.obj
 0001:00020410       ?free_icons@Fl_Window@@IAEXXZ 00421410 f   fltk:Fl_Window.obj
 0001:00020520       ??0Fl_Window@@QAE@HHPBD@Z  00421520 f   fltk:Fl_Window.obj
 0001:000205c0       ??0Fl_Window@@QAE@HHHHPBD@Z 004215c0 f   fltk:Fl_Window.obj
 0001:00020660       ??1Fl_Window@@UAE@XZ       00421660 f   fltk:Fl_Window.obj
 0001:00020750       ?label@Fl_Window@@QAEXPBD@Z 00421750 f   fltk:Fl_Window.obj
 0001:00020780       ?iconlabel@Fl_Window@@QAEXPBD@Z 00421780 f   fltk:Fl_Window.obj
 0001:000207b0       ?copy_label@Fl_Window@@QAEXPBD@Z 004217b0 f   fltk:Fl_Window.obj
 0001:000207f0       ?default_xclass@Fl_Window@@SAXPBD@Z 004217f0 f   fltk:Fl_Window.obj
 0001:00020830       ?default_xclass@Fl_Window@@SAPBDXZ 00421830 f   fltk:Fl_Window.obj
 0001:00020850       ?xclass@Fl_Window@@QBEPBDXZ 00421850 f   fltk:Fl_Window.obj
 0001:00020880       ?xclass@Fl_Window@@QAEXPBD@Z 00421880 f   fltk:Fl_Window.obj
 0001:000208e0       ?default_icon@Fl_Window@@SAXPBVFl_RGB_Image@@@Z 004218e0 f   fltk:Fl_Window.obj
 0001:00020900       ?default_icons@Fl_Window@@SAXQAPBVFl_RGB_Image@@H@Z 00421900 f   fltk:Fl_Window.obj
 0001:00020920       ?icon@Fl_Window@@QAEXPBVFl_RGB_Image@@@Z 00421920 f   fltk:Fl_Window.obj
 0001:00020940       ?icons@Fl_Window@@QAEXQAPBVFl_RGB_Image@@H@Z 00421940 f   fltk:Fl_Window.obj
 0001:00020a10       ?icon@Fl_Window@@QBEPBXXZ  00421a10 f   fltk:Fl_Window.obj
 0001:00020a30       ?icon@Fl_Window@@QAEXPBX@Z 00421a30 f   fltk:Fl_Window.obj
 0001:00020a50       ?wait_for_expose@Fl_Window@@QAEXXZ 00421a50 f   fltk:Fl_Window.obj
 0001:00020aa0       ?x_root@Fl_Window@@QBEHXZ  00421aa0 f   fltk:Fl_Window.obj
 0001:00020ae0       ?y_root@Fl_Window@@QBEHXZ  00421ae0 f   fltk:Fl_Window.obj
 0001:00020b20       ?current@Fl_Window@@SAPAV1@XZ 00421b20 f   fltk:Fl_Window.obj
 0001:00020b30       ?default_callback@Fl_Window@@SAXPAV1@PAX@Z 00421b30 f   fltk:Fl_Window.obj
 0001:00020b50       ??_EFl_Window@@UAEPAXI@Z   00421b50 f i fltk:Fl_Window.obj
 0001:00020b50       ??_GFl_Window@@UAEPAXI@Z   00421b50 f i fltk:Fl_Window.obj
 0001:00020b90       ?as_gl_window@Fl_Widget@@UAEPAVFl_Gl_Window@@XZ 00421b90 f i fltk:Fl_Window.obj
 0001:00020ba0       ?navigation@Fl_Group@@AAEHH@Z 00421ba0 f   fltk:Fl_Group.obj
 0001:00020d60       ?draw@Fl_Group@@MAEXXZ     00421d60 f   fltk:Fl_Group.obj
 0001:00020da0       ?draw_child@Fl_Group@@IBEXAAVFl_Widget@@@Z 00421da0 f   fltk:Fl_Group.obj
 0001:00020e50       ?draw_children@Fl_Group@@IAEXXZ 00421e50 f   fltk:Fl_Group.obj
 0001:00021030       ?draw_outside_label@Fl_Group@@IBEXABVFl_Widget@@@Z 00422030 f   fltk:Fl_Group.obj
 0001:000212c0       ?update_child@Fl_Group@@IBEXAAVFl_Widget@@@Z 004222c0 f   fltk:Fl_Group.obj
 0001:00021380       ?sizes@Fl_Group@@IAEPAHXZ  00422380 f   fltk:Fl_Group.obj
 0001:000216c0       ?handle@Fl_Group@@UAEHH@Z  004226c0 f   fltk:Fl_Group.obj
 0001:00022080       ?begin@Fl_Group@@QAEXXZ    00423080 f   fltk:Fl_Group.obj
 0001:000220a0       ?end@Fl_Group@@QAEXXZ      004230a0 f   fltk:Fl_Group.obj
 0001:000220c0       ?current@Fl_Group@@SAPAV1@XZ 004230c0 f   fltk:Fl_Group.obj
 0001:000220d0       ?current@Fl_Group@@SAXPAV1@@Z 004230d0 f   fltk:Fl_Group.obj
 0001:000220e0       ?find@Fl_Group@@QBEHPBVFl_Widget@@@Z 004230e0 f   fltk:Fl_Group.obj
 0001:00022140       ?array@Fl_Group@@QBEPBQAVFl_Widget@@XZ 00423140 f   fltk:Fl_Group.obj
 0001:00022170       ?resize@Fl_Group@@UAEXHHHH@Z 00423170 f   fltk:Fl_Group.obj
 0001:00022580       ??0Fl_Group@@QAE@HHHHPBD@Z 00423580 f   fltk:Fl_Group.obj
 0001:00022630       ??1Fl_Group@@UAE@XZ        00423630 f   fltk:Fl_Group.obj
 0001:00022680       ?add@Fl_Group@@QAEXAAVFl_Widget@@@Z 00423680 f   fltk:Fl_Group.obj
 0001:000226a0       ?insert@Fl_Group@@QAEXAAVFl_Widget@@H@Z 004236a0 f   fltk:Fl_Group.obj
 0001:00022840       ?remove@Fl_Group@@QAEXH@Z  00423840 f   fltk:Fl_Group.obj
 0001:00022940       ?remove@Fl_Group@@QAEXAAVFl_Widget@@@Z 00423940 f   fltk:Fl_Group.obj
 0001:00022980       ?clear@Fl_Group@@QAEXXZ    00423980 f   fltk:Fl_Group.obj
 0001:00022b10       ?init_sizes@Fl_Group@@QAEXXZ 00423b10 f   fltk:Fl_Group.obj
 0001:00022b40       ??0Fl_Input_Choice@@QAE@HHHHPBD@Z 00423b40 f   fltk:Fl_Group.obj
 0001:00022df0       ??0Fl_Spinner@@QAE@HHHHPBD@Z 00423df0 f   fltk:Fl_Group.obj
 0001:00023220       ??$__vcrt_va_start_verify_argument_type@QBD@@YAXXZ 00424220 f i fltk:Fl_Group.obj
 0001:00023230       ??1Fl_Input@@UAE@XZ        00424230 f i fltk:Fl_Group.obj
 0001:00023250       ??1Fl_Repeat_Button@@UAE@XZ 00424250 f i fltk:Fl_Group.obj
 0001:00023270       ??1Fl_Spinner@@UAE@XZ      00424270 f i fltk:Fl_Group.obj
 0001:000232b0       ??_GFl_Group@@UAEPAXI@Z    004242b0 f i fltk:Fl_Group.obj
 0001:000232b0       ??_EFl_Group@@UAEPAXI@Z    004242b0 f i fltk:Fl_Group.obj
 0001:000232e0       ??_EFl_Input_Choice@@UAEPAXI@Z 004242e0 f i fltk:Fl_Group.obj
 0001:000232e0       ??_GFl_Input_Choice@@UAEPAXI@Z 004242e0 f i fltk:Fl_Group.obj
 0001:00023310       ??_GFl_Spinner@@UAEPAXI@Z  00424310 f i fltk:Fl_Group.obj
 0001:00023310       ??_EFl_Spinner@@UAEPAXI@Z  00424310 f i fltk:Fl_Group.obj
 0001:00023350       ??_GInputMenuButton@Fl_Input_Choice@@UAEPAXI@Z 00424350 f i fltk:Fl_Group.obj
 0001:00023350       ??_EInputMenuButton@Fl_Input_Choice@@UAEPAXI@Z 00424350 f i fltk:Fl_Group.obj
 0001:00023380       ?as_group@Fl_Widget@@UAEPAVFl_Group@@XZ 00424380 f i fltk:Fl_Group.obj
 0001:00023390       ?as_window@Fl_Widget@@UAEPAVFl_Window@@XZ 00424390 f i fltk:Fl_Group.obj
 0001:000233a0       ?draw@InputMenuButton@Fl_Input_Choice@@EAEXXZ 004243a0 f i fltk:Fl_Group.obj
 0001:000234a0       ?draw_focus@Fl_Widget@@IAEXXZ 004244a0 f i fltk:Fl_Group.obj
 0001:00023500       ?handle@Fl_Spinner@@UAEHH@Z 00424500 f i fltk:Fl_Group.obj
 0001:000235d0       ?inp_cb@Fl_Input_Choice@@CAXPAVFl_Widget@@PAX@Z 004245d0 f i fltk:Fl_Group.obj
 0001:000236f0       ?menu_cb@Fl_Input_Choice@@CAXPAVFl_Widget@@PAX@Z 004246f0 f i fltk:Fl_Group.obj
 0001:000238f0       ?menu_x@Fl_Input_Choice@@AAEHXZ 004248f0 f i fltk:Fl_Group.obj
 0001:00023940       ?resize@Fl_Input_Choice@@UAEXHHHH@Z 00424940 f i fltk:Fl_Group.obj
 0001:00023aa0       ?resize@Fl_Spinner@@UAEXHHHH@Z 00424aa0 f i fltk:Fl_Group.obj
 0001:00023b90       ?sb_cb@Fl_Spinner@@CAXPAVFl_Widget@@PAV1@@Z 00424b90 f i fltk:Fl_Group.obj
 0001:00023d10       ?update@Fl_Spinner@@AAEXXZ 00424d10 f i fltk:Fl_Group.obj
 0001:00023ef0       ?setonly@Fl_Menu_Item@@QAEXXZ 00424ef0 f   fltk:Fl_Menu_.obj
 0001:00023fa0       ??0Fl_Menu_@@QAE@HHHHPBD@Z 00424fa0 f   fltk:Fl_Menu_.obj
 0001:00024050       ??1Fl_Menu_@@UAE@XZ        00425050 f   fltk:Fl_Menu_.obj
 0001:000240a0       ?item_pathname@Fl_Menu_@@QBEHPADHPBUFl_Menu_Item@@@Z 004250a0 f   fltk:Fl_Menu_.obj
 0001:000242f0       ?picked@Fl_Menu_@@QAEPBUFl_Menu_Item@@PBU2@@Z 004252f0 f   fltk:Fl_Menu_.obj
 0001:00024410       ?find_item@Fl_Menu_@@QAEPBUFl_Menu_Item@@PBD@Z 00425410 f   fltk:Fl_Menu_.obj
 0001:00024450       ?find_item@Fl_Menu_@@QAEPBUFl_Menu_Item@@P6AXPAVFl_Widget@@PAX@Z@Z 00425450 f   fltk:Fl_Menu_.obj
 0001:000244a0       ?find_index@Fl_Menu_@@QBEHPBD@Z 004254a0 f   fltk:Fl_Menu_.obj
 0001:000246d0       ?find_index@Fl_Menu_@@QBEHPBUFl_Menu_Item@@@Z 004256d0 f   fltk:Fl_Menu_.obj
 0001:00024720       ?find_index@Fl_Menu_@@QBEHP6AXPAVFl_Widget@@PAX@Z@Z 00425720 f   fltk:Fl_Menu_.obj
 0001:00024770       ?menu@Fl_Menu_@@QAEXPBUFl_Menu_Item@@@Z 00425770 f   fltk:Fl_Menu_.obj
 0001:000247a0       ?copy@Fl_Menu_@@QAEXPBUFl_Menu_Item@@PAX@Z 004257a0 f   fltk:Fl_Menu_.obj
 0001:00024840       ?size@Fl_Menu_@@QBEHXZ     00425840 f   fltk:Fl_Menu_.obj
 0001:00024870       ?clear@Fl_Menu_@@QAEXXZ    00425870 f   fltk:Fl_Menu_.obj
 0001:00024930       ?clear_submenu@Fl_Menu_@@QAEHH@Z 00425930 f   fltk:Fl_Menu_.obj
 0001:000249b0       ?value@Fl_Menu_@@QAEHPBUFl_Menu_Item@@@Z 004259b0 f   fltk:Fl_Menu_.obj
 0001:000249f0       ??_EFl_Menu_@@UAEPAXI@Z    004259f0 f i fltk:Fl_Menu_.obj
 0001:000249f0       ??_GFl_Menu_@@UAEPAXI@Z    004259f0 f i fltk:Fl_Menu_.obj
 0001:00024a20       ?draw@Fl_Menu_Bar@@MAEXXZ  00425a20 f   fltk:Fl_Menu_Bar.obj
 0001:00024bd0       ?handle@Fl_Menu_Bar@@UAEHH@Z 00425bd0 f   fltk:Fl_Menu_Bar.obj
 0001:00024d40       ??0Fl_Menu_Bar@@QAE@HHHHPBD@Z 00425d40 f   fltk:Fl_Menu_Bar.obj
 0001:00024d80       ??_GFl_Menu_Bar@@UAEPAXI@Z 00425d80 f i fltk:Fl_Menu_Bar.obj
 0001:00024d80       ??_EFl_Menu_Bar@@UAEPAXI@Z 00425d80 f i fltk:Fl_Menu_Bar.obj
 0001:00024db0       ??0Fl_Valuator@@IAE@HHHHPBD@Z 00425db0 f   fltk:Fl_Valuator.obj
 0001:00024e60       ?softclamp@Fl_Valuator@@IAENN@Z 00425e60 f   fltk:Fl_Valuator.obj
 0001:00024f80       ?handle_drag@Fl_Valuator@@IAEXN@Z 00425f80 f   fltk:Fl_Valuator.obj
 0001:00024ff0       ?handle_release@Fl_Valuator@@IAEXXZ 00425ff0 f   fltk:Fl_Valuator.obj
 0001:00025050       ?value_damage@Fl_Valuator@@MAEXXZ 00426050 f   fltk:Fl_Valuator.obj
 0001:00025070       ?step@Fl_Valuator@@QAEXN@Z 00426070 f   fltk:Fl_Valuator.obj
 0001:00025160       ?precision@Fl_Valuator@@QAEXH@Z 00426160 f   fltk:Fl_Valuator.obj
 0001:000251c0       ?value@Fl_Valuator@@QAEHN@Z 004261c0 f   fltk:Fl_Valuator.obj
 0001:00025220       ?format@Fl_Valuator@@UAEHPAD@Z 00426220 f   fltk:Fl_Valuator.obj
 0001:00025370       ?round@Fl_Valuator@@QAENN@Z 00426370 f   fltk:Fl_Valuator.obj
 0001:000253f0       ?clamp@Fl_Valuator@@QAENN@Z 004263f0 f   fltk:Fl_Valuator.obj
 0001:000254b0       ?increment@Fl_Valuator@@QAENNH@Z 004264b0 f   fltk:Fl_Valuator.obj
 0001:00025580       ??_GFl_Valuator@@UAEPAXI@Z 00426580 f i fltk:Fl_Valuator.obj
 0001:00025580       ??_EFl_Valuator@@UAEPAXI@Z 00426580 f i fltk:Fl_Valuator.obj
 0001:000255c0       ?draw@Fl_Value_Slider@@MAEXXZ 004265c0 f   fltk:Fl_Value_Slider.obj
 0001:00025930       ?handle@Fl_Value_Slider@@UAEHH@Z 00426930 f   fltk:Fl_Value_Slider.obj
 0001:00025a40       ??0Fl_Value_Slider@@QAE@HHHHPBD@Z 00426a40 f   fltk:Fl_Value_Slider.obj
 0001:00025ac0       ??0Fl_Hor_Value_Slider@@QAE@HHHHPBD@Z 00426ac0 f   fltk:Fl_Value_Slider.obj
 0001:00025b00       ??_EFl_Hor_Value_Slider@@UAEPAXI@Z 00426b00 f i fltk:Fl_Value_Slider.obj
 0001:00025b00       ??_GFl_Hor_Value_Slider@@UAEPAXI@Z 00426b00 f i fltk:Fl_Value_Slider.obj
 0001:00025b40       ??_EFl_Value_Slider@@UAEPAXI@Z 00426b40 f i fltk:Fl_Value_Slider.obj
 0001:00025b40       ??_GFl_Value_Slider@@UAEPAXI@Z 00426b40 f i fltk:Fl_Value_Slider.obj
 0001:00025b80       ?key_release_timeout@Fl_Button@@KAXPAX@Z 00426b80 f   fltk:Fl_Button.obj
 0001:00025c20       ?simulate_key_action@Fl_Button@@IAEXXZ 00426c20 f   fltk:Fl_Button.obj
 0001:00025d00       ?draw@Fl_Button@@MAEXXZ    00426d00 f   fltk:Fl_Button.obj
 0001:00025e50       ?handle@Fl_Button@@UAEHH@Z 00426e50 f   fltk:Fl_Button.obj
 0001:00026400       ??0Fl_Button@@QAE@HHHHPBD@Z 00427400 f   fltk:Fl_Button.obj
 0001:00026470       ?value@Fl_Button@@QAEHH@Z  00427470 f   fltk:Fl_Button.obj
 0001:00026500       ?setonly@Fl_Button@@QAEXXZ 00427500 f   fltk:Fl_Button.obj
 0001:00026580       ??0Fl_Radio_Button@@QAE@HHHHPBD@Z 00427580 f   fltk:Fl_Button.obj
 0001:000265c0       ??0Fl_Toggle_Button@@QAE@HHHHPBD@Z 004275c0 f   fltk:Fl_Button.obj
 0001:00026600       ??_EFl_Button@@UAEPAXI@Z   00427600 f i fltk:Fl_Button.obj
 0001:00026600       ??_GFl_Button@@UAEPAXI@Z   00427600 f i fltk:Fl_Button.obj
 0001:00026630       ??_EFl_Radio_Button@@UAEPAXI@Z 00427630 f i fltk:Fl_Button.obj
 0001:00026630       ??_GFl_Radio_Button@@UAEPAXI@Z 00427630 f i fltk:Fl_Button.obj
 0001:00026660       ??_EFl_Toggle_Button@@UAEPAXI@Z 00427660 f i fltk:Fl_Button.obj
 0001:00026660       ??_GFl_Toggle_Button@@UAEPAXI@Z 00427660 f i fltk:Fl_Button.obj
 0001:00026690       ?fl_dir_chooser@@YAPADPBD0H@Z 00427690 f   fltk:fl_file_dir.obj
 0001:00026830       ?fl_file_chooser@@YAPADPBD00H@Z 00427830 f   fltk:fl_file_dir.obj
 0001:00026b70       ?fl_file_chooser_callback@@YAXP6AXPBD@Z@Z 00427b70 f   fltk:fl_file_dir.obj
 0001:00026b80       ?fl_file_chooser_ok_label@@YAXPBD@Z 00427b80 f   fltk:fl_file_dir.obj
 0001:00026bf0       _fl_utf8bytes              00427bf0 f   fltk:fl_utf.obj
 0001:00026c50       _fl_utf8decode             00427c50 f   fltk:fl_utf.obj
 0001:00026f40       _fl_utf8encode             00427f40 f   fltk:fl_utf.obj
 0001:000270d0       _fl_utf8fwd                004280d0 f   fltk:fl_utf.obj
 0001:00027180       _fl_utf8back               00428180 f   fltk:fl_utf.obj
 0001:00027220       _fl_ucs_to_Utf16           00428220 f   fltk:fl_utf.obj
 0001:00027340       _fl_utf8toUtf16            00428340 f   fltk:fl_utf.obj
 0001:000274e0       _fl_utf8towc               004284e0 f   fltk:fl_utf.obj
 0001:00027500       _fl_utf8fromwc             00428500 f   fltk:fl_utf.obj
 0001:00027850       _fl_utf8toa                00428850 f   fltk:fl_utf.obj
 0001:00027970       _fl_utf8froma              00428970 f   fltk:fl_utf.obj
 0001:00027aa0       _fl_utf8locale             00428aa0 f   fltk:fl_utf.obj
 0001:00027ae0       _fl_utf8test               00428ae0 f   fltk:fl_utf.obj
 0001:00027b60       _fl_wcwidth_               00428b60 f   fltk:fl_utf.obj
 0001:00027b80       _fl_wcwidth                00428b80 f   fltk:fl_utf.obj
 0001:00027bd0       _fl_utf8to_mb              00428bd0 f   fltk:fl_utf.obj
 0001:00027d50       _fl_utf8from_mb            00428d50 f   fltk:fl_utf.obj
 0001:00028080       ?call_screen_init@Fl@@SAXXZ 00429080 f   fltk:screen_xywh.obj
 0001:00028090       ?screen_count@Fl@@SAHXZ    00429090 f   fltk:screen_xywh.obj
 0001:000280d0       ?screen_xywh@Fl@@SAXAAH000HH@Z 004290d0 f   fltk:screen_xywh.obj
 0001:00028100       ?screen_xywh@Fl@@SAXAAH000H@Z 00429100 f   fltk:screen_xywh.obj
 0001:000281c0       ?screen_xywh@Fl@@SAXAAH000HHHH@Z 004291c0 f   fltk:screen_xywh.obj
 0001:00028200       ?screen_num@Fl@@SAHHH@Z    00429200 f   fltk:screen_xywh.obj
 0001:00028290       ?screen_num@Fl@@SAHHHHH@Z  00429290 f   fltk:screen_xywh.obj
 0001:00028340       ?screen_dpi@Fl@@SAXAAM0H@Z 00429340 f   fltk:screen_xywh.obj
 0001:000283b0       ?screen_work_area@Fl@@SAXAAH000HH@Z 004293b0 f   fltk:screen_xywh.obj
 0001:000283e0       ?screen_work_area@Fl@@SAXAAH000H@Z 004293e0 f   fltk:screen_xywh.obj
 0001:00028780       ?add_awake_handler_@Fl@@SAHP6AXPAX@Z0@Z 00429780 f   fltk:Fl_lock.obj
 0001:00028860       ?get_awake_handler_@Fl@@SAHAAP6AXPAX@ZAAPAX@Z 00429860 f   fltk:Fl_lock.obj
 0001:000288f0       ?lock@Fl@@SAHXZ            004298f0 f   fltk:Fl_lock.obj
 0001:00028940       ?unlock@Fl@@SAXXZ          00429940 f   fltk:Fl_lock.obj
 0001:00028950       ?awake@Fl@@SAXPAX@Z        00429950 f   fltk:Fl_lock.obj
 0001:00028970       ?awake@Fl@@SAHP6AXPAX@Z0@Z 00429970 f   fltk:Fl_lock.obj
 0001:00028a20       ?compose@Fl@@SAHAAH@Z      00429a20 f   fltk:Fl_compose.obj
 0001:00028ac0       ?compose_reset@Fl@@SAXXZ   00429ac0 f   fltk:Fl_compose.obj
 0001:00028ad0       ?set_labeltype@Fl@@SAXW4Fl_Labeltype@@P6AXPBUFl_Label@@HHHHI@ZP6AX1AAH3@Z@Z 00429ad0 f   fltk:fl_labeltype.obj
 0001:00028af0       ?draw@Fl_Label@@QBEXHHHHI@Z 00429af0 f   fltk:fl_labeltype.obj
 0001:00028b40       ?measure@Fl_Label@@QBEXAAH0@Z 00429b40 f   fltk:fl_labeltype.obj
 0001:00028bb0       ?draw_label@Fl_Widget@@IBEXXZ 00429bb0 f   fltk:fl_labeltype.obj
 0001:00028c80       ?draw_label@Fl_Widget@@IBEXHHHH@Z 00429c80 f   fltk:fl_labeltype.obj
 0001:00028ce0       ?draw_label@Fl_Widget@@QBEXHHHHI@Z 00429ce0 f   fltk:fl_labeltype.obj
 0001:00028d70       ?fl_no_label@@YAXPBUFl_Label@@HHHHI@Z 00429d70 f   fltk:fl_labeltype.obj
 0001:00028d80       ?fl_normal_label@@YAXPBUFl_Label@@HHHHI@Z 00429d80 f   fltk:fl_labeltype.obj
 0001:00028e10       ?fl_normal_measure@@YAXPBUFl_Label@@AAH1@Z 00429e10 f   fltk:fl_labeltype.obj
 0001:00028eb0       ?readqueue@Fl@@SAPAVFl_Widget@@XZ 00429eb0 f   fltk:Fl_Widget.obj
 0001:00028f00       ??0Fl_Widget@@IAE@HHHHPBD@Z 00429f00 f   fltk:Fl_Widget.obj
 0001:00029010       ?draw_focus@Fl_Widget@@IBEXW4Fl_Boxtype@@HHHH@Z 0042a010 f   fltk:Fl_Widget.obj
 0001:00029240       ??1Fl_Widget@@UAE@XZ       0042a240 f   fltk:Fl_Widget.obj
 0001:00029320       ?handle@Fl_Widget@@UAEHH@Z 0042a320 f   fltk:Fl_Widget.obj
 0001:00029330       ?resize@Fl_Widget@@UAEXHHHH@Z 0042a330 f   fltk:Fl_Widget.obj
 0001:00029370       ?damage_resize@Fl_Widget@@QAEHHHHH@Z 0042a370 f   fltk:Fl_Widget.obj
 0001:00029400       ?label@Fl_Widget@@QAEXPBD@Z 0042a400 f   fltk:Fl_Widget.obj
 0001:00029470       ?copy_label@Fl_Widget@@QAEXPBD@Z 0042a470 f   fltk:Fl_Widget.obj
 0001:000294e0       ?visible_r@Fl_Widget@@QBEHXZ 0042a4e0 f   fltk:Fl_Widget.obj
 0001:00029530       ?show@Fl_Widget@@UAEXXZ    0042a530 f   fltk:Fl_Widget.obj
 0001:000295e0       ?hide@Fl_Widget@@UAEXXZ    0042a5e0 f   fltk:Fl_Widget.obj
 0001:00029680       ?active_r@Fl_Widget@@QBEHXZ 0042a680 f   fltk:Fl_Widget.obj
 0001:000296d0       ?activate@Fl_Widget@@QAEXXZ 0042a6d0 f   fltk:Fl_Widget.obj
 0001:00029780       ?deactivate@Fl_Widget@@QAEXXZ 0042a780 f   fltk:Fl_Widget.obj
 0001:000297f0       ?take_focus@Fl_Widget@@QAEHXZ 0042a7f0 f   fltk:Fl_Widget.obj
 0001:00029880       ?default_callback@Fl_Widget@@SAXPAV1@PAX@Z 0042a880 f   fltk:Fl_Widget.obj
 0001:000298f0       ?do_callback@Fl_Widget@@QAEXPAV1@PAX@Z 0042a8f0 f   fltk:Fl_Widget.obj
 0001:000299b0       ?contains@Fl_Widget@@QBEHPBV1@@Z 0042a9b0 f   fltk:Fl_Widget.obj
 0001:00029aa0       ??_EFl_Widget@@UAEPAXI@Z   0042aaa0 f i fltk:Fl_Widget.obj
 0001:00029aa0       ??_GFl_Widget@@UAEPAXI@Z   0042aaa0 f i fltk:Fl_Widget.obj
 0001:00029ad0       ?draw_empty@Fl_Image@@IAEXHH@Z 0042aad0 f   fltk:Fl_Image.obj
 0001:00029be0       ?labeltype@Fl_Image@@KAXPBUFl_Label@@HHHHI@Z 0042abe0 f   fltk:Fl_Image.obj
 0001:00029cc0       ?measure@Fl_Image@@KAXPBUFl_Label@@AAH1@Z 0042acc0 f   fltk:Fl_Image.obj
 0001:00029d00       ??1Fl_Image@@UAE@XZ        0042ad00 f   fltk:Fl_Image.obj
 0001:00029d20       ?copy@Fl_Image@@UAEPAV1@HH@Z 0042ad20 f   fltk:Fl_Image.obj
 0001:00029db0       ?color_average@Fl_Image@@UAEXIM@Z 0042adb0 f   fltk:Fl_Image.obj
 0001:00029dc0       ?desaturate@Fl_Image@@UAEXXZ 0042adc0 f   fltk:Fl_Image.obj
 0001:00029dd0       ?label@Fl_Image@@UAEXPAVFl_Widget@@@Z 0042add0 f   fltk:Fl_Image.obj
 0001:00029df0       ?label@Fl_Image@@UAEXPAUFl_Menu_Item@@@Z 0042adf0 f   fltk:Fl_Image.obj
 0001:00029e20       ?draw@Fl_Image@@UAEXHHHHHH@Z 0042ae20 f   fltk:Fl_Image.obj
 0001:00029e40       ?uncache@Fl_Image@@UAEXXZ  0042ae40 f   fltk:Fl_Image.obj
 0001:00029e50       ?RGB_scaling@Fl_Image@@SAXW4Fl_RGB_Scaling@@@Z 0042ae50 f   fltk:Fl_Image.obj
 0001:00029e60       ?RGB_scaling@Fl_Image@@SA?AW4Fl_RGB_Scaling@@XZ 0042ae60 f   fltk:Fl_Image.obj
 0001:00029e70       ??0Fl_RGB_Image@@QAE@PBVFl_Pixmap@@I@Z 0042ae70 f   fltk:Fl_Image.obj
 0001:00029fb0       ??1Fl_RGB_Image@@UAE@XZ    0042afb0 f   fltk:Fl_Image.obj
 0001:0002a020       ?copy@Fl_RGB_Image@@UAEPAVFl_Image@@HH@Z 0042b020 f   fltk:Fl_Image.obj
 0001:0002ae50       ?color_average@Fl_RGB_Image@@UAEXIM@Z 0042be50 f   fltk:Fl_Image.obj
 0001:0002b210       ?desaturate@Fl_RGB_Image@@UAEXXZ 0042c210 f   fltk:Fl_Image.obj
 0001:0002b440       ?draw@Fl_RGB_Image@@UAEXHHHHHH@Z 0042c440 f   fltk:Fl_Image.obj
 0001:0002b480       ?label@Fl_RGB_Image@@UAEXPAVFl_Widget@@@Z 0042c480 f   fltk:Fl_Image.obj
 0001:0002b4a0       ?label@Fl_RGB_Image@@UAEXPAUFl_Menu_Item@@@Z 0042c4a0 f   fltk:Fl_Image.obj
 0001:0002b4d0       ?uncache@Fl_RGB_Image@@UAEXXZ 0042c4d0 f   fltk:Fl_Image.obj
 0001:0002b520       ?draw@Fl_GDI_Graphics_Driver@@UAEXPAVFl_RGB_Image@@HHHHHH@Z 0042c520 f   fltk:Fl_Image.obj
 0001:0002bb90       ?tooltip@Fl_Widget@@QAEXPBD@Z 0042cb90 f   fltk:Fl_Tooltip.obj
 0001:0002bc00       ?copy_tooltip@Fl_Widget@@QAEXPBD@Z 0042cc00 f   fltk:Fl_Tooltip.obj
 0001:0002bc90       ?enter_area@Fl_Tooltip@@SAXPAVFl_Widget@@HHHHPBD@Z 0042cc90 f   fltk:Fl_Tooltip.obj
 0001:0002be40       ?current@Fl_Tooltip@@SAXPAVFl_Widget@@@Z 0042ce40 f   fltk:Fl_Tooltip.obj
 0001:0002be90       ?enter_@Fl_Tooltip@@CAXPAVFl_Widget@@@Z 0042ce90 f   fltk:Fl_Tooltip.obj
 0001:0002bf20       ?exit_@Fl_Tooltip@@CAXPAVFl_Widget@@@Z 0042cf20 f   fltk:Fl_Tooltip.obj
[...]
 0003:000010d4       $SG5892                    004890d4     fltk:vsnprintf.obj
 0003:000010d8       $SG5899                    004890d8     fltk:vsnprintf.obj
 0003:000010dc       $SG5933                    004890dc     fltk:vsnprintf.obj
 0003:000010e8       ?table@@3PAUKeyname@@A     004890e8     fltk:fl_shortcut.obj
 0003:000011e0       ?standard_fp_chars@@3PBDB  004891e0     fltk:Fl_Input.obj
 0003:000011e4       ?drag_start@?1??handle@Fl_Input@@UAEHH@Z@4HA 004891e4     fltk:Fl_Input.obj
 0003:000011e8       ?l_local_buff@?1??expand_text_@@YAPBDPBDAAPADHNAAHAANHH@Z@4HA 004891e8     fltk:fl_draw.obj
 0003:000011f0       ?draw_it_active@@3HA       004891f0     fltk:fl_boxtype.obj
 0003:000011f8       ?fl_box_table@@3PAU<unnamed-type-fl_box_table>@@A 004891f8     fltk:fl_boxtype.obj
 0003:00001e34       ?symbnumb@@3HA             00489e34     fltk:fl_symbols.obj
 0003:00001e38       ?cursors@@3PAW4Fl_Cursor@@A 00489e38     fltk:Fl_Tile.obj
 0003:00001e48       $SG37744                   00489e48     fltk:scandir.obj
 0003:00001e4c       $SG37747                   00489e4c     fltk:scandir.obj
 0003:00001e50       $SG37752                   00489e50     fltk:scandir.obj
 0003:00001e54       $SG37756                   00489e54     fltk:scandir.obj
 0003:00002d28       ?done@@3_NA                0048ad28     TraceUI.obj
 0003:00002d70       ?clip_notify_list@@3PAUClipboard_Notify@@A 0048ad70     fltk:Fl.obj
 0003:00002d7c       ?clipboard_wnd@@3PAUHWND__@@A 0048ad7c     fltk:Fl.obj
 0003:00002d80       ?next_clipboard_wnd@@3PAUHWND__@@A 0048ad80     fltk:Fl.obj
 0003:00002d84       ?handlers@@3PAUhandler_link@@A 0048ad84     fltk:Fl.obj
 0003:00002d88       ?s_wsock_mod@@3PAUHINSTANCE__@@A 0048ad88     fltk:Fl.obj
 0003:00002d8c       ?s_wsock_select@@3P6GHHPAUfd_set@@00PBUtimeval@@@ZA 0048ad8c     fltk:Fl.obj
 0003:00002d90       ?fl_wsk_fd_is_set@@3P6GHIPAUfd_set@@@ZA 0048ad90     fltk:Fl.obj
 0003:00002dbc       ?s_imm_module@@3PAUHINSTANCE__@@A 0048adbc     fltk:Fl.obj
 0003:00002dc0       ?flImmAssociateContextEx@@3P6GHPAUHWND__@@PAUHIMC__@@K@ZA 0048adc0     fltk:Fl.obj
 0003:00002dc5       ?dnd_flag@@3DA             0048adc5     fltk:Fl.obj
 0003:00002dc8       ?flImmGetContext@@3P6GPAUHIMC__@@PAUHWND__@@@ZA 0048adc8     fltk:Fl.obj
 0003:00002dd0       ?flImmSetCompositionWindow@@3P6GHPAUHIMC__@@PAUtagCOMPOSITIONFORM@@@ZA 0048add0     fltk:Fl.obj
 0003:00002dd4       ?flImmReleaseContext@@3P6GHPAUHWND__@@PAUHIMC__@@@ZA 0048add4     fltk:Fl.obj
 0003:00002dd8       ?sys_handlers@@3PAUsystem_handler_link@@A 0048add8     fltk:Fl.obj
 0003:00002ddc       ?track_mouse_win@@3PAVFl_Window@@A 0048addc     fltk:Fl.obj
 0003:00002de0       ?maxfd@@3HA                0048ade0     fltk:Fl.obj
 0003:00002de4       ?nfds@@3HA                 0048ade4     fltk:Fl.obj
 0003:00002de8       ?fd_array_size@@3HA        0048ade8     fltk:Fl.obj
 0003:00002e14       ?fd@@3PAUFD@@A             0048ae14     fltk:Fl.obj
 0003:00002e74       ?default_big_icon@@3PAUHICON__@@A 0048ae74     fltk:Fl.obj
 0003:00002e78       ?default_small_icon@@3PAUHICON__@@A 0048ae78     fltk:Fl.obj
 0003:00002e7c       ?win_DC_list@@3PAUWin_DC_List@@A 0048ae7c     fltk:Fl.obj
 0003:00002e88       ?num_dwidgets@@3HA         0048ae88     fltk:Fl.obj
 0003:00002e8c       ?alloc_dwidgets@@3HA       0048ae8c     fltk:Fl.obj
 0003:00002e90       ?dwidgets@@3PAPAVFl_Widget@@A 0048ae90     fltk:Fl.obj
 0003:00002e94       ?widget_watch@@3PAPAPAVFl_Widget@@A 0048ae94     fltk:Fl.obj
 0003:00002e98       ?num_widget_watch@@3HA     0048ae98     fltk:Fl.obj
 0003:00002e9c       ?max_widget_watch@@3HA     0048ae9c     fltk:Fl.obj
 0003:00002ea8       ?win32_at_exit@@3VFl_Win32_At_Exit@@A 0048aea8     fltk:Fl.obj
 0003:00002eac       ?fl_gdi_display@@3VFl_Display_Device@@A 0048aeac     fltk:Fl.obj
 0003:00002eb8       ?fl_gdi_driver@@3VFl_GDI_Graphics_Driver@@A 0048aeb8     fltk:Fl.obj
 0003:000035a0       ?first_check@@3PAUCheck@@A 0048b5a0     fltk:Fl.obj
 0003:000035a4       ?next_check@@3PAUCheck@@A  0048b5a4     fltk:Fl.obj
 0003:000035a8       ?free_check@@3PAUCheck@@A  0048b5a8     fltk:Fl.obj
 0003:000035ac       ?thread_message_@@3PAXA    0048b5ac     fltk:Fl.obj
 0003:000035b0       ?fdsets@@3PAUfd_set@@A     0048b5b0     fltk:Fl.obj
 0003:000038bc       ?win32_timers@@3PAUWin32Timer@@A 0048b8bc     fltk:Fl.obj
 0003:000038c0       ?win32_timer_alloc@@3HA    0048b8c0     fltk:Fl.obj
 0003:000038c4       ?win32_timer_used@@3HA     0048b8c4     fltk:Fl.obj
 0003:000038c8       ?s_TimerWnd@@3PAUHWND__@@A 0048b8c8     fltk:Fl.obj
 0003:000038cc       ?resize_bug_fix@@3PAVFl_Window@@A 0048b8cc     fltk:Fl.obj
 0003:000038d0       ?in_idle@?1??fl_wait@@YAHN@Z@4DA 0048b8d0     fltk:Fl.obj
 0003:000038d1       ?beenHereDoneThat@?1??fl_open_display@@YAXXZ@4DA 0048b8d1     fltk:Fl.obj
 0003:000038d4       ?px@?1??mouse_event@@YAHPAVFl_Window@@HHIJ@Z@4HA 0048b8d4     fltk:Fl.obj
 0003:000038d8       ?py@?1??mouse_event@@YAHPAVFl_Window@@HHIJ@Z@4HA 0048b8d8     fltk:Fl.obj
 0003:000038dc       ?pmx@?1??mouse_event@@YAHPAVFl_Window@@HHIJ@Z@4HA 0048b8dc     fltk:Fl.obj
 0003:000038e0       ?pmy@?1??mouse_event@@YAHPAVFl_Window@@HHIJ@Z@4HA 0048b8e0     fltk:Fl.obj
 0003:000038e8       ?vklut@?1??ms2fltk@@YAHIH@Z@4PAGA 0048b8e8     fltk:Fl.obj
 0003:00003ae8       ?extendedlut@?1??ms2fltk@@YAHIH@Z@4PAGA 0048bae8     fltk:Fl.obj
 0003:00003ce8       ?buffer@?DH@??WndProc@@YGJPAUHWND__@@IIJ@Z@4PADA 0048bce8     fltk:Fl.obj
 0003:000040e8       ?delta@?GG@??WndProc@@YGJPAUHWND__@@IIJ@Z@4HA 0048c0e8     fltk:Fl.obj
 0003:000040ec       ?delta@?GJ@??WndProc@@YGJPAUHWND__@@IIJ@Z@4HA 0048c0ec     fltk:Fl.obj
 0003:000040f0       ?class_name_list@?1??make@Fl_X@@SAPAV2@PAVFl_Window@@@Z@4VNameList@@A 0048c0f0     fltk:Fl.obj
 0003:000040fc       ?$TSS0@?1??make@Fl_X@@SAPAV2@PAVFl_Window@@@Z@4HA 0048c0fc     fltk:Fl.obj
 0003:00004100       ?first_class_name@?1??make@Fl_X@@SAPAV2@PAVFl_Window@@@Z@4PBDB 0048c100     fltk:Fl.obj
 0003:00004104       ?avoidRecursion@@3DA       0048c104     fltk:fl_ask.obj
 0003:0000410c       ?message_form@@3PAVFl_Window@@A 0048c10c     fltk:fl_ask.obj
 0003:00004110       ?message@@3PAVFl_Box@@A    0048c110     fltk:fl_ask.obj
 0003:00004114       ?icon@@3PAVFl_Box@@A       0048c114     fltk:fl_ask.obj
 0003:00004118       ?button@@3PAPAVFl_Button@@A 0048c118     fltk:fl_ask.obj
 0003:00004124       ?input@@3PAVFl_Input@@A    0048c124     fltk:fl_ask.obj
 0003:00004128       ?ret_val@@3HA              0048c128     fltk:fl_ask.obj
 0003:0000412c       ?message_title_default@@3PBDB 0048c12c     fltk:fl_ask.obj
 0003:00004140       ?fc@@3PAVFl_File_Chooser@@A 0048c140     fltk:fl_file_dir.obj
 0003:00004144       ?current_callback@@3P6AXPBD@ZA 0048c144     fltk:fl_file_dir.obj
 0003:00004148       ?current_label@@3PBDB      0048c148     fltk:fl_file_dir.obj
 0003:00004150       ?retname@?1??fl_file_chooser@@YAPADPBD00H@Z@4PADA 0048c150     fltk:fl_file_dir.obj
 0003:00004950       ?retname@?1??fl_dir_chooser@@YAPADPBD0H@Z@4PADA 0048c950     fltk:fl_file_dir.obj
 0003:00005150       ?fl_gmi@@3P6GHPAUHMONITOR__@@PAUtagMONITORINFO@@@ZA 0048d150     fltk:screen_xywh.obj
 0003:00005158       ?screens@@3PAUtagRECT@@A   0048d158     fltk:screen_xywh.obj
 0003:00005258       ?work_area@@3PAUtagRECT@@A 0048d258     fltk:screen_xywh.obj
 0003:00005358       ?dpi@@3PAY01MA             0048d358     fltk:screen_xywh.obj
 0003:00005408       ?main_thread@@3KA          0048d408     fltk:Fl_lock.obj
 0003:00005410       ?measure@@3PAP6AXPBUFl_Label@@AAH1@ZA 0048d410     fltk:fl_labeltype.obj
 0003:00005450       ?obj_queue@@3PAPAVFl_Widget@@A 0048d450     fltk:Fl_Widget.obj
 0003:000054a0       ?obj_head@@3HA             0048d4a0     fltk:Fl_Widget.obj
 0003:000054a4       ?obj_tail@@3HA             0048d4a4     fltk:Fl_Widget.obj
 0003:000054b4       ?window@@3PAVFl_TooltipBox@@A 0048d4b4     fltk:Fl_Tooltip.obj
 0003:000054bc       ?tip@@3PBDB                0048d4bc     fltk:Fl_Tooltip.obj
 0003:000054c0       ?Y@@3HA                    0048d4c0     fltk:Fl_Tooltip.obj
 0003:000054c4       ?H@@3HA                    0048d4c4     fltk:Fl_Tooltip.obj
 0003:000054c8       ?recent_tooltip@@3DA       0048d4c8     fltk:Fl_Tooltip.obj
 0003:000054c9       ?recursion@@3DA            0048d4c9     fltk:Fl_Tooltip.obj
 0003:000054ca       ?beenhere@?1??set_enter_exit_once_@Fl_Tooltip@@CAXXZ@4DA 0048d4ca     fltk:Fl_Tooltip.obj
 0003:000060d8       ?tmppen@@3PAXA             0048e0d8     fltk:fl_color.obj
 0003:000060dc       ?savepen@@3PAUHPEN__@@A    0048e0dc     fltk:fl_color.obj
 0003:000060e0       ?xmap@?1??color@Fl_GDI_Graphics_Driver@@UAEXEEE@Z@4UFl_XMap@@A 0048e0e0     fltk:fl_color.obj
 0003:000060f0       ?brushes@?1??fl_brush_action@@YAPAUHBRUSH__@@H@Z@4PAUFl_Brush@?1??1@YAPAU2@H@Z@A 0048e0f0     fltk:fl_color.obj
 0003:000061b0       ?beenhere@?1??fl_select_palette@@YAPAUHPALETTE__@@XZ@4DA 0048e1b0     fltk:fl_color.obj
 0003:000061b4       ?fl_alpha_blend@@3P6GHPAUHDC__@@HHHH0HHHHUFL_BLENDFUNCTION@@@ZA 0048e1b4     fltk:Fl_Double_Window.obj
 0003:000061b8       ?been_here@?1??fl_can_do_alpha_blending@@YADXZ@4DA 0048e1b8     fltk:Fl_Double_Window.obj
 0003:000061b9       ?can_do@?1??fl_can_do_alpha_blending@@YADXZ@4DA 0048e1b9     fltk:Fl_Double_Window.obj
 0003:0000626c       ?hMod@?1??newUUID@Fl_Preferences@@SAPBDXZ@4PAUHINSTANCE__@@A 0048e26c     fltk:Fl_Preferences.obj
 0003:0000627c       ?fl_angle_@@3HA            0048e27c     fltk:fl_font.obj
 0003:00006280       ?wstr@@3PAGA               0048e280     fltk:fl_font.obj
 0003:00006284       ?wstr_len@@3HA             0048e284     fltk:fl_font.obj
 0003:00006288       ?fl_GetGlyphIndices@@3P6GKPAUHDC__@@PB_WHPAGK@ZA 0048e288     fltk:fl_font.obj
 0003:0000628c       ?have_loaded_GetGlyphIndices@@3HA 0048e28c     fltk:fl_font.obj
 0003:00006290       ?ext_buff@?1??text_extents@Fl_GDI_Graphics_Driver@@UAEXPBDHAAH111@Z@4PAGA 0048e290     fltk:fl_font.obj
 0003:00006294       ?w_buff@?1??text_extents@Fl_GDI_Graphics_Driver@@UAEXPBDHAAH111@Z@4PAGA 0048e294     fltk:fl_font.obj
 0003:00006298       ?wc_len@?1??text_extents@Fl_GDI_Graphics_Driver@@UAEXPBDHAAH111@Z@4IA 0048e298     fltk:fl_font.obj
 0003:000062a8       ?hMod@?1??draw@Fl_GDI_Printer_Graphics_Driver@@UAEXPAVFl_Pixmap@@HHHHHH@Z@4PAUHINSTANCE__@@A 0048e2a8     fltk:Fl_Pixmap.obj
 0003:000062ac       ?fl_TransparentBlt@?1??draw@Fl_GDI_Printer_Graphics_Driver@@UAEXPAVFl_Pixmap@@HHHHHH@Z@4P6GHPAUHDC__@@HHHH1HHHHI@ZA 0048e2ac     fltk:Fl_Pixmap.obj
 0003:000062b0       ?fl_TransparentBlt@?1??draw@Fl_GDI_Printer_Graphics_Driver@@UAEXPAVFl_Bitmap@@HHHHHH@Z@4P6GHPAUHDC__@@HHHH1HHHHI@ZA 0048e2b0     fltk:Fl_Bitmap.obj
 0003:000062b4       ?hMod@?1??draw@Fl_GDI_Printer_Graphics_Driver@@UAEXPAVFl_Bitmap@@HHHHHH@Z@4PAUHINSTANCE__@@A 0048e2b4     fltk:Fl_Bitmap.obj
 0003:000062b8       ?ri@?1??dither@@YAXPAEPBEHH@Z@4HA 0048e2b8     fltk:fl_draw_image.obj
 0003:000062bc       ?gi@?1??dither@@YAXPAEPBEHH@Z@4HA 0048e2bc     fltk:fl_draw_image.obj
 0003:000062c0       ?bi@?1??dither@@YAXPAEPBEHH@Z@4HA 0048e2c0     fltk:fl_draw_image.obj
 0003:000062c4       ?dir@?1??dither@@YAXPAEPBEHH@Z@4HA 0048e2c4     fltk:fl_draw_image.obj
 0003:000062c8       ?ri@?1??monodither@@YAXPAEPBEHH@Z@4HA 0048e2c8     fltk:fl_draw_image.obj
 0003:000062cc       ?dir@?1??monodither@@YAXPAEPBEHH@Z@4HA 0048e2cc     fltk:fl_draw_image.obj
 0003:000062d0       ?bmibuffer@?1??innards@@YAXPBEHHHHHHHP6AXPAXHHHPAE@Z1@Z@4PAIA 0048e2d0     fltk:fl_draw_image.obj
 0003:00006700       ?buffer@?1??innards@@YAXPBEHHHHHHHP6AXPAXHHHPAE@Z1@Z@4PAIA 0048e700     fltk:fl_draw_image.obj
 0003:00006704       ?buffer_size@?1??innards@@YAXPBEHHHHHHHP6AXPAXHHHPAE@Z1@Z@4JA 0048e704     fltk:fl_draw_image.obj
 0003:00006708       ?line_buffer@?1??innards@@YAXPBEHHHHHHHP6AXPAXHHHPAE@Z1@Z@4PAIA 0048e708     fltk:fl_draw_image.obj
 0003:0000670c       ?line_buf_size@?CH@??innards@@YAXPBEHHHHHHHP6AXPAXHHHPAE@Z1@Z@4HA 0048e70c     fltk:fl_draw_image.obj
 0003:00006718       ?fl_bg_set@@3DA            0048e718     fltk:Fl_get_system_colors.obj
 0003:00006719       ?fl_bg2_set@@3DA           0048e719     fltk:Fl_get_system_colors.obj
 0003:0000671a       ?fl_fg_set@@3DA            0048e71a     fltk:Fl_get_system_colors.obj
 0003:00006728       ?tile@@3VFl_Pixmap@@A      0048e728     fltk:Fl_get_system_colors.obj
 0003:00006750       ?e@?1??scheme@Fl@@SAHPBD@Z@4PADA 0048e750     fltk:Fl_get_system_colors.obj
 0003:00006b88       ?mbwbuf@@3PA_WA            0048eb88     fltk:fl_utf8.obj
 0003:00006b90       ?buf@@3PADA                0048eb90     fltk:fl_utf8.obj
 0003:00006b94       ?buf_len@@3HA              0048eb94     fltk:fl_utf8.obj
 0003:00006b98       ?wbufa@@3PAGA              0048eb98     fltk:fl_utf8.obj
 0003:00006b9c       ?wbuf@@3PA_WA              0048eb9c     fltk:fl_utf8.obj
 0003:00006ba0       ?wbuf1@@3PA_WA             0048eba0     fltk:fl_utf8.obj
 0003:00006ba4       ?table@?1??Toupper@@YAHH@Z@4PAGA 0048eba4     fltk:fl_utf8.obj
 0003:00006ba8       ?buf@?1??fl_utf2mbcs@@9@4PADA 0048eba8     fltk:fl_utf8.obj
 0003:00006bac       ?buf@?1??fl_getenv@@9@4PADA 0048ebac     fltk:fl_utf8.obj
 0003:00006bb0       ?wbuf@?1??fl_getcwd@@9@4PA_WA 0048ebb0     fltk:fl_utf8.obj
 0003:00006bb4       ?buf@?1??fl_shortcut_label@@YAPBDIPAPBD@Z@4PADA 0048ebb4     fltk:fl_shortcut.obj
 0003:00006bec       ?l_secret@@3HA             0048ebec     fltk:Fl_Input_.obj
 0003:00006bf0       ?undobuffer@@3PADA         0048ebf0     fltk:Fl_Input_.obj
 0003:00006bf4       ?undobufferlength@@3HA     0048ebf4     fltk:Fl_Input_.obj
 0003:00006bf8       ?undowidget@@3PAVFl_Input_@@A 0048ebf8     fltk:Fl_Input_.obj
 0003:00006bfc       ?undoat@@3HA               0048ebfc     fltk:Fl_Input_.obj
 0003:00006c00       ?undocut@@3HA              0048ec00     fltk:Fl_Input_.obj
 0003:00006c04       ?undoinsert@@3HA           0048ec04     fltk:Fl_Input_.obj
 0003:00006c08       ?yankcut@@3HA              0048ec08     fltk:Fl_Input_.obj
 0003:00006c0c       ?legal_fp_chars@@3PBDB     0048ec0c     fltk:Fl_Input.obj
 0003:00006c10       ?dnd_save_position@?1??handle@Fl_Input@@UAEHH@Z@4HA 0048ec10     fltk:Fl_Input.obj
 0003:00006c14       ?dnd_save_mark@?1??handle@Fl_Input@@UAEHH@Z@4HA 0048ec14     fltk:Fl_Input.obj
 0003:00006c18       ?newpos@?1??handle@Fl_Input@@UAEHH@Z@4HA 0048ec18     fltk:Fl_Input.obj
 0003:00006c1c       ?dnd_save_focus@?1??handle@Fl_Input@@UAEHH@Z@4PAVFl_Widget@@A 0048ec1c     fltk:Fl_Input.obj
 0003:00006c24       ?underline_at@@3PADA       0048ec24     fltk:fl_draw.obj
 0003:00006c28       ?local_buf@?1??expand_text_@@YAPBDPBDAAPADHNAAHAANHH@Z@4PADA 0048ec28     fltk:fl_draw.obj
 0003:00006c2c       ?$TSS0@?1??expand_text_@@YAPBDPBDAAPADHNAAHAANHH@Z@4HA 0048ec2c     fltk:fl_draw.obj
 0003:00006c34       ?pressed_menu_button_@@3PAVFl_Menu_Button@@A 0048ec34     fltk:Fl_Menu_Button.obj
 0003:00006c38       ?p@@3PAUmenustate@@A       0048ec38     fltk:Fl_Menu.obj
 0003:00006c3c       ?button@@3PBVFl_Menu_@@B   0048ec3c     fltk:Fl_Menu.obj
 0003:00006c40       ?dummy@?1??popup@Fl_Menu_Item@@QBEPBU2@HHPBDPBU2@PBVFl_Menu_@@@Z@4U2@A 0048ec40     fltk:Fl_Menu.obj
 0003:00006c64       ?local_array@@3PAUFl_Menu_Item@@A 0048ec64     fltk:Fl_Menu_add.obj
 0003:00006c68       ?local_array_alloc@@3HA    0048ec68     fltk:Fl_Menu_add.obj
 0003:00006c6c       ?local_array_size@@3HA     0048ec6c     fltk:Fl_Menu_add.obj
 0003:00006c70       ?offcenter@?9??handle@Fl_Slider@@IAEHHHHHH@Z@4HA 0048ec70     fltk:Fl_Slider.obj
 0003:00006c74       ?image_new@@3VFl_Bitmap@@A 0048ec74     fltk:Fl_File_Chooser.obj
 0003:00006ca8       ?pathname@?1??value@Fl_File_Chooser@@QAEPBDH@Z@4PADA 0048eca8     fltk:Fl_File_Chooser2.obj
 0003:000074b0       ?ncolors@@3HA              0048f4b0     fltk:fl_draw_pixmap.obj
 0003:000074b4       ?chars_per_pixel@@3HA      0048f4b4     fltk:fl_draw_pixmap.obj
 0003:000074b8       ?color_count@@3HA          0048f4b8     fltk:fl_draw_pixmap.obj
 0003:000074bc       ?used_colors@@3PAUUsedColor@@A 0048f4bc     fltk:fl_draw_pixmap.obj
 0003:000074c0       ?table@?1??XUtf8Toupper@@9@9 0048f4c0     fltk:case.obj
 0003:000074c8       ?symbols@@3PAUSYMBOL@@A    0048f4c8     fltk:fl_symbols.obj
 0003:00007eac       ?beenhere@?1??fl_init_symbols@@YAXXZ@4DA 0048feac     fltk:fl_symbols.obj
 0003:00007eb0       ?cursor@?1??set_cursor@@YAXPAVFl_Tile@@W4Fl_Cursor@@@Z@4W43@A 0048feb0     fltk:Fl_Tile.obj
 0003:00007eb4       ?sdrag@?1??handle@Fl_Tile@@UAEHH@Z@4HA 0048feb4     fltk:Fl_Tile.obj
 0003:00007eb8       ?sdx@?1??handle@Fl_Tile@@UAEHH@Z@4HA 0048feb8     fltk:Fl_Tile.obj
 0003:00007ebc       ?sdy@?1??handle@Fl_Tile@@UAEHH@Z@4HA 0048febc     fltk:Fl_Tile.obj
 0003:00007ec0       ?sx@?1??handle@Fl_Tile@@UAEHH@Z@4HA 0048fec0     fltk:Fl_Tile.obj
 0003:00007ec4       ?sy@?1??handle@Fl_Tile@@UAEHH@Z@4HA 0048fec4     fltk:Fl_Tile.obj
 0003:00007ec8       ?change@?1??handle@Fl_Browser_@@UAEHH@Z@4DA 0048fec8     fltk:Fl_Browser_.obj
 0003:00007ec9       ?whichway@?1??handle@Fl_Browser_@@UAEHH@Z@4DA 0048fec9     fltk:Fl_Browser_.obj
 0003:00007ecc       ?py@?1??handle@Fl_Browser_@@UAEHH@Z@4HA 0048fecc     fltk:Fl_Browser_.obj
 0003:00007ed0       ?inButtonBar@?1??handle@Fl_File_Input@@UAEHH@Z@4DA 0048fed0     fltk:Fl_File_Input.obj
 0003:00007ef0       ?SWAP_TYPE@@3DA            0048fef0     fltkgl:Fl_Gl_Window.obj
 0003:00007ef8       ?ortho_context@?DG@??flush@Fl_Gl_Window@@UAEXXZ@4PAUHGLRC__@@A 0048fef8     fltkgl:Fl_Gl_Window.obj
 0003:00007efc       ?ortho_window@?DG@??flush@Fl_Gl_Window@@UAEXXZ@4PAV2@A 0048fefc     fltkgl:Fl_Gl_Window.obj
 0003:00007f00       ?context_list@@3PAPAUHGLRC__@@A 0048ff00     fltkgl:Fl_Gl_Choice.obj
 0003:00007f04       ?nContext@@3HA             0048ff04     fltkgl:Fl_Gl_Choice.obj
 0003:00007f08       ?NContext@@3HA             0048ff08     fltkgl:Fl_Gl_Choice.obj
 0003:00007f0c       ?first@@3PAVFl_Gl_Choice@@A 0048ff0c     fltkgl:Fl_Gl_Choice.obj
 0003:00007f10       ?cached_context@@3PAUHGLRC__@@A 0048ff10     fltkgl:Fl_Gl_Choice.obj
 0003:00007f14       ?cached_window@@3PAVFl_Window@@A 0048ff14     fltkgl:Fl_Gl_Choice.obj
 0003:00007f1c       ?Gl_Device_Plugin@@3VFl_Gl_Device_Plugin@@A 0048ff1c     fltkgl:Fl_Gl_Device_Plugin.obj
 0003:00007f24       ?gl_fontsize@@3PAVFl_Font_Descriptor@@A 0048ff24     fltkgl:gl_draw.obj
 0003:00007f28       ?buf@?1??gl_draw@@YAXPBDH@Z@4PA_WA 0048ff28     fltkgl:gl_draw.obj
 0003:00007f2c       ?l@?1??gl_draw@@YAXPBDH@Z@4HA 0048ff2c     fltkgl:gl_draw.obj
 0003:00007f30       _GS_ExceptionRecord        0048ff30     MSVCRT:gs_report.obj
 0003:00007f80       _GS_ContextRecord          0048ff80     MSVCRT:gs_report.obj
 0003:00008254       ?is_initialized_as_dll@@3_NA 00490254     MSVCRT:utility.obj
 0003:00008255       ?module_local_atexit_table_initialized@@3_NA 00490255     MSVCRT:utility.obj
 0003:00008258       ?module_local_atexit_table@@3U_onexit_table_t@@A 00490258     MSVCRT:utility.obj
 0003:00008264       ?module_local_at_quick_exit_table@@3U_onexit_table_t@@A 00490264     MSVCRT:utility.obj
 0003:00008270       ?g_tss_cv@@3U_RTL_CONDITION_VARIABLE@@A 00490270     MSVCRT:thread_safe_statics.obj
 0003:00008274       ?g_tss_event@@3PAXA        00490274     MSVCRT:thread_safe_statics.obj
 0003:00008278       ?g_tss_mutex@@3U_RTL_CRITICAL_SECTION@@A 00490278     MSVCRT:thread_safe_statics.obj
 0003:00008290       ?g_sleep_condition_variable_cs@@3P6GHPAU_RTL_CONDITION_VARIABLE@@PAU_RTL_CRITICAL_SECTION@@K@ZA 00490290     MSVCRT:thread_safe_statics.obj
 0003:00008294       ?g_wake_all_condition_variable@@3P6GXPAU_RTL_CONDITION_VARIABLE@@@ZA 00490294     MSVCRT:thread_safe_statics.obj
 0003:000082b8       ?_Fac_head@std@@3PAU_Fac_node@1@A 004902b8     msvcprt:locale0_implib.obj
 0003:000082bc       ?_Fac_tidy_reg@std@@3U_Fac_tidy_reg_t@1@B 004902bc     msvcprt:locale0_implib.obj
 0003:000082c0       ?mbwbuf@?1??mbcs2utf@@9@9  004902c0     fltk:fl_call_main.obj
 0004:00000060       $R000000                   00491060     * linker generated manifest res *
