 ray

 Timestamp is 672f332f (Sat Nov  9 18:02:23 2024)

 Preferred load address is 00400000

 Start         Length     Name                   Class
 0001:00000000 000001e0H .text$di                CODE
 0001:000001e0 000744a0H .text$mn                CODE
 0001:00074680 000023d0H .text$x                 CODE
 0001:00076a50 000000d9H .text$yd                CODE
 0002:00000000 000006b4H .idata$5                DATA
 0002:000006b4 00000008H .00cfg                  DATA
 0002:000006bc 00000004H .CRT$XCA                DATA
 0002:000006c0 00000004H .CRT$XCAA               DATA
 0002:000006c4 00000004H .CRT$XCL                DATA
 0002:000006c8 0000002cH .CRT$XCU                DATA
 0002:000006f4 00000004H .CRT$XCZ                DATA
 0002:000006f8 00000004H .CRT$XIA                DATA
 0002:000006fc 00000004H .CRT$XIAA               DATA
 0002:00000700 00000004H .CRT$XIAC               DATA
 0002:00000704 00000004H .CRT$XIC                DATA
 0002:00000708 00000004H .CRT$XIZ                DATA
 0002:0000070c 00000004H .CRT$XLA                DATA
 0002:00000710 00000004H .CRT$XLZ                DATA
 0002:00000714 00000004H .CRT$XPA                DATA
 0002:00000718 00000004H .CRT$XPZ                DATA
 0002:0000071c 00000004H .CRT$XTA                DATA
 0002:00000720 00000010H .CRT$XTZ                DATA
 0002:00000724 00000000H .gfids$y                DATA
 0002:00000730 00007d90H .rdata                  DATA
 0002:000084c0 00000004H .rdata$CastGuardVftablesA DATA
 0002:000084c4 00000004H .rdata$CastGuardVftablesC DATA
 0002:000084c8 00000018H .rdata$T                DATA
 0002:000084e0 000024a8H .rdata$r                DATA
 0002:0000a988 00000028H .rdata$voltmd           DATA
 0002:0000a9b0 0000041cH .rdata$zzzdbg           DATA
 0002:0000adcc 00000004H .rtc$IAA                DATA
 0002:0000add0 00000004H .rtc$IZZ                DATA
 0002:0000add4 00000004H .rtc$TAA                DATA
 0002:0000add8 00000004H .rtc$TZZ                DATA
 0002:0000addc 00000004H .tls                    DATA
 0002:0000ade0 00000004H .tls$                   DATA
 0002:0000ade4 00000004H .tls$ZZZ                DATA
 0002:0000ade8 000020c0H .xdata$x                DATA
 0002:0000cea8 00000000H .edata                  DATA
 0002:0000cea8 000001b8H .idata$2                DATA
 0002:0000d060 00000014H .idata$3                DATA
 0002:0000d074 000006b4H .idata$4                DATA
 0002:0000d728 0000245cH .idata$6                DATA
 0003:00000000 00001e88H .data                   DATA
 0003:00001e88 000009a0H .data$r                 DATA
 0003:00002828 000004c8H .data$rs                DATA
 0003:00002cf0 000055e8H .bss                    DATA
 0004:00000000 00000060H .rsrc$01                DATA
 0004:00000060 00000180H .rsrc$02                DATA

  Address         Publics by Value              Rva+Base       Lib:Object

 0000:00000000       ___arm64x_extra_rfe_table  00000000     <absolute>
 0000:00000000       ___arm64x_native_entrypoint 00000000     <absolute>
 0000:00000000       ___guard_longjmp_table     00000000     <absolute>
 0000:00000000       ___arm64x_extra_rfe_table_size 00000000     <absolute>
 0000:00000000       ___x64_code_ranges_to_entry_points 00000000     <absolute>
 0000:00000000       ___safe_se_handler_table   00000000     <absolute>
 0000:00000000       ___hybrid_auxiliary_iat    00000000     <absolute>
 0000:00000000       ___guard_eh_cont_table     00000000     <absolute>
 0000:00000000       ___guard_check_icall_a64n_fptr 00000000     <absolute>
 0000:00000000       ___dynamic_value_reloc_table 00000000     <absolute>
 0000:00000000       ___arm64x_redirection_metadata_count 00000000     <absolute>
 0000:00000000       ___arm64x_redirection_metadata 00000000     <absolute>
 0000:00000000       ___guard_fids_count        00000000     <absolute>
 0000:00000000       ___enclave_config          00000000     <absolute>
 0000:00000000       ___guard_eh_cont_count     00000000     <absolute>
 0000:00000000       ___hybrid_code_map         00000000     <absolute>
 0000:00000000       ___hybrid_code_map_count   00000000     <absolute>
 0000:00000000       ___hybrid_auxiliary_iat_copy 00000000     <absolute>
 0000:00000000       ___guard_fids_table        00000000     <absolute>
 0000:00000000       ___AbsoluteZero            00000000     <absolute>
 0000:00000000       ___guard_iat_table         00000000     <absolute>
 0000:00000000       ___guard_iat_count         00000000     <absolute>
 0000:00000000       ___safe_se_handler_count   00000000     <absolute>
 0000:00000000       ___x64_code_ranges_to_entry_points_count 00000000     <absolute>
 0000:00000000       ___guard_longjmp_count     00000000     <absolute>
 0000:0000002c       __tls_array                0000002c     <absolute>
 0000:00000100       ___guard_flags             00000100     <absolute>
 0000:00000000       ___ImageBase               00400000     <linker-defined>
 0001:000001e0       ?GetOption@@YAHHPAPADPAD0@Z 004011e0 f   getopt.obj
 0001:000002c0       ?getopt@@YAHHPAPADPAD@Z    004012c0 f   getopt.obj
 0001:000003b0       ??_H@YGXPAXIIP6EPAX0@Z@Z   004013b0 f i main.obj
 0001:000003e0       ?processArgs@@YA_NHPAPAD@Z 004013e0 f   main.obj
 0001:000004d0       ?usage@@YAXXZ              004014d0 f   main.obj
 0001:000004f0       ___local_stdio_printf_options 004014f0 f i main.obj
 0001:00000500       _fprintf                   00401500 f i main.obj
 0001:00000530       _main                      00401530 f   main.obj
 0001:00000820       ??$_Allocate_manually_vector_aligned@U_Default_allocate_traits@std@@@std@@YAPAXI@Z 00401820 f i RayTracer.obj
 0001:00000860       ??$pow@NH$0A@@@YANNH@Z     00401860 f i RayTracer.obj
 0001:00000890       ??0RayTracer@@QAE@XZ       00401890 f   RayTracer.obj
 0001:000008c0       ??0bad_alloc@std@@QAE@ABV01@@Z 004018c0 f i RayTracer.obj
 0001:00000900       ??0bad_array_new_length@std@@QAE@ABV01@@Z 00401900 f i RayTracer.obj
 0001:00000940       ??0bad_array_new_length@std@@QAE@XZ 00401940 f i RayTracer.obj
 0001:00000960       ??0exception@std@@QAE@ABV01@@Z 00401960 f i RayTracer.obj
 0001:00000990       ??0vec3f@@QAE@XZ           00401990 f i RayTracer.obj
 0001:000009a0       ??1?$basic_string@DU?$char_traits@D@std@@V?$allocator@D@2@@std@@QAE@XZ 004019a0 f i RayTracer.obj
 0001:000009f0       ??1ParseError@@QAE@XZ      004019f0 f i RayTracer.obj
 0001:00000a40       ??1RayTracer@@QAE@XZ       00401a40 f   RayTracer.obj
 0001:00000a60       ??1bad_array_new_length@std@@UAE@XZ 00401a60 f i RayTracer.obj
 0001:00000a80       ??1exception@std@@UAE@XZ   00401a80 f i RayTracer.obj
 0001:00000aa0       ??1isect@@QAE@XZ           00401aa0 f i RayTracer.obj
 0001:00000ac0       ??_Ebad_alloc@std@@UAEPAXI@Z 00401ac0 f i RayTracer.obj
 0001:00000ac0       ??_Gbad_alloc@std@@UAEPAXI@Z 00401ac0 f i RayTracer.obj
 0001:00000af0       ??_Gbad_array_new_length@std@@UAEPAXI@Z 00401af0 f i RayTracer.obj
 0001:00000af0       ??_Ebad_array_new_length@std@@UAEPAXI@Z 00401af0 f i RayTracer.obj
 0001:00000b20       ??_Eexception@std@@UAEPAXI@Z 00401b20 f i RayTracer.obj
 0001:00000b20       ??_Gexception@std@@UAEPAXI@Z 00401b20 f i RayTracer.obj
 0001:00000b50       ?_Throw_bad_array_new_length@std@@YAXXZ 00401b50 f i RayTracer.obj
 0001:00000b70       ?_Xlen_string@std@@YAXXZ   00401b70 f i RayTracer.obj
 0001:00000b80       ?allocate@?$allocator@D@std@@QAEPADI@Z 00401b80 f i RayTracer.obj
 0001:00000be0       ?aspectRatio@RayTracer@@QAENXZ 00401be0 f   RayTracer.obj
 0001:00000c20       ?assign@?$basic_string@DU?$char_traits@D@std@@V?$allocator@D@2@@std@@QAEAAV12@QBDI@Z 00401c20 f i RayTracer.obj
 0001:00000d10       ?getBuffer@RayTracer@@QAEXAAPAEAAH1@Z 00401d10 f   RayTracer.obj
 0001:00000d30       ?isTIR@RayTracer@@QAE_NVray@@Visect@@NN@Z 00401d30 f   RayTracer.obj
 0001:00000ec0       ?loadScene@RayTracer@@QAE_NPAD@Z 00401ec0 f   RayTracer.obj
 0001:00001030       ?reflect@RayTracer@@QAE?AVvec3f@@Vray@@Visect@@_N@Z 00402030 f   RayTracer.obj
 0001:00001180       ?refract_dir@RayTracer@@QAE?AVvec3f@@Vray@@Visect@@NN_N@Z 00402180 f   RayTracer.obj
 0001:00001360       ?sceneLoaded@RayTracer@@QAE_NXZ 00402360 f   RayTracer.obj
 0001:00001370       ?trace@RayTracer@@QAE?AVvec3f@@PAVScene@@NN@Z 00402370 f   RayTracer.obj
 0001:000014a0       ?traceLines@RayTracer@@QAEXHH@Z 004024a0 f   RayTracer.obj
 0001:00001670       ?tracePixel@RayTracer@@QAEXHH@Z 00402670 f   RayTracer.obj
 0001:000017f0       ?traceRay@RayTracer@@QAE?AVvec3f@@PAVScene@@ABVray@@ABV2@H@Z 004027f0 f   RayTracer.obj
 0001:00002300       ?traceSetup@RayTracer@@QAEXHH@Z 00403300 f   RayTracer.obj
 0001:00002360       ?what@exception@std@@UBEPBDXZ 00403360 f i RayTracer.obj
 0001:00002370       ??0TraceGLWindow@@QAE@HHHHPBD@Z 00403370 f   TraceGLWindow.obj
 0001:000023f0       ??_GFl_Gl_Window@@UAEPAXI@Z 004033f0 f i TraceGLWindow.obj
 0001:000023f0       ??_EFl_Gl_Window@@UAEPAXI@Z 004033f0 f i TraceGLWindow.obj
 0001:00002420       ??_GTraceGLWindow@@UAEPAXI@Z 00403420 f i TraceGLWindow.obj
 0001:00002420       ??_ETraceGLWindow@@UAEPAXI@Z 00403420 f i TraceGLWindow.obj
 0001:00002450       ?as_gl_window@Fl_Gl_Window@@UAEPAV1@XZ 00403450 f i TraceGLWindow.obj
 0001:00002460       ?as_group@Fl_Group@@UAEPAV1@XZ 00403460 f i TraceGLWindow.obj
 0001:00002470       ?as_window@Fl_Window@@UAEPAV1@XZ 00403470 f i TraceGLWindow.obj
 0001:00002480       ?draw@TraceGLWindow@@UAEXXZ 00403480 f   TraceGLWindow.obj
 0001:00002560       ?handle@TraceGLWindow@@UAEHH@Z 00403560 f   TraceGLWindow.obj
 0001:00002570       ?refresh@TraceGLWindow@@QAEXXZ 00403570 f   TraceGLWindow.obj
 0001:00002580       ?resizeWindow@TraceGLWindow@@QAEXHH@Z 00403580 f   TraceGLWindow.obj
 0001:000025b0       ?saveImage@TraceGLWindow@@QAEXPAD@Z 004035b0 f   TraceGLWindow.obj
 0001:00002600       ?setRayTracer@TraceGLWindow@@QAEXPAVRayTracer@@@Z 00403600 f   TraceGLWindow.obj
 0001:00002610       ?cb_load_scene@TraceUI@@CAXPAVFl_Menu_@@PAX@Z 00403610 f   TraceUI.obj
 0001:000026b0       ?cb_save_image@TraceUI@@CAXPAVFl_Menu_@@PAX@Z 004036b0 f   TraceUI.obj
 0001:000026f0       ?cb_exit@TraceUI@@CAXPAVFl_Menu_@@PAX@Z 004036f0 f   TraceUI.obj
 0001:00002720       ?cb_about@TraceUI@@CAXPAVFl_Menu_@@PAX@Z 00403720 f   TraceUI.obj
 0001:00002730       ??0TraceUI@@QAE@XZ         00403730 f   TraceUI.obj
 0001:00002b40       ?cb_depthSlides@TraceUI@@CAXPAVFl_Widget@@PAX@Z 00403b40 f   TraceUI.obj
 0001:00002b60       ?cb_exit2@TraceUI@@CAXPAVFl_Widget@@PAX@Z 00403b60 f   TraceUI.obj
 0001:00002b90       ?cb_render@TraceUI@@CAXPAVFl_Widget@@PAX@Z 00403b90 f   TraceUI.obj
 0001:00002da0       ?cb_sizeSlides@TraceUI@@CAXPAVFl_Widget@@PAX@Z 00403da0 f   TraceUI.obj
 0001:00002df0       ?cb_stop@TraceUI@@CAXPAVFl_Widget@@PAX@Z 00403df0 f   TraceUI.obj
 0001:00002e00       ?cb_threshSlides@TraceUI@@CAXPAVFl_Widget@@PAX@Z 00403e00 f   TraceUI.obj
 0001:00002e20       ?getDepth@TraceUI@@QAEHXZ  00403e20 f   TraceUI.obj
 0001:00002e30       ?getSize@TraceUI@@QAEHXZ   00403e30 f   TraceUI.obj
 0001:00002e40       ?getThresh@TraceUI@@QAEHXZ 00403e40 f   TraceUI.obj
 0001:00002e50       ?setRayTracer@TraceUI@@QAEXPAVRayTracer@@@Z 00403e50 f   TraceUI.obj
 0001:00002e70       ?show@TraceUI@@QAEXXZ      00403e70 f   TraceUI.obj
 0001:00002e80       ?whoami@TraceUI@@CAPAV1@PAVFl_Menu_@@@Z 00403e80 f   TraceUI.obj
 0001:00002e90       _sprintf                   00403e90 f i TraceUI.obj
 0001:00002ed0       ?readBMP@@YAPAEPADAAH1@Z   00403ed0 f   bitmap.obj
 0001:00003060       ?writeBMP@@YAXPADHHPAE@Z   00404060 f   bitmap.obj
 0001:000031f0       ??$?6DU?$char_traits@D@std@@V?$allocator@D@1@@std@@YAAAV?$basic_ostream@DU?$char_traits@D@std@@@0@AAV10@ABV?$basic_string@DU?$char_traits@D@std@@V?$allocator@D@2@@0@@Z 004041f0 f i parse.obj
 0001:00003220       ??$?6U?$char_traits@D@std@@@std@@YAAAV?$basic_ostream@DU?$char_traits@D@std@@@0@AAV10@D@Z 00404220 f i parse.obj
 0001:000033f0       ??$?6U?$char_traits@D@std@@@std@@YAAAV?$basic_ostream@DU?$char_traits@D@std@@@0@AAV10@PBD@Z 004043f0 f i parse.obj
 0001:000035e0       ??$?8DU?$char_traits@D@std@@V?$allocator@D@1@@std@@YA_NABV?$basic_string@DU?$char_traits@D@std@@V?$allocator@D@2@@0@QBD@Z 004045e0 f i parse.obj
 0001:00003670       ??$?MDU?$char_traits@D@std@@V?$allocator@D@1@@std@@YA_NABV?$basic_string@DU?$char_traits@D@std@@V?$allocator@D@2@@0@0@Z 00404670 f i parse.obj
 0001:000036b0       ??$_Copy_memmove@PAPAVObj@@PAPAV1@@std@@YAPAPAVObj@@PAPAV1@00@Z 004046b0 f i parse.obj
 0001:000036e0       ??$_Copy_nodes@U_Copy_tag@?$_Tree@V?$_Tmap_traits@V?$basic_string@DU?$char_traits@D@std@@V?$allocator@D@2@@std@@PAVObj@@U?$less@V?$basic_string@DU?$char_traits@D@std@@V?$allocator@D@2@@std@@@2@V?$allocator@U?$pair@$$CBV?$basic_string@DU?$char_traits@D@std@@V?$allocator@D@2@@std@@PAVObj@@@std@@@2@$0A@@std@@@std@@@?$_Tree@V?$_Tmap_traits@V?$basic_string@DU?$char_traits@D@std@@V?$allocator@D@2@@std@@PAVObj@@U?$less@V?$basic_string@DU?$char_traits@D@std@@V?$allocator@D@2@@std@@@2@V?$allocator@U?$pair@$$CBV?$basic_string@DU?$char_traits@D@std@@V?$allocator@D@2@@std@@PAVObj@@@std@@@2@$0A@@std@@@std@@IAEPAU?$_Tree_node@U?$pair@$$CBV?$basic_string@DU?$char_traits@D@std@@V?$allocator@D@2@@std@@PAVObj@@@std@@PAX@1@PAU21@0U_Copy_tag@01@@Z 004046e0 f i parse.obj
 0001:000037e0       ??$_Emplace_reallocate@PAVObj@@@?$vector@PAVObj@@V?$allocator@PAVObj@@@std@@@std@@QAEPAPAVObj@@QAPAV2@$$QAPAV2@@Z 004047e0 f i parse.obj
 0001:000038f0       ??$_Erase_tree@V?$allocator@U?$_Tree_node@U?$pair@$$CBV?$basic_string@DU?$char_traits@D@std@@V?$allocator@D@2@@std@@PAVObj@@@std@@PAX@std@@@std@@@?$_Tree_val@U?$_Tree_simple_types@U?$pair@$$CBV?$basic_string@DU?$char_traits@D@std@@V?$allocator@D@2@@std@@PAVObj@@@std@@@std@@@std@@QAEXAAV?$allocator@U?$_Tree_node@U?$pair@$$CBV?$basic_string@DU?$char_traits@D@std@@V?$allocator@D@2@@std@@PAVObj@@@std@@PAX@std@@@1@PAU?$_Tree_node@U?$pair@$$CBV?$basic_string@DU?$char_traits@D@std@@V?$allocator@D@2@@std@@PAVObj@@@std@@PAX@1@@Z 004048f0 f i parse.obj
 0001:00003980       ??$_Erase_tree_and_orphan@V?$allocator@U?$_Tree_node@U?$pair@$$CBV?$basic_string@DU?$char_traits@D@std@@V?$allocator@D@2@@std@@PAVObj@@@std@@PAX@std@@@std@@@?$_Tree_val@U?$_Tree_simple_types@U?$pair@$$CBV?$basic_string@DU?$char_traits@D@std@@V?$allocator@D@2@@std@@PAVObj@@@std@@@std@@@std@@QAEXAAV?$allocator@U?$_Tree_node@U?$pair@$$CBV?$basic_string@DU?$char_traits@D@std@@V?$allocator@D@2@@std@@PAVObj@@@std@@PAX@std@@@1@PAU?$_Tree_node@U?$pair@$$CBV?$basic_string@DU?$char_traits@D@std@@V?$allocator@D@2@@std@@PAVObj@@@std@@PAX@1@@Z 00404980 f i parse.obj
 0001:00003a10       ??$_Insert_string@DU?$char_traits@D@std@@I@std@@YAAAV?$basic_ostream@DU?$char_traits@D@std@@@0@AAV10@QBDI@Z 00404a10 f i parse.obj
 0001:00003bc0       ??$_Traits_compare@U?$char_traits@D@std@@@std@@YAHQBDI0I@Z 00404bc0 f i parse.obj
 0001:00003c50       ??0?$basic_string@DU?$char_traits@D@std@@V?$allocator@D@2@@std@@QAE@ABV01@@Z 00404c50 f i parse.obj
 0001:00003ce0       ??0?$basic_string@DU?$char_traits@D@std@@V?$allocator@D@2@@std@@QAE@QBD@Z 00404ce0 f i parse.obj
 0001:00003d20       ??0?$basic_string@DU?$char_traits@D@std@@V?$allocator@D@2@@std@@QAE@U_String_constructor_concat_tag@1@AAV01@1@Z 00404d20 f i parse.obj
 0001:00003eb0       ??0Exception@@QAE@ABV0@@Z  00404eb0 f i parse.obj
 0001:00003ed0       ??0IdObj@@QAE@ABV?$basic_string@DU?$char_traits@D@std@@V?$allocator@D@2@@std@@@Z 00404ed0 f i parse.obj
 0001:00003f30       ??0ObjTypeMismatch@@QAE@ABV0@@Z 00404f30 f i parse.obj
 0001:00003f50       ??0ObjTypeMismatch@@QAE@V?$basic_string@DU?$char_traits@D@std@@V?$allocator@D@2@@std@@0@Z 00404f50 f i parse.obj
 0001:00004350       ??0ParseError@@QAE@ABV0@@Z 00405350 f i parse.obj
 0001:00004370       ??0ParseError@@QAE@ABV?$basic_string@DU?$char_traits@D@std@@V?$allocator@D@2@@std@@@Z 00405370 f i parse.obj
 0001:00004390       ??0sentry@?$basic_ostream@DU?$char_traits@D@std@@@std@@QAE@AAV12@@Z 00405390 f i parse.obj
 0001:00004430       ??1?$_Alloc_construct_ptr@V?$allocator@U?$_Tree_node@U?$pair@$$CBV?$basic_string@DU?$char_traits@D@std@@V?$allocator@D@2@@std@@PAVObj@@@std@@PAX@std@@@std@@@std@@QAE@XZ 00405430 f i parse.obj
 0001:00004450       ??1?$_Tree_head_scoped_ptr@V?$allocator@U?$_Tree_node@U?$pair@$$CBV?$basic_string@DU?$char_traits@D@std@@V?$allocator@D@2@@std@@PAVObj@@@std@@PAX@std@@@std@@V?$_Tree_val@U?$_Tree_simple_types@U?$pair@$$CBV?$basic_string@DU?$char_traits@D@std@@V?$allocator@D@2@@std@@PAVObj@@@std@@@std@@@2@@std@@QAE@XZ 00405450 f i parse.obj
 0001:00004480       ??1?$_Tree_temp_node_alloc@V?$allocator@U?$_Tree_node@U?$pair@$$CBV?$basic_string@DU?$char_traits@D@std@@V?$allocator@D@2@@std@@PAVObj@@@std@@PAX@std@@@std@@@std@@QAE@XZ 00405480 f i parse.obj
 0001:000044a0       ??1?$map@V?$basic_string@DU?$char_traits@D@std@@V?$allocator@D@2@@std@@PAVObj@@U?$less@V?$basic_string@DU?$char_traits@D@std@@V?$allocator@D@2@@std@@@2@V?$allocator@U?$pair@$$CBV?$basic_string@DU?$char_traits@D@std@@V?$allocator@D@2@@std@@PAVObj@@@std@@@2@@std@@QAE@XZ 004054a0 f i parse.obj
 0001:000044c0       ??1?$vector@PAVObj@@V?$allocator@PAVObj@@@std@@@std@@QAE@XZ 004054c0 f i parse.obj
 0001:00004520       ??1BooleanObj@@UAE@XZ      00405520 f i parse.obj
 0001:00004530       ??1DictObj@@UAE@XZ         00405530 f i parse.obj
 0001:000045a0       ??1IdObj@@UAE@XZ           004055a0 f i parse.obj
 0001:00004600       ??1NamedObj@@UAE@XZ        00405600 f i parse.obj
 0001:00004670       ??1Obj@@UAE@XZ             00405670 f i parse.obj
 0001:00004680       ??1ObjTypeMismatch@@QAE@XZ 00405680 f i parse.obj
 0001:000046d0       ??1ScalarObj@@UAE@XZ       004056d0 f i parse.obj
 0001:000046e0       ??1StringObj@@UAE@XZ       004056e0 f i parse.obj
 0001:00004740       ??1TupleObj@@UAE@XZ        00405740 f i parse.obj
 0001:000047c0       ??1_Sentry_base@?$basic_ostream@DU?$char_traits@D@std@@@std@@QAE@XZ 004057c0 f i parse.obj
 0001:00004810       ??1sentry@?$basic_ostream@DU?$char_traits@D@std@@@std@@QAE@XZ 00405810 f i parse.obj
 0001:00004880       ??E?$_Tree_const_iterator@V?$_Tree_val@U?$_Tree_simple_types@U?$pair@$$CBV?$basic_string@DU?$char_traits@D@std@@V?$allocator@D@2@@std@@PAVObj@@@std@@@std@@@std@@@std@@QAEAAV01@XZ 00405880 f i parse.obj
 0001:000048e0       ??_EBooleanObj@@UAEPAXI@Z  004058e0 f i parse.obj
 0001:000048e0       ??_GBooleanObj@@UAEPAXI@Z  004058e0 f i parse.obj
 0001:00004910       ??_GDictObj@@UAEPAXI@Z     00405910 f i parse.obj
 0001:00004910       ??_EDictObj@@UAEPAXI@Z     00405910 f i parse.obj
 0001:00004990       ??_GIdObj@@UAEPAXI@Z       00405990 f i parse.obj
 0001:00004990       ??_EIdObj@@UAEPAXI@Z       00405990 f i parse.obj
 0001:00004a10       ??_ENamedObj@@UAEPAXI@Z    00405a10 f i parse.obj
 0001:00004a10       ??_GNamedObj@@UAEPAXI@Z    00405a10 f i parse.obj
 0001:00004a90       ??_GObj@@UAEPAXI@Z         00405a90 f i parse.obj
 0001:00004a90       ??_EObj@@UAEPAXI@Z         00405a90 f i parse.obj
 0001:00004ac0       ??_GScalarObj@@UAEPAXI@Z   00405ac0 f i parse.obj
 0001:00004ac0       ??_EScalarObj@@UAEPAXI@Z   00405ac0 f i parse.obj
 0001:00004af0       ??_GStringObj@@UAEPAXI@Z   00405af0 f i parse.obj
 0001:00004af0       ??_EStringObj@@UAEPAXI@Z   00405af0 f i parse.obj
 0001:00004b70       ??_GTupleObj@@UAEPAXI@Z    00405b70 f i parse.obj
 0001:00004b70       ??_ETupleObj@@UAEPAXI@Z    00405b70 f i parse.obj
 0001:00004c10       ?_Getal@?$_Tree@V?$_Tmap_traits@V?$basic_string@DU?$char_traits@D@std@@V?$allocator@D@2@@std@@PAVObj@@U?$less@V?$basic_string@DU?$char_traits@D@std@@V?$allocator@D@2@@std@@@2@V?$allocator@U?$pair@$$CBV?$basic_string@DU?$char_traits@D@std@@V?$allocator@D@2@@std@@PAVObj@@@std@@@2@$0A@@std@@@std@@IAEAAV?$allocator@U?$_Tree_node@U?$pair@$$CBV?$basic_string@DU?$char_traits@D@std@@V?$allocator@D@2@@std@@PAVObj@@@std@@PAX@std@@@2@XZ 00405c10 f i parse.obj
 0001:00004c20       ?_Insert_node@?$_Tree_val@U?$_Tree_simple_types@U?$pair@$$CBV?$basic_string@DU?$char_traits@D@std@@V?$allocator@D@2@@std@@PAVObj@@@std@@@std@@@std@@QAEPAU?$_Tree_node@U?$pair@$$CBV?$basic_string@DU?$char_traits@D@std@@V?$allocator@D@2@@std@@PAVObj@@@std@@PAX@2@U?$_Tree_id@PAU?$_Tree_node@U?$pair@$$CBV?$basic_string@DU?$char_traits@D@std@@V?$allocator@D@2@@std@@PAVObj@@@std@@PAX@std@@@2@QAU32@@Z 00405c20 f i parse.obj
 0001:00004e30       ?_Throw_tree_length_error@std@@YAXXZ 00405e30 f i parse.obj
 0001:00004e40       ?_Xlength@?$vector@PAVObj@@V?$allocator@PAVObj@@@std@@@std@@CAXXZ 00405e40 f i parse.obj
 0001:00004e50       ?allocate@?$allocator@PAVObj@@@std@@QAEPAPAVObj@@I@Z 00405e50 f i parse.obj
 0001:00004eb0       ?append@?$basic_string@DU?$char_traits@D@std@@V?$allocator@D@2@@std@@QAEAAV12@QBDI@Z 00405eb0 f i parse.obj
 0001:000051e0       ?getBoolean@BooleanObj@@UBE_NXZ 004061e0 f i parse.obj
 0001:000051f0       ?getBoolean@Obj@@UBE_NXZ   004061f0 f i parse.obj
 0001:00005260       ?getChild@NamedObj@@UBEPAVObj@@XZ 00406260 f i parse.obj
 0001:00005270       ?getChild@Obj@@UBEPAV1@XZ  00406270 f i parse.obj
 0001:000052e0       ?getDict@DictObj@@UBEABV?$map@V?$basic_string@DU?$char_traits@D@std@@V?$allocator@D@2@@std@@PAVObj@@U?$less@V?$basic_string@DU?$char_traits@D@std@@V?$allocator@D@2@@std@@@2@V?$allocator@U?$pair@$$CBV?$basic_string@DU?$char_traits@D@std@@V?$allocator@D@2@@std@@PAVObj@@@std@@@2@@std@@XZ 004062e0 f i parse.obj
 0001:000052f0       ?getDict@Obj@@UBEABV?$map@V?$basic_string@DU?$char_traits@D@std@@V?$allocator@D@2@@std@@PAVObj@@U?$less@V?$basic_string@DU?$char_traits@D@std@@V?$allocator@D@2@@std@@@2@V?$allocator@U?$pair@$$CBV?$basic_string@DU?$char_traits@D@std@@V?$allocator@D@2@@std@@PAVObj@@@std@@@2@@std@@XZ 004062f0 f i parse.obj
 0001:00005360       ?getID@IdObj@@UBE?AV?$basic_string@DU?$char_traits@D@std@@V?$allocator@D@2@@std@@XZ 00406360 f i parse.obj
 0001:00005380       ?getID@Obj@@UBE?AV?$basic_string@DU?$char_traits@D@std@@V?$allocator@D@2@@std@@XZ 00406380 f i parse.obj
 0001:000053f0       ?getName@NamedObj@@UBE?AV?$basic_string@DU?$char_traits@D@std@@V?$allocator@D@2@@std@@XZ 004063f0 f i parse.obj
 0001:00005410       ?getName@Obj@@UBE?AV?$basic_string@DU?$char_traits@D@std@@V?$allocator@D@2@@std@@XZ 00406410 f i parse.obj
 0001:00005480       ?getScalar@Obj@@UBENXZ     00406480 f i parse.obj
 0001:000054f0       ?getScalar@ScalarObj@@UBENXZ 004064f0 f i parse.obj
 0001:00005500       ?getString@Obj@@UBE?AV?$basic_string@DU?$char_traits@D@std@@V?$allocator@D@2@@std@@XZ 00406500 f i parse.obj
 0001:00005570       ?getString@StringObj@@UBE?AV?$basic_string@DU?$char_traits@D@std@@V?$allocator@D@2@@std@@XZ 00406570 f i parse.obj
 0001:00005590       ?getTuple@Obj@@UBEABV?$vector@PAVObj@@V?$allocator@PAVObj@@@std@@@std@@XZ 00406590 f i parse.obj
 0001:00005600       ?getTuple@TupleObj@@UBEABV?$vector@PAVObj@@V?$allocator@PAVObj@@@std@@@std@@XZ 00406600 f i parse.obj
 0001:00005610       ?getTypeName@BooleanObj@@UBE?AV?$basic_string@DU?$char_traits@D@std@@V?$allocator@D@2@@std@@XZ 00406610 f i parse.obj
 0001:00005650       ?getTypeName@DictObj@@UBE?AV?$basic_string@DU?$char_traits@D@std@@V?$allocator@D@2@@std@@XZ 00406650 f i parse.obj
 0001:00005690       ?getTypeName@IdObj@@UBE?AV?$basic_string@DU?$char_traits@D@std@@V?$allocator@D@2@@std@@XZ 00406690 f i parse.obj
 0001:000056d0       ?getTypeName@NamedObj@@UBE?AV?$basic_string@DU?$char_traits@D@std@@V?$allocator@D@2@@std@@XZ 004066d0 f i parse.obj
 0001:00005710       ?getTypeName@Obj@@UBE?AV?$basic_string@DU?$char_traits@D@std@@V?$allocator@D@2@@std@@XZ 00406710 f i parse.obj
 0001:00005750       ?getTypeName@ScalarObj@@UBE?AV?$basic_string@DU?$char_traits@D@std@@V?$allocator@D@2@@std@@XZ 00406750 f i parse.obj
 0001:00005790       ?getTypeName@StringObj@@UBE?AV?$basic_string@DU?$char_traits@D@std@@V?$allocator@D@2@@std@@XZ 00406790 f i parse.obj
 0001:000057d0       ?getTypeName@TupleObj@@UBE?AV?$basic_string@DU?$char_traits@D@std@@V?$allocator@D@2@@std@@XZ 004067d0 f i parse.obj
 0001:00005810       ?printOn@BooleanObj@@UBEXAAV?$basic_ostream@DU?$char_traits@D@std@@@std@@@Z 00406810 f i parse.obj
 0001:00005840       ?printOn@DictObj@@UBEXAAV?$basic_ostream@DU?$char_traits@D@std@@@std@@@Z 00406840 f i parse.obj
 0001:00005920       ?printOn@IdObj@@UBEXAAV?$basic_ostream@DU?$char_traits@D@std@@@std@@@Z 00406920 f i parse.obj
 0001:00005950       ?printOn@NamedObj@@UBEXAAV?$basic_ostream@DU?$char_traits@D@std@@@std@@@Z 00406950 f i parse.obj
 0001:00005990       ?printOn@Obj@@UBEXAAV?$basic_ostream@DU?$char_traits@D@std@@@std@@@Z 00406990 f i parse.obj
 0001:000059a0       ?printOn@ScalarObj@@UBEXAAV?$basic_ostream@DU?$char_traits@D@std@@@std@@@Z 004069a0 f i parse.obj
 0001:000059c0       ?printOn@StringObj@@UBEXAAV?$basic_ostream@DU?$char_traits@D@std@@@std@@@Z 004069c0 f i parse.obj
 0001:00005a00       ?printOn@TupleObj@@UBEXAAV?$basic_ostream@DU?$char_traits@D@std@@@std@@@Z 00406a00 f i parse.obj
 0001:00005f10       ?readFile@@YAPAVObj@@AAV?$basic_istream@DU?$char_traits@D@std@@@std@@@Z 00406f10 f   parse.obj
 0001:00006be0       ??$?HDU?$char_traits@D@std@@V?$allocator@D@1@@std@@YA?AV?$basic_string@DU?$char_traits@D@std@@V?$allocator@D@2@@0@$$QAV10@ABV10@@Z 00407be0 f i read.obj
 0001:00006c40       ??$?HDU?$char_traits@D@std@@V?$allocator@D@1@@std@@YA?AV?$basic_string@DU?$char_traits@D@std@@V?$allocator@D@2@@0@$$QAV10@QBD@Z 00407c40 f i read.obj
 0001:00006ca0       ??$_Erase_tree@V?$allocator@U?$_Tree_node@U?$pair@$$CBV?$basic_string@DU?$char_traits@D@std@@V?$allocator@D@2@@std@@PAVMaterial@@@std@@PAX@std@@@std@@@?$_Tree_val@U?$_Tree_simple_types@U?$pair@$$CBV?$basic_string@DU?$char_traits@D@std@@V?$allocator@D@2@@std@@PAVMaterial@@@std@@@std@@@std@@QAEXAAV?$allocator@U?$_Tree_node@U?$pair@$$CBV?$basic_string@DU?$char_traits@D@std@@V?$allocator@D@2@@std@@PAVMaterial@@@std@@PAX@std@@@1@PAU?$_Tree_node@U?$pair@$$CBV?$basic_string@DU?$char_traits@D@std@@V?$allocator@D@2@@std@@PAVMaterial@@@std@@PAX@1@@Z 00407ca0 f i read.obj
 0001:00006d30       ??$_Find_lower_bound@V?$basic_string@DU?$char_traits@D@std@@V?$allocator@D@2@@std@@@?$_Tree@V?$_Tmap_traits@V?$basic_string@DU?$char_traits@D@std@@V?$allocator@D@2@@std@@PAVMaterial@@U?$less@V?$basic_string@DU?$char_traits@D@std@@V?$allocator@D@2@@std@@@2@V?$allocator@U?$pair@$$CBV?$basic_string@DU?$char_traits@D@std@@V?$allocator@D@2@@std@@PAVMaterial@@@std@@@2@$0A@@std@@@std@@IBE?AU?$_Tree_find_result@PAU?$_Tree_node@U?$pair@$$CBV?$basic_string@DU?$char_traits@D@std@@V?$allocator@D@2@@std@@PAVMaterial@@@std@@PAX@std@@@1@ABV?$basic_string@DU?$char_traits@D@std@@V?$allocator@D@2@@1@@Z 00407d30 f i read.obj
 0001:00006dc0       ??$_Fputc@D@std@@YA_NDPAU_iobuf@@@Z 00407dc0 f i read.obj
 0001:00006de0       ??$endl@DU?$char_traits@D@std@@@std@@YAAAV?$basic_ostream@DU?$char_traits@D@std@@@0@AAV10@@Z 00407de0 f i read.obj
 0001:00006e10       ??$ends@DU?$char_traits@D@std@@@std@@YAAAV?$basic_ostream@DU?$char_traits@D@std@@@0@AAV10@@Z 00407e10 f i read.obj
 0001:00006e30       ??$use_facet@V?$codecvt@DDU_Mbstatet@@@std@@@std@@YAABV?$codecvt@DDU_Mbstatet@@@0@ABVlocale@0@@Z 00407e30 f i read.obj
 0001:00006f20       ??0?$basic_ifstream@DU?$char_traits@D@std@@@std@@QAE@PBDHH@Z 00407f20 f i read.obj
 0001:00007110       ??0?$fpos@U_Mbstatet@@@std@@QAE@_J@Z 00408110 f i read.obj
 0001:00007140       ??0PointLight@@QAE@PAVScene@@ABVvec3f@@1NNN@Z 00408140 f i read.obj
 0001:000071c0       ??0Scene@@QAE@XZ           004081c0 f i read.obj
 0001:00007390       ??0TransformNode@@IAE@PAV0@ABVmat4f@@@Z 00408390 f i read.obj
 0001:00007820       ??0bad_cast@std@@QAE@ABV01@@Z 00408820 f i read.obj
 0001:00007860       ??0bad_cast@std@@QAE@XZ    00408860 f i read.obj
 0001:00007880       ??0mat4f@@QAE@ABVvec4f@@000@Z 00408880 f i read.obj
 0001:00007950       ??0ostrstream@std@@QAE@XZ  00408950 f i read.obj
 0001:00007a40       ??0vec4f@@QAE@XZ           00408a40 f i read.obj
 0001:00007a50       ??1?$_Alloc_construct_ptr@V?$allocator@U?$_List_node@PAVGeometry@@PAX@std@@@std@@@std@@QAE@XZ 00408a50 f i read.obj
 0001:00007a70       ??1?$_Alloc_construct_ptr@V?$allocator@U?$_List_node@PAVLight@@PAX@std@@@std@@@std@@QAE@XZ 00408a70 f i read.obj
 0001:00007a90       ??1?$_Alloc_construct_ptr@V?$allocator@U?$_List_node@PAVTransformNode@@PAX@std@@@std@@@std@@QAE@XZ 00408a90 f i read.obj
 0001:00007ab0       ??1?$_Alloc_construct_ptr@V?$allocator@U?$_Tree_node@U?$pair@$$CBV?$basic_string@DU?$char_traits@D@std@@V?$allocator@D@2@@std@@PAVMaterial@@@std@@PAX@std@@@std@@@std@@QAE@XZ 00408ab0 f i read.obj
 0001:00007ad0       ??1?$_Tree_temp_node_alloc@V?$allocator@U?$_Tree_node@U?$pair@$$CBV?$basic_string@DU?$char_traits@D@std@@V?$allocator@D@2@@std@@PAVMaterial@@@std@@PAX@std@@@std@@@std@@QAE@XZ 00408ad0 f i read.obj
 0001:00007af0       ??1?$basic_filebuf@DU?$char_traits@D@std@@@std@@UAE@XZ 00408af0 f i read.obj
 0001:00007bd0       ??1?$basic_ifstream@DU?$char_traits@D@std@@@std@@UAE@XZ 00408bd0 f i read.obj
 0001:00007c00       ??1?$list@PAVGeometry@@V?$allocator@PAVGeometry@@@std@@@std@@QAE@XZ 00408c00 f i read.obj
 0001:00007c40       ??1?$list@PAVLight@@V?$allocator@PAVLight@@@std@@@std@@QAE@XZ 00408c40 f i read.obj
 0001:00007c80       ??1?$list@PAVTransformNode@@V?$allocator@PAVTransformNode@@@std@@@std@@QAE@XZ 00408c80 f i read.obj
 0001:00007cc0       ??1?$map@V?$basic_string@DU?$char_traits@D@std@@V?$allocator@D@2@@std@@PAVMaterial@@U?$less@V?$basic_string@DU?$char_traits@D@std@@V?$allocator@D@2@@std@@@2@V?$allocator@U?$pair@$$CBV?$basic_string@DU?$char_traits@D@std@@V?$allocator@D@2@@std@@PAVMaterial@@@std@@@2@@std@@QAE@XZ 00408cc0 f i read.obj
 0001:00007ce0       ??1?$unique_ptr@V_Facet_base@std@@U?$default_delete@V_Facet_base@std@@@2@@std@@QAE@XZ 00408ce0 f i read.obj
 0001:00007cf0       ??1MaterialSceneObject@@UAE@XZ 00408cf0 f i read.obj
 0001:00007d20       ??1SceneElement@@UAE@XZ    00408d20 f i read.obj
 0001:00007d30       ??1TransformNode@@QAE@XZ   00408d30 f i read.obj
 0001:00007db0       ??1TransformRoot@@QAE@XZ   00408db0 f i read.obj
 0001:00007dc0       ??1bad_cast@std@@UAE@XZ    00408dc0 f i read.obj
 0001:00007de0       ??1locale@std@@QAE@XZ      00408de0 f i read.obj
 0001:00007e00       ??1ostrstream@std@@UAE@XZ  00408e00 f i read.obj
 0001:00007eb0       ??1strstreambuf@std@@UAE@XZ 00408eb0 f i read.obj
 0001:00007f30       ??4?$basic_string@DU?$char_traits@D@std@@V?$allocator@D@2@@std@@QAEAAV01@$$QAV01@@Z 00408f30 f i read.obj
 0001:00007fb0       ??6@YAAAV?$basic_ostream@DU?$char_traits@D@std@@@std@@AAV01@ABVException@@@Z 00408fb0 f i read.obj
 0001:00008060       ??D@YA?AVmat4f@@ABV0@0@Z   00409060 f i read.obj
 0001:000084f0       ??_D?$basic_ifstream@DU?$char_traits@D@std@@@std@@QAEXXZ 004094f0 f i read.obj
 0001:00008530       ??_Dostrstream@std@@QAEXXZ 00409530 f i read.obj
 0001:000085dd       ??_E?$basic_ifstream@DU?$char_traits@D@std@@@std@@$4PPPPPPPM@A@AEPAXI@Z 004095dd f i read.obj
 0001:000085e5       ??_Eostrstream@std@@$4PPPPPPPM@A@AEPAXI@Z 004095e5 f i read.obj
 0001:000085f0       ??_G?$basic_filebuf@DU?$char_traits@D@std@@@std@@UAEPAXI@Z 004095f0 f i read.obj
 0001:000085f0       ??_E?$basic_filebuf@DU?$char_traits@D@std@@@std@@UAEPAXI@Z 004095f0 f i read.obj
 0001:00008620       ??_G?$basic_ifstream@DU?$char_traits@D@std@@@std@@UAEPAXI@Z 00409620 f i read.obj
 0001:00008620       ??_E?$basic_ifstream@DU?$char_traits@D@std@@@std@@UAEPAXI@Z 00409620 f i read.obj
 0001:00008680       ??_EBox@@UAEPAXI@Z         00409680 f i read.obj
 0001:00008680       ??_GBox@@UAEPAXI@Z         00409680 f i read.obj
 0001:000086c0       ??_ECone@@UAEPAXI@Z        004096c0 f i read.obj
 0001:000086c0       ??_GCone@@UAEPAXI@Z        004096c0 f i read.obj
 0001:00008710       ??_GCylinder@@UAEPAXI@Z    00409710 f i read.obj
 0001:00008710       ??_ECylinder@@UAEPAXI@Z    00409710 f i read.obj
 0001:00008750       ??_EDirectionalLight@@UAEPAXI@Z 00409750 f i read.obj
 0001:00008750       ??_GDirectionalLight@@UAEPAXI@Z 00409750 f i read.obj
 0001:00008780       ??_GGeometry@@UAEPAXI@Z    00409780 f i read.obj
 0001:00008780       ??_EGeometry@@UAEPAXI@Z    00409780 f i read.obj
 0001:000087b0       ??_ELight@@UAEPAXI@Z       004097b0 f i read.obj
 0001:000087b0       ??_GLight@@UAEPAXI@Z       004097b0 f i read.obj
 0001:000087e0       ??_GMaterialSceneObject@@UAEPAXI@Z 004097e0 f i read.obj
 0001:000087e0       ??_EMaterialSceneObject@@UAEPAXI@Z 004097e0 f i read.obj
 0001:00008820       ??_EPointLight@@UAEPAXI@Z  00409820 f i read.obj
 0001:00008820       ??_GPointLight@@UAEPAXI@Z  00409820 f i read.obj
 0001:00008850       ??_GScene@@UAEPAXI@Z       00409850 f i read.obj
 0001:00008850       ??_EScene@@UAEPAXI@Z       00409850 f i read.obj
 0001:00008880       ??_GSceneElement@@UAEPAXI@Z 00409880 f i read.obj
 0001:00008880       ??_ESceneElement@@UAEPAXI@Z 00409880 f i read.obj
 0001:000088b0       ??_GSceneObject@@UAEPAXI@Z 004098b0 f i read.obj
 0001:000088b0       ??_ESceneObject@@UAEPAXI@Z 004098b0 f i read.obj
 0001:000088e0       ??_ESphere@@UAEPAXI@Z      004098e0 f i read.obj
 0001:000088e0       ??_GSphere@@UAEPAXI@Z      004098e0 f i read.obj
 0001:00008920       ??_GSquare@@UAEPAXI@Z      00409920 f i read.obj
 0001:00008920       ??_ESquare@@UAEPAXI@Z      00409920 f i read.obj
 0001:00008960       ??_ETrimesh@@UAEPAXI@Z     00409960 f i read.obj
 0001:00008960       ??_GTrimesh@@UAEPAXI@Z     00409960 f i read.obj
 0001:00008990       ??_Gbad_cast@std@@UAEPAXI@Z 00409990 f i read.obj
 0001:00008990       ??_Ebad_cast@std@@UAEPAXI@Z 00409990 f i read.obj
 0001:000089c0       ??_Eostrstream@std@@UAEPAXI@Z 004099c0 f i read.obj
 0001:000089c0       ??_Gostrstream@std@@UAEPAXI@Z 004099c0 f i read.obj
 0001:000089f0       ??_Gstrstreambuf@std@@UAEPAXI@Z 004099f0 f i read.obj
 0001:000089f0       ??_Estrstreambuf@std@@UAEPAXI@Z 004099f0 f i read.obj
 0001:00008a90       ?ComputeBoundingBox@Geometry@@UAEXXZ 00409a90 f i read.obj
 0001:00008fe0       ?ComputeLocalBoundingBox@Box@@UAE?AVBoundingBox@@XZ 00409fe0 f i read.obj
 0001:00009010       ?ComputeLocalBoundingBox@Cone@@UAE?AVBoundingBox@@XZ 0040a010 f i read.obj
 0001:00009070       ?ComputeLocalBoundingBox@Cylinder@@UAE?AVBoundingBox@@XZ 0040a070 f i read.obj
 0001:000090a0       ?ComputeLocalBoundingBox@Geometry@@UAE?AVBoundingBox@@XZ 0040a0a0 f i read.obj
 0001:000090e0       ?ComputeLocalBoundingBox@Sphere@@UAE?AVBoundingBox@@XZ 0040a0e0 f i read.obj
 0001:00009110       ?ComputeLocalBoundingBox@Square@@UAE?AVBoundingBox@@XZ 0040a110 f i read.obj
 0001:00009150       ?_Endwrite@?$basic_filebuf@DU?$char_traits@D@std@@@std@@IAE_NXZ 0040a150 f i read.obj
 0001:00009220       ?_Free@strstreambuf@std@@ABEXPAD@Z 0040a220 f i read.obj
 0001:00009250       ?_Insert_node@?$_Tree_val@U?$_Tree_simple_types@U?$pair@$$CBV?$basic_string@DU?$char_traits@D@std@@V?$allocator@D@2@@std@@PAVMaterial@@@std@@@std@@@std@@QAEPAU?$_Tree_node@U?$pair@$$CBV?$basic_string@DU?$char_traits@D@std@@V?$allocator@D@2@@std@@PAVMaterial@@@std@@PAX@2@U?$_Tree_id@PAU?$_Tree_node@U?$pair@$$CBV?$basic_string@DU?$char_traits@D@std@@V?$allocator@D@2@@std@@PAVMaterial@@@std@@PAX@std@@@2@QAU32@@Z 0040a250 f i read.obj
 0001:00009460       ?_Lock@?$basic_filebuf@DU?$char_traits@D@std@@@std@@UAEXXZ 0040a460 f i read.obj
 0001:00009470       ?_Reset_back@?$basic_filebuf@DU?$char_traits@D@std@@@std@@AAEXXZ 0040a470 f i read.obj
 0001:000094a0       ?_Throw_bad_cast@std@@YAXXZ 0040a4a0 f i read.obj
 0001:000094c0       ?_Unlock@?$basic_filebuf@DU?$char_traits@D@std@@@std@@UAEXXZ 0040a4c0 f i read.obj
 0001:000094d0       ?add@Scene@@QAEXPAVGeometry@@@Z 0040a4d0 f i read.obj
 0001:00009570       ?add@Scene@@QAEXPAVLight@@@Z 0040a570 f i read.obj
 0001:00009600       ?createChild@TransformNode@@QAEPAV1@ABVmat4f@@@Z 0040a600 f i read.obj
 0001:000096d0       ?find@?$_Tree@V?$_Tmap_traits@V?$basic_string@DU?$char_traits@D@std@@V?$allocator@D@2@@std@@PAVMaterial@@U?$less@V?$basic_string@DU?$char_traits@D@std@@V?$allocator@D@2@@std@@@2@V?$allocator@U?$pair@$$CBV?$basic_string@DU?$char_traits@D@std@@V?$allocator@D@2@@std@@PAVMaterial@@@std@@@2@$0A@@std@@@std@@QBE?AV?$_Tree_const_iterator@V?$_Tree_val@U?$_Tree_simple_types@U?$pair@$$CBV?$basic_string@DU?$char_traits@D@std@@V?$allocator@D@2@@std@@PAVMaterial@@@std@@@std@@@std@@@2@ABV?$basic_string@DU?$char_traits@D@std@@V?$allocator@D@2@@2@@Z 0040a6d0 f i read.obj
 0001:00009740       ?find@?$_Tree@V?$_Tmap_traits@V?$basic_string@DU?$char_traits@D@std@@V?$allocator@D@2@@std@@PAVObj@@U?$less@V?$basic_string@DU?$char_traits@D@std@@V?$allocator@D@2@@std@@@2@V?$allocator@U?$pair@$$CBV?$basic_string@DU?$char_traits@D@std@@V?$allocator@D@2@@std@@PAVObj@@@std@@@2@$0A@@std@@@std@@QBE?AV?$_Tree_const_iterator@V?$_Tree_val@U?$_Tree_simple_types@U?$pair@$$CBV?$basic_string@DU?$char_traits@D@std@@V?$allocator@D@2@@std@@PAVObj@@@std@@@std@@@std@@@2@ABV?$basic_string@DU?$char_traits@D@std@@V?$allocator@D@2@@2@@Z 0040a740 f i read.obj
 0001:00009ba0       ?getMaterial@MaterialSceneObject@@UBEABVMaterial@@XZ 0040aba0 f i read.obj
 0001:00009bb0       ?hasBoundingBoxCapability@Box@@UBE_NXZ 0040abb0 f i read.obj
 0001:00009bc0       ?hasBoundingBoxCapability@Cone@@UBE_NXZ 0040abc0 f i read.obj
 0001:00009bd0       ?hasBoundingBoxCapability@Cylinder@@UBE_NXZ 0040abd0 f i read.obj
 0001:00009be0       ?hasBoundingBoxCapability@Sphere@@UBE_NXZ 0040abe0 f i read.obj
 0001:00009bf0       ?hasBoundingBoxCapability@Square@@UBE_NXZ 0040abf0 f i read.obj
 0001:00009c00       ?imbue@?$basic_filebuf@DU?$char_traits@D@std@@@std@@MAEXABVlocale@2@@Z 0040ac00 f i read.obj
 0001:00009d00       ?overflow@?$basic_filebuf@DU?$char_traits@D@std@@@std@@MAEHH@Z 0040ad00 f i read.obj
 0001:00009e80       ?overflow@strstreambuf@std@@MAEHH@Z 0040ae80 f i read.obj
 0001:00009fe0       ?pbackfail@?$basic_filebuf@DU?$char_traits@D@std@@@std@@MAEHH@Z 0040afe0 f i read.obj
 0001:0000a090       ?pbackfail@strstreambuf@std@@MAEHH@Z 0040b090 f i read.obj
 0001:0000e2a0       ?readScene@@YAPAVScene@@AAV?$basic_istream@DU?$char_traits@D@std@@@std@@@Z 0040f2a0 f   read.obj
 0001:0000e520       ?readScene@@YAPAVScene@@ABV?$basic_string@DU?$char_traits@D@std@@V?$allocator@D@2@@std@@@Z 0040f520 f   read.obj
 0001:0000e6e0       ?seekoff@?$basic_filebuf@DU?$char_traits@D@std@@@std@@MAE?AV?$fpos@U_Mbstatet@@@2@_JHH@Z 0040f6e0 f i read.obj
 0001:0000e7c0       ?seekoff@strstreambuf@std@@MAE?AV?$fpos@U_Mbstatet@@@2@_JHH@Z 0040f7c0 f i read.obj
 0001:0000e970       ?seekpos@?$basic_filebuf@DU?$char_traits@D@std@@@std@@MAE?AV?$fpos@U_Mbstatet@@@2@V32@H@Z 0040f970 f i read.obj
 0001:0000ea40       ?seekpos@strstreambuf@std@@MAE?AV?$fpos@U_Mbstatet@@@2@V32@H@Z 0040fa40 f i read.obj
 0001:0000eb10       ?setMaterial@MaterialSceneObject@@UAEXPAVMaterial@@@Z 0040fb10 f i read.obj
 0001:0000eb20       ?setbuf@?$basic_filebuf@DU?$char_traits@D@std@@@std@@MAEPAV?$basic_streambuf@DU?$char_traits@D@std@@@2@PAD_J@Z 0040fb20 f i read.obj
 0001:0000ebf0       ?size@?$vector@PAVObj@@V?$allocator@PAVObj@@@std@@@std@@QBEIXZ 0040fbf0 f i read.obj
 0001:0000ec00       ?str@ostrstream@std@@QAEPADXZ 0040fc00 f i read.obj
 0001:0000ec40       ?sync@?$basic_filebuf@DU?$char_traits@D@std@@@std@@MAEHXZ 0040fc40 f i read.obj
 0001:0000ece0       ?uflow@?$basic_filebuf@DU?$char_traits@D@std@@@std@@MAEHXZ 0040fce0 f i read.obj
 0001:0000f010       ?underflow@?$basic_filebuf@DU?$char_traits@D@std@@@std@@MAEHXZ 00410010 f i read.obj
 0001:0000f050       ?underflow@strstreambuf@std@@MAEHXZ 00410050 f i read.obj
 0001:0000f180       ?xsgetn@?$basic_filebuf@DU?$char_traits@D@std@@@std@@MAE_JPAD_J@Z 00410180 f i read.obj
 0001:0000f2b0       ?xsputn@?$basic_filebuf@DU?$char_traits@D@std@@@std@@MAE_JPBD_J@Z 004102b0 f i read.obj
 0001:0000f390       ?inverse@mat3f@@QBE?AV1@XZ 00410390 f   vecmath.obj
 0001:0000f730       ?inverse@mat4f@@QBE?AV1@XZ 00410730 f   vecmath.obj
 0001:0000fbb0       ??0Camera@@QAE@XZ          00410bb0 f   camera.obj
 0001:0000fc30       ?rayThrough@Camera@@QAEXNNAAVray@@@Z 00410c30 f   camera.obj
 0001:0000fd40       ?setAspectRatio@Camera@@QAEXN@Z 00410d40 f   camera.obj
 0001:0000fed0       ?setEye@Camera@@QAEXABVvec3f@@@Z 00410ed0 f   camera.obj
 0001:0000ff00       ?setFOV@Camera@@QAEXN@Z    00410f00 f   camera.obj
 0001:000100b0       ?setLook@Camera@@QAEXABVvec3f@@0@Z 004110b0 f   camera.obj
 0001:00010320       ?setLook@Camera@@QAEXNNNN@Z 00411320 f   camera.obj
 0001:000105e0       ?update@Camera@@AAEXXZ     004115e0 f   camera.obj
 0001:00010770       ?distanceAttenuation@DirectionalLight@@UBENABVvec3f@@@Z 00411770 f   light.obj
 0001:00010780       ?distanceAttenuation@PointLight@@UBENABVvec3f@@@Z 00411780 f   light.obj
 0001:00010820       ?getColor@DirectionalLight@@UBE?AVvec3f@@ABV2@@Z 00411820 f   light.obj
 0001:00010840       ?getColor@PointLight@@UBE?AVvec3f@@ABV2@@Z 00411840 f   light.obj
 0001:00010860       ?getDirection@DirectionalLight@@UBE?AVvec3f@@ABV2@@Z 00411860 f   light.obj
 0001:00010890       ?getDirection@PointLight@@UBE?AVvec3f@@ABV2@@Z 00411890 f   light.obj
 0001:00010930       ?shadowAttenuation@DirectionalLight@@UBE?AVvec3f@@ABV2@@Z 00411930 f   light.obj
 0001:00010b90       ?shadowAttenuation@PointLight@@UBE?AVvec3f@@ABV2@@Z 00411b90 f   light.obj
 0001:00010ee0       ?shade@Material@@UBE?AVvec3f@@PAVScene@@ABVray@@ABVisect@@@Z 00411ee0 f   material.obj
 0001:000112f0       ?getMaterial@isect@@QBEABVMaterial@@XZ 004122f0 f   ray.obj
 0001:00011300       ??1Scene@@UAE@XZ           00412300 f   scene.obj
 0001:00011490       ??4BoundingBox@@QAEXABV0@@Z 00412490 f   scene.obj
 0001:000114e0       ?hasBoundingBoxCapability@Geometry@@UBE_NXZ 004124e0 f   scene.obj
 0001:000114f0       ?initScene@Scene@@QAEXXZ   004124f0 f   scene.obj
 0001:00011720       ?intersect@BoundingBox@@QBE_NABVray@@AAN1@Z 00412720 f   scene.obj
 0001:00011840       ?intersect@Geometry@@UBE_NABVray@@AAVisect@@@Z 00412840 f   scene.obj
 0001:00011ba0       ?intersect@Scene@@QBE_NABVray@@AAVisect@@@Z 00412ba0 f   scene.obj
 0001:00012180       ?intersectLocal@Geometry@@UBE_NABVray@@AAVisect@@@Z 00413180 f   scene.obj
 0001:00012190       ?intersects@BoundingBox@@QBE_NABV1@@Z 00413190 f   scene.obj
 0001:00012220       ?intersects@BoundingBox@@QBE_NABVvec3f@@@Z 00413220 f   scene.obj
 0001:000122a0       ?intersectLocal@Box@@UBE_NABVray@@AAVisect@@@Z 004132a0 f   Box.obj
 0001:00012460       ?intersectBody@Cone@@QBE_NABVray@@AAVisect@@@Z 00413460 f   Cone.obj
 0001:00012830       ?intersectCaps@Cone@@QBE_NABVray@@AAVisect@@@Z 00413830 f   Cone.obj
 0001:000129c0       ?intersectLocal@Cone@@UBE_NABVray@@AAVisect@@@Z 004139c0 f   Cone.obj
 0001:00012e40       ?intersectBody@Cylinder@@QBE_NABVray@@AAVisect@@@Z 00413e40 f   Cylinder.obj
 0001:00013140       ?intersectCaps@Cylinder@@QBE_NABVray@@AAVisect@@@Z 00414140 f   Cylinder.obj
 0001:00013260       ?intersectLocal@Cylinder@@UBE_NABVray@@AAVisect@@@Z 00414260 f   Cylinder.obj
 0001:00013680       ?intersectLocal@Sphere@@UBE_NABVray@@AAVisect@@@Z 00414680 f   Sphere.obj
 0001:00013890       ?intersectLocal@Square@@UBE_NABVray@@AAVisect@@@Z 00414890 f   Square.obj
 0001:00013960       ??$_Copy_memmove@PAPAVMaterial@@PAPAV1@@std@@YAPAPAVMaterial@@PAPAV1@00@Z 00414960 f i trimesh.obj
 0001:00013990       ??$_Copy_memmove@PAPAVTrimeshFace@@PAPAV1@@std@@YAPAPAVTrimeshFace@@PAPAV1@00@Z 00414990 f i trimesh.obj
 0001:000139c0       ??$_Emplace_reallocate@ABQAVMaterial@@@?$vector@PAVMaterial@@V?$allocator@PAVMaterial@@@std@@@std@@QAEPAPAVMaterial@@QAPAV2@ABQAV2@@Z 004149c0 f i trimesh.obj
 0001:00013b20       ??$_Emplace_reallocate@ABQAVTrimeshFace@@@?$vector@PAVTrimeshFace@@V?$allocator@PAVTrimeshFace@@@std@@@std@@QAEPAPAVTrimeshFace@@QAPAV2@ABQAV2@@Z 00414b20 f i trimesh.obj
 0001:00013c80       ??$_Emplace_reallocate@ABVvec3f@@@?$vector@Vvec3f@@V?$allocator@Vvec3f@@@std@@@std@@QAEPAVvec3f@@QAV2@ABV2@@Z 00414c80 f i trimesh.obj
 0001:00013d90       ??$_Resize_reallocate@U_Value_init_tag@std@@@?$vector@Vvec3f@@V?$allocator@Vvec3f@@@std@@@std@@AAEXIABU_Value_init_tag@1@@Z 00414d90 f i trimesh.obj
 0001:00013e80       ??0Material@@QAE@ABV0@@Z   00414e80 f i trimesh.obj
 0001:00013f80       ??1?$vector@Vvec3f@@V?$allocator@Vvec3f@@@std@@@std@@QAE@XZ 00414f80 f i trimesh.obj
 0001:00013ff0       ??1Trimesh@@UAE@XZ         00414ff0 f   trimesh.obj
 0001:000140f0       ??_GTrimeshFace@@UAEPAXI@Z 004150f0 f i trimesh.obj
 0001:000140f0       ??_ETrimeshFace@@UAEPAXI@Z 004150f0 f i trimesh.obj
 0001:00014130       ?ComputeLocalBoundingBox@TrimeshFace@@UAE?AVBoundingBox@@XZ 00415130 f i trimesh.obj
 0001:00014250       ?_Change_array@?$vector@Vvec3f@@V?$allocator@Vvec3f@@@std@@@std@@AAEXQAVvec3f@@II@Z 00415250 f i trimesh.obj
 0001:000142d0       ?_Umove@?$vector@Vvec3f@@V?$allocator@Vvec3f@@@std@@@std@@AAEPAVvec3f@@PAV3@00@Z 004152d0 f i trimesh.obj
 0001:00014330       ?_Umove_if_noexcept@?$vector@Vvec3f@@V?$allocator@Vvec3f@@@std@@@std@@AAEXPAVvec3f@@00@Z 00415330 f i trimesh.obj
 0001:00014380       ?_Xlength@?$vector@PAVMaterial@@V?$allocator@PAVMaterial@@@std@@@std@@CAXXZ 00415380 f i trimesh.obj
 0001:00014390       ?_Xlength@?$vector@PAVTrimeshFace@@V?$allocator@PAVTrimeshFace@@@std@@@std@@CAXXZ 00415390 f i trimesh.obj
 0001:000143a0       ?_Xlength@?$vector@Vvec3f@@V?$allocator@Vvec3f@@@std@@@std@@CAXXZ 004153a0 f i trimesh.obj
 0001:000143b0       ?addFace@Trimesh@@QAE_NHHH@Z 004153b0 f   trimesh.obj
 0001:00014550       ?addMaterial@Trimesh@@QAEXPAVMaterial@@@Z 00415550 f   trimesh.obj
 0001:00014580       ?addNormal@Trimesh@@QAEXABVvec3f@@@Z 00415580 f   trimesh.obj
 0001:000145d0       ?addVertex@Trimesh@@QAEXABVvec3f@@@Z 004155d0 f   trimesh.obj
 0001:00014620       ?allocate@?$allocator@Vvec3f@@@std@@QAEPAVvec3f@@I@Z 00415620 f i trimesh.obj
 0001:00014680       ?doubleCheck@Trimesh@@QAEPADXZ 00415680 f   trimesh.obj
 0001:00014700       ?generateNormals@Trimesh@@QAEXXZ 00415700 f   trimesh.obj
 0001:00014a00       ?hasBoundingBoxCapability@TrimeshFace@@UBE_NXZ 00415a00 f i trimesh.obj
 0001:00014a10       ?intersectLocal@TrimeshFace@@UBE_NABVray@@AAVisect@@@Z 00415a10 f   trimesh.obj
 0001:000153b0       ?visual@Fl@@SAHH@Z         004163b0 f   fltk:Fl_visual.obj
 0001:00015410       ?option@Fl@@SA_NW4Fl_Option@1@@Z 00416410 f   fltk:Fl.obj
 0001:000156a0       ?option@Fl@@SAXW4Fl_Option@1@_N@Z 004166a0 f   fltk:Fl.obj
 0001:000156e0       ?version@Fl@@SANXZ         004166e0 f   fltk:Fl.obj
 0001:000156f0       ?scrollbar_size@Fl@@SAHXZ  004166f0 f   fltk:Fl.obj
 0001:00015700       ?scrollbar_size@Fl@@SAXH@Z 00416700 f   fltk:Fl.obj
 0001:00015710       ?wait@Fl@@SAHXZ            00416710 f   fltk:Fl.obj
 0001:00015760       ?wait@Fl@@SANN@Z           00416760 f   fltk:Fl.obj
 0001:00015790       ?check@Fl@@SAHXZ           00416790 f   fltk:Fl.obj
 0001:000157d0       ?ready@Fl@@SAHXZ           004167d0 f   fltk:Fl.obj
 0001:000157e0       ?run@Fl@@SAHXZ             004167e0 f   fltk:Fl.obj
 0001:00015810       ?add_timeout@Fl@@SAXNP6AXPAX@Z0@Z 00416810 f   fltk:Fl.obj
 0001:00015840       ?repeat_timeout@Fl@@SAXNP6AXPAX@Z0@Z 00416840 f   fltk:Fl.obj
 0001:000159f0       ?has_timeout@Fl@@SAHP6AXPAX@Z0@Z 004169f0 f   fltk:Fl.obj
 0001:00015a50       ?remove_timeout@Fl@@SAXP6AXPAX@Z0@Z 00416a50 f   fltk:Fl.obj
 0001:00015ac0       ?add_check@Fl@@SAXP6AXPAX@Z0@Z 00416ac0 f   fltk:Fl.obj
 0001:00015b40       ?has_check@Fl@@SAHP6AXPAX@Z0@Z 00416b40 f   fltk:Fl.obj
 0001:00015b90       ?remove_check@Fl@@SAXP6AXPAX@Z0@Z 00416b90 f   fltk:Fl.obj
 0001:00015c10       ?add_fd@Fl@@SAXHHP6AXHPAX@Z0@Z 00416c10 f   fltk:Fl.obj
 0001:00015ee0       ?add_fd@Fl@@SAXHP6AXHPAX@Z0@Z 00416ee0 f   fltk:Fl.obj
 0001:00015f00       ?remove_fd@Fl@@SAXHH@Z     00416f00 f   fltk:Fl.obj
 0001:00016200       ?remove_fd@Fl@@SAXH@Z      00417200 f   fltk:Fl.obj
 0001:00016220       ?redraw@Fl@@SAXXZ          00417220 f   fltk:Fl.obj
 0001:00016250       ?flush@Fl@@SAXXZ           00417250 f   fltk:Fl.obj
 0001:00016320       ?first_window@Fl@@SAPAVFl_Window@@XZ 00417320 f   fltk:Fl.obj
 0001:00016350       ?first_window@Fl@@SAXPAVFl_Window@@@Z 00417350 f   fltk:Fl.obj
 0001:000163a0       ?next_window@Fl@@SAPAVFl_Window@@PBV2@@Z 004173a0 f   fltk:Fl.obj
 0001:000163e0       ?get_mouse@Fl@@SAXAAH0@Z   004173e0 f   fltk:Fl.obj
 0001:00016410       ?event_inside@Fl@@SAHHHHH@Z 00417410 f   fltk:Fl.obj
 0001:00016460       ?event_inside@Fl@@SAHPBVFl_Widget@@@Z 00417460 f   fltk:Fl.obj
 0001:000164e0       ?enable_im@Fl@@SAXXZ       004174e0 f   fltk:Fl.obj
 0001:00016520       ?disable_im@Fl@@SAXXZ      00417520 f   fltk:Fl.obj
 0001:00016560       ?handle@Fl@@SAHHPAVFl_Window@@@Z 00417560 f   fltk:Fl.obj
 0001:000165a0       ?handle_@Fl@@SAHHPAVFl_Window@@@Z 004175a0 f   fltk:Fl.obj
 0001:00016c80       ?belowmouse@Fl@@SAXPAVFl_Widget@@@Z 00417c80 f   fltk:Fl.obj
 0001:00016d20       ?pushed@Fl@@SAXPAVFl_Widget@@@Z 00417d20 f   fltk:Fl.obj
 0001:00016d30       ?focus@Fl@@SAXPAVFl_Widget@@@Z 00417d30 f   fltk:Fl.obj
 0001:00016e30       ?add_handler@Fl@@SAXP6AHH@Z@Z 00417e30 f   fltk:Fl.obj
 0001:00016e70       ?remove_handler@Fl@@SAXP6AHH@Z@Z 00417e70 f   fltk:Fl.obj
 0001:00016ef0       ?add_system_handler@Fl@@SAXP6AHPAX0@Z0@Z 00417ef0 f   fltk:Fl.obj
 0001:00016f40       ?remove_system_handler@Fl@@SAXP6AHPAX0@Z@Z 00417f40 f   fltk:Fl.obj
 0001:00016fc0       ?event_dispatch@Fl@@SAXP6AHHPAVFl_Window@@@Z@Z 00417fc0 f   fltk:Fl.obj
 0001:00016fd0       ?event_dispatch@Fl@@SAP6AHHPAVFl_Window@@@ZXZ 00417fd0 f   fltk:Fl.obj
 0001:00016fe0       ?copy@Fl@@SAXPBDHH0@Z      00417fe0 f   fltk:Fl.obj
 0001:00017110       ?copy@Fl@@SAXPBDHH@Z       00418110 f   fltk:Fl.obj
 0001:00017130       ?paste@Fl@@SAXAAVFl_Widget@@HPBD@Z 00418130 f   fltk:Fl.obj
 0001:00017e20       ?paste@Fl@@SAXAAVFl_Widget@@H@Z 00418e20 f   fltk:Fl.obj
 0001:00017e40       ?add_clipboard_notify@Fl@@SAXP6AXHPAX@Z0@Z 00418e40 f   fltk:Fl.obj
 0001:00017ea0       ?remove_clipboard_notify@Fl@@SAXP6AXHPAX@Z@Z 00418ea0 f   fltk:Fl.obj
 0001:00017f10       ?clipboard_contains@Fl@@SAHPBD@Z 00418f10 f   fltk:Fl.obj
 0001:00017fc0       ?selection_owner@Fl@@SAXPAVFl_Widget@@@Z 00418fc0 f   fltk:Fl.obj
 0001:00017fd0       ?selection@Fl@@SAXAAVFl_Widget@@PBDH@Z 00418fd0 f   fltk:Fl.obj
 0001:00017ff0       ?paste@Fl@@SAXAAVFl_Widget@@@Z 00418ff0 f   fltk:Fl.obj
 0001:00018010       ?x@Fl@@SAHXZ               00419010 f   fltk:Fl.obj
 0001:00018050       ?y@Fl@@SAHXZ               00419050 f   fltk:Fl.obj
 0001:00018090       ?w@Fl@@SAHXZ               00419090 f   fltk:Fl.obj
 0001:000180d0       ?h@Fl@@SAHXZ               004190d0 f   fltk:Fl.obj
 0001:00018110       ?thread_message@Fl@@SAPAXXZ 00419110 f   fltk:Fl.obj
 0001:00018130       ?delete_widget@Fl@@SAXPAVFl_Widget@@@Z 00419130 f   fltk:Fl.obj
 0001:00018230       ?do_widget_deletion@Fl@@SAXXZ 00419230 f   fltk:Fl.obj
 0001:000182b0       ?watch_widget_pointer@Fl@@SAXAAPAVFl_Widget@@@Z 004192b0 f   fltk:Fl.obj
 0001:00018350       ?release_widget_pointer@Fl@@SAXAAPAVFl_Widget@@@Z 00419350 f   fltk:Fl.obj
 0001:000183d0       ?clear_widget_pointer@Fl@@SAXPBVFl_Widget@@@Z 004193d0 f   fltk:Fl.obj
 0001:00018440       ??0Fl_Widget_Tracker@@QAE@PAVFl_Widget@@@Z 00419440 f   fltk:Fl.obj
 0001:00018470       ??1Fl_Widget_Tracker@@QAE@XZ 00419470 f   fltk:Fl.obj
 0001:000184c0       ?redraw@Fl_Widget@@QAEXXZ  004194c0 f   fltk:Fl.obj
 0001:000184e0       ?redraw_label@Fl_Widget@@QAEXXZ 004194e0 f   fltk:Fl.obj
 0001:00018ae0       ?damage@Fl_Widget@@QAEXE@Z 00419ae0 f   fltk:Fl.obj
 0001:00018ba0       ?damage@Fl_Widget@@QAEXEHHHH@Z 00419ba0 f   fltk:Fl.obj
 0001:00018d90       ?size_range_@Fl_Window@@AAEXXZ 00419d90 f   fltk:Fl.obj
 0001:00018db0       ?fullscreen_x@Fl_Window@@AAEXXZ 00419db0 f   fltk:Fl.obj
 0001:00018e20       ?fullscreen_off_x@Fl_Window@@AAEXHHHH@Z 00419e20 f   fltk:Fl.obj
 0001:00019000       ?flush@Fl_Window@@MAEXXZ   0041a000 f   fltk:Fl.obj
 0001:00019070       ?handle@Fl_Window@@UAEHH@Z 0041a070 f   fltk:Fl.obj
 0001:000191e0       ?resize@Fl_Window@@UAEXHHHH@Z 0041a1e0 f   fltk:Fl.obj
 0001:000194c0       ?label@Fl_Window@@QAEXPBD0@Z 0041a4c0 f   fltk:Fl.obj
 0001:000195b0       ?default_icons@Fl_Window@@SAXPAUHICON__@@0@Z 0041a5b0 f   fltk:Fl.obj
 0001:000195d0       ?icons@Fl_Window@@QAEXPAUHICON__@@0@Z 0041a5d0 f   fltk:Fl.obj
 0001:00019630       ?show@Fl_Window@@UAEXXZ    0041a630 f   fltk:Fl.obj
 0001:000196f0       ?hide@Fl_Window@@UAEXXZ    0041a6f0 f   fltk:Fl.obj
 0001:00019b50       ?make_current@Fl_Window@@QAEXXZ 0041ab50 f   fltk:Fl.obj
 0001:00019bb0       ?decorated_w@Fl_Window@@QAEHXZ 0041abb0 f   fltk:Fl.obj
 0001:00019c80       ?decorated_h@Fl_Window@@QAEHXZ 0041ac80 f   fltk:Fl.obj
 0001:00019d50       ?XRectangleRegion@@YAPAUHRGN__@@HHHH@Z 0041ad50 f   fltk:Fl.obj
 0001:00019e00       ?fake_X_wm@Fl_X@@SAHPBVFl_Window@@AAH1111@Z 0041ae00 f   fltk:Fl.obj
 0001:0001a530       ?make_fullscreen@Fl_X@@QAEXHHHH@Z 0041b530 f   fltk:Fl.obj
 0001:0001a690       ?set_minmax@Fl_X@@QAEXPAUtagMINMAXINFO@@@Z 0041b690 f   fltk:Fl.obj
 0001:0001a780       ?set_default_icons@Fl_X@@SAXQAPBVFl_RGB_Image@@H@Z 0041b780 f   fltk:Fl.obj
 0001:0001a840       ?set_default_icons@Fl_X@@SAXPAUHICON__@@0@Z 0041b840 f   fltk:Fl.obj
 0001:0001a8b0       ?set_icons@Fl_X@@QAEXXZ    0041b8b0 f   fltk:Fl.obj
 0001:0001aa50       ?set_cursor@Fl_X@@QAEHW4Fl_Cursor@@@Z 0041ba50 f   fltk:Fl.obj
 0001:0001abe0       ?set_cursor@Fl_X@@QAEHPBVFl_RGB_Image@@HH@Z 0041bbe0 f   fltk:Fl.obj
 0001:0001ac60       ?make@Fl_X@@SAPAV1@PAVFl_Window@@@Z 0041bc60 f   fltk:Fl.obj
 0001:0001b900       ?fl_release_dc@@YAXPAUHWND__@@PAUHDC__@@@Z 0041c900 f   fltk:Fl.obj
 0001:0001b9a0       ?fl_save_dc@@YAXPAUHWND__@@PAUHDC__@@@Z 0041c9a0 f   fltk:Fl.obj
 0001:0001ba10       ?fl_open_display@@YAXXZ    0041ca10 f   fltk:Fl.obj
 0001:0001ba40       ?fl_find@@YAPAVFl_Window@@PAUHWND__@@@Z 0041ca40 f   fltk:Fl.obj
 0001:0001bac0       ?fl_GetDC@@YAPAUHDC__@@PAUHWND__@@@Z 0041cac0 f   fltk:Fl.obj
 0001:0001bb60       ?fl_free_fonts@@YAXXZ      0041cb60 f   fltk:Fl.obj
 0001:0001bc20       ?fl_cleanup_dc_list@@YAXXZ 0041cc20 f   fltk:Fl.obj
 0001:0001bcf0       ?fl_clipboard_notify_change@@YAXXZ 0041ccf0 f   fltk:Fl.obj
 0001:0001bd70       ?fl_clipboard_notify_empty@@YA_NXZ 0041cd70 f   fltk:Fl.obj
 0001:0001bda0       ?fl_trigger_clipboard_notify@@YAXH@Z 0041cda0 f   fltk:Fl.obj
 0001:0001bde0       ?fl_ready@@YAHXZ           0041cde0 f   fltk:Fl.obj
 0001:0001bec0       ?fl_wait@@YAHN@Z           0041cec0 f   fltk:Fl.obj
 0001:0001c2d0       ?fl_send_system_handlers@@YAHPAX@Z 0041d2d0 f   fltk:Fl.obj
 0001:0001c330       ?fl_fix_focus@@YAXXZ       0041d330 f   fltk:Fl.obj
 0001:0001c510       ?fl_throw_focus@@YAXPAVFl_Widget@@@Z 0041d510 f   fltk:Fl.obj
 0001:0001c6e0       ?fl_clipboard_notify_retarget@@YAXPAUHWND__@@@Z 0041d6e0 f   fltk:Fl.obj
 0001:0001c740       ?fl_update_clipboard@@YAXXZ 0041d740 f   fltk:Fl.obj
 0001:0001c850       ?fl_set_status@@YAXHHHH@Z  0041d850 f   fltk:Fl.obj
 0001:0001c860       ?fl_set_spot@@YAXHHHHHHPAVFl_Window@@@Z 0041d860 f   fltk:Fl.obj
 0001:0001c9c0       ?fl_reset_spot@@YAXXZ      0041d9c0 f   fltk:Fl.obj
 0001:0001c9d0       ?print_window@Fl_Paged_Device@@QAEXPAVFl_Window@@HH@Z 0041d9d0 f   fltk:Fl.obj
 0001:0001d000       ?fl_get_lcid_codepage@@YAIK@Z 0041e000 f   fltk:Fl.obj
 0001:0001d060       ?fl_get_codepage@@YAXXZ    0041e060 f   fltk:Fl.obj
 0001:0001e620       ?fl_filename_name@@YAPBDPBD@Z 0041f620 f   fltk:Fl.obj
 0001:0001ec20       ?fl_xid_@@YAPAUHWND__@@PBVFl_Window@@@Z 0041fc20 f   fltk:Fl.obj
 0001:0001ec50       ??0Lf2CrlfConvert@@QAE@PBDH@Z 0041fc50 f i fltk:Fl.obj
 0001:0001ee10       ??1Fl_Win32_At_Exit@@QAE@XZ 0041fe10 f i fltk:Fl.obj
 0001:0001ee80       ??1Lf2CrlfConvert@@QAE@XZ  0041fe80 f i fltk:Fl.obj
 0001:0001eeb0       ??1NameList@@QAE@XZ        0041feb0 f i fltk:Fl.obj
 0001:0001ef10       ??_GFl_Device@@UAEPAXI@Z   0041ff10 f i fltk:Fl.obj
 0001:0001ef10       ??_EFl_Device@@UAEPAXI@Z   0041ff10 f i fltk:Fl.obj
 0001:0001ef40       ??_EFl_GDI_Graphics_Driver@@UAEPAXI@Z 0041ff40 f i fltk:Fl.obj
 0001:0001ef40       ??_GFl_GDI_Graphics_Driver@@UAEPAXI@Z 0041ff40 f i fltk:Fl.obj
 0001:0001efa0       ??_GFl_Graphics_Driver@@UAEPAXI@Z 0041ffa0 f i fltk:Fl.obj
 0001:0001efa0       ??_EFl_Graphics_Driver@@UAEPAXI@Z 0041ffa0 f i fltk:Fl.obj
 0001:0001f000       ??_GFl_Image@@UAEPAXI@Z    00420000 f i fltk:Fl.obj
 0001:0001f000       ??_EFl_Image@@UAEPAXI@Z    00420000 f i fltk:Fl.obj
 0001:0001f030       ??_GFl_RGB_Image@@UAEPAXI@Z 00420030 f i fltk:Fl.obj
 0001:0001f030       ??_EFl_RGB_Image@@UAEPAXI@Z 00420030 f i fltk:Fl.obj
 0001:0001f060       ??_EFl_Surface_Device@@UAEPAXI@Z 00420060 f i fltk:Fl.obj
 0001:0001f060       ??_GFl_Surface_Device@@UAEPAXI@Z 00420060 f i fltk:Fl.obj
 0001:0001f0a0       ?add_name@NameList@@QAEXPBD@Z 004200a0 f i fltk:Fl.obj
 0001:0001f120       ?class_name@Fl_Device@@UAEPBDXZ 00420120 f i fltk:Fl.obj
 0001:0001f130       ?class_name@Fl_GDI_Graphics_Driver@@UAEPBDXZ 00420130 f i fltk:Fl.obj
 0001:0001f140       ?class_name@Fl_Graphics_Driver@@UAEPBDXZ 00420140 f i fltk:Fl.obj
 0001:0001f150       ?class_name@Fl_Surface_Device@@UAEPBDXZ 00420150 f i fltk:Fl.obj
 0001:0001f160       ?color@Fl_Graphics_Driver@@MAEXEEE@Z 00420160 f i fltk:Fl.obj
 0001:0001f170       ?color@Fl_Graphics_Driver@@MAEXI@Z 00420170 f i fltk:Fl.obj
 0001:0001f190       ?descent@Fl_Graphics_Driver@@UAEHXZ 00420190 f i fltk:Fl.obj
 0001:0001f1a0       ?draw@Fl_Graphics_Driver@@MAEXHPBDHHH@Z 004201a0 f i fltk:Fl.obj
 0001:0001f1b0       ?draw@Fl_Graphics_Driver@@MAEXPAVFl_Bitmap@@HHHHHH@Z 004201b0 f i fltk:Fl.obj
 0001:0001f1c0       ?draw@Fl_Graphics_Driver@@MAEXPAVFl_Pixmap@@HHHHHH@Z 004201c0 f i fltk:Fl.obj
 0001:0001f1d0       ?draw@Fl_Graphics_Driver@@MAEXPAVFl_RGB_Image@@HHHHHH@Z 004201d0 f i fltk:Fl.obj
 0001:0001f1e0       ?draw@Fl_Graphics_Driver@@MAEXPBDHHH@Z 004201e0 f i fltk:Fl.obj
 0001:0001f1f0       ?draw_image@Fl_Graphics_Driver@@MAEXP6AXPAXHHHPAE@Z0HHHHH@Z 004201f0 f i fltk:Fl.obj
 0001:0001f200       ?draw_image@Fl_Graphics_Driver@@MAEXPBEHHHHHH@Z 00420200 f i fltk:Fl.obj
 0001:0001f210       ?draw_image_mono@Fl_Graphics_Driver@@MAEXP6AXPAXHHHPAE@Z0HHHHH@Z 00420210 f i fltk:Fl.obj
 0001:0001f220       ?draw_image_mono@Fl_Graphics_Driver@@MAEXPBEHHHHHH@Z 00420220 f i fltk:Fl.obj
 0001:0001f230       ?font@Fl_Graphics_Driver@@UAEXHH@Z 00420230 f i fltk:Fl.obj
 0001:0001f250       ?height@Fl_Graphics_Driver@@UAEHXZ 00420250 f i fltk:Fl.obj
 0001:0001f270       ?rtl_draw@Fl_Graphics_Driver@@MAEXPBDHHH@Z 00420270 f i fltk:Fl.obj
 0001:0001f280       ?width@Fl_Graphics_Driver@@UAENI@Z 00420280 f i fltk:Fl.obj
 0001:0001f2b0       ?width@Fl_Graphics_Driver@@UAENPBDH@Z 004202b0 f i fltk:Fl.obj
 0001:0001f2c0       ?fl_beep@@YAXH@Z           004202c0 f   fltk:fl_ask.obj
 0001:0001f330       ?fl_message@@YAXPBDZZ      00420330 f   fltk:fl_ask.obj
 0001:0001f390       ?fl_alert@@YAXPBDZZ        00420390 f   fltk:fl_ask.obj
 0001:0001f3f0       ?fl_ask@@YAHPBDZZ          004203f0 f   fltk:fl_ask.obj
 0001:0001f440       ?fl_choice@@YAHPBD000ZZ    00420440 f   fltk:fl_ask.obj
 0001:0001f490       ?fl_input@@YAPBDPBD0ZZ     00420490 f   fltk:fl_ask.obj
 0001:0001f4e0       ?fl_password@@YAPBDPBD0ZZ  004204e0 f   fltk:fl_ask.obj
 0001:0001f530       ?fl_message_icon@@YAPAVFl_Widget@@XZ 00420530 f   fltk:fl_ask.obj
 0001:0001f540       ?fl_message_hotspot@@YAXH@Z 00420540 f   fltk:fl_ask.obj
 0001:0001f570       ?fl_message_hotspot@@YAHXZ 00420570 f   fltk:fl_ask.obj
 0001:0001f580       ?fl_message_title@@YAXPBD@Z 00420580 f   fltk:fl_ask.obj
 0001:0001f5a0       ?fl_message_title_default@@YAXPBD@Z 004205a0 f   fltk:fl_ask.obj
 0001:00020420       ??$__vcrt_va_start_verify_argument_type@PBD@@YAXXZ 00421420 f i fltk:fl_ask.obj
 0001:00020430       ?default_atclose@Fl@@SAXPAVFl_Window@@PAX@Z 00421430 f   fltk:Fl_Window.obj
 0001:00020460       ?window@Fl_Widget@@QBEPAVFl_Window@@XZ 00421460 f   fltk:Fl_Window.obj
 0001:000204b0       ?top_window@Fl_Widget@@QBEPAVFl_Window@@XZ 004214b0 f   fltk:Fl_Window.obj
 0001:000204f0       ?top_window_offset@Fl_Widget@@QBEPAVFl_Window@@AAH0@Z 004214f0 f   fltk:Fl_Window.obj
 0001:00020570       ?_Fl_Window@Fl_Window@@AAEXXZ 00421570 f   fltk:Fl_Window.obj
 0001:00020660       ?free_icons@Fl_Window@@IAEXXZ 00421660 f   fltk:Fl_Window.obj
 0001:00020770       ??0Fl_Window@@QAE@HHPBD@Z  00421770 f   fltk:Fl_Window.obj
 0001:00020810       ??0Fl_Window@@QAE@HHHHPBD@Z 00421810 f   fltk:Fl_Window.obj
 0001:000208b0       ??1Fl_Window@@UAE@XZ       004218b0 f   fltk:Fl_Window.obj
 0001:000209a0       ?label@Fl_Window@@QAEXPBD@Z 004219a0 f   fltk:Fl_Window.obj
 0001:000209d0       ?iconlabel@Fl_Window@@QAEXPBD@Z 004219d0 f   fltk:Fl_Window.obj
 0001:00020a00       ?copy_label@Fl_Window@@QAEXPBD@Z 00421a00 f   fltk:Fl_Window.obj
 0001:00020a40       ?default_xclass@Fl_Window@@SAXPBD@Z 00421a40 f   fltk:Fl_Window.obj
 0001:00020a80       ?default_xclass@Fl_Window@@SAPBDXZ 00421a80 f   fltk:Fl_Window.obj
 0001:00020aa0       ?xclass@Fl_Window@@QBEPBDXZ 00421aa0 f   fltk:Fl_Window.obj
 0001:00020ad0       ?xclass@Fl_Window@@QAEXPBD@Z 00421ad0 f   fltk:Fl_Window.obj
 0001:00020b30       ?default_icon@Fl_Window@@SAXPBVFl_RGB_Image@@@Z 00421b30 f   fltk:Fl_Window.obj
 0001:00020b50       ?default_icons@Fl_Window@@SAXQAPBVFl_RGB_Image@@H@Z 00421b50 f   fltk:Fl_Window.obj
 0001:00020b70       ?icon@Fl_Window@@QAEXPBVFl_RGB_Image@@@Z 00421b70 f   fltk:Fl_Window.obj
 0001:00020b90       ?icons@Fl_Window@@QAEXQAPBVFl_RGB_Image@@H@Z 00421b90 f   fltk:Fl_Window.obj
 0001:00020c60       ?icon@Fl_Window@@QBEPBXXZ  00421c60 f   fltk:Fl_Window.obj
 0001:00020c80       ?icon@Fl_Window@@QAEXPBX@Z 00421c80 f   fltk:Fl_Window.obj
 0001:00020ca0       ?wait_for_expose@Fl_Window@@QAEXXZ 00421ca0 f   fltk:Fl_Window.obj
 0001:00020cf0       ?x_root@Fl_Window@@QBEHXZ  00421cf0 f   fltk:Fl_Window.obj
 0001:00020d30       ?y_root@Fl_Window@@QBEHXZ  00421d30 f   fltk:Fl_Window.obj
 0001:00020d70       ?current@Fl_Window@@SAPAV1@XZ 00421d70 f   fltk:Fl_Window.obj
 0001:00020d80       ?default_callback@Fl_Window@@SAXPAV1@PAX@Z 00421d80 f   fltk:Fl_Window.obj
 0001:00020da0       ??_GFl_Window@@UAEPAXI@Z   00421da0 f i fltk:Fl_Window.obj
 0001:00020da0       ??_EFl_Window@@UAEPAXI@Z   00421da0 f i fltk:Fl_Window.obj
 0001:00020de0       ?as_gl_window@Fl_Widget@@UAEPAVFl_Gl_Window@@XZ 00421de0 f i fltk:Fl_Window.obj
 0001:00020df0       ?navigation@Fl_Group@@AAEHH@Z 00421df0 f   fltk:Fl_Group.obj
 0001:00020fb0       ?draw@Fl_Group@@MAEXXZ     00421fb0 f   fltk:Fl_Group.obj
 0001:00020ff0       ?draw_child@Fl_Group@@IBEXAAVFl_Widget@@@Z 00421ff0 f   fltk:Fl_Group.obj
 0001:000210a0       ?draw_children@Fl_Group@@IAEXXZ 004220a0 f   fltk:Fl_Group.obj
 0001:00021280       ?draw_outside_label@Fl_Group@@IBEXABVFl_Widget@@@Z 00422280 f   fltk:Fl_Group.obj
 0001:00021510       ?update_child@Fl_Group@@IBEXAAVFl_Widget@@@Z 00422510 f   fltk:Fl_Group.obj
 0001:000215d0       ?sizes@Fl_Group@@IAEPAHXZ  004225d0 f   fltk:Fl_Group.obj
 0001:00021910       ?handle@Fl_Group@@UAEHH@Z  00422910 f   fltk:Fl_Group.obj
 0001:000222d0       ?begin@Fl_Group@@QAEXXZ    004232d0 f   fltk:Fl_Group.obj
 0001:000222f0       ?end@Fl_Group@@QAEXXZ      004232f0 f   fltk:Fl_Group.obj
 0001:00022310       ?current@Fl_Group@@SAPAV1@XZ 00423310 f   fltk:Fl_Group.obj
 0001:00022320       ?current@Fl_Group@@SAXPAV1@@Z 00423320 f   fltk:Fl_Group.obj
 0001:00022330       ?find@Fl_Group@@QBEHPBVFl_Widget@@@Z 00423330 f   fltk:Fl_Group.obj
 0001:00022390       ?array@Fl_Group@@QBEPBQAVFl_Widget@@XZ 00423390 f   fltk:Fl_Group.obj
 0001:000223c0       ?resize@Fl_Group@@UAEXHHHH@Z 004233c0 f   fltk:Fl_Group.obj
 0001:000227d0       ??0Fl_Group@@QAE@HHHHPBD@Z 004237d0 f   fltk:Fl_Group.obj
 0001:00022880       ??1Fl_Group@@UAE@XZ        00423880 f   fltk:Fl_Group.obj
 0001:000228d0       ?add@Fl_Group@@QAEXAAVFl_Widget@@@Z 004238d0 f   fltk:Fl_Group.obj
 0001:000228f0       ?insert@Fl_Group@@QAEXAAVFl_Widget@@H@Z 004238f0 f   fltk:Fl_Group.obj
 0001:00022a90       ?remove@Fl_Group@@QAEXH@Z  00423a90 f   fltk:Fl_Group.obj
 0001:00022b90       ?remove@Fl_Group@@QAEXAAVFl_Widget@@@Z 00423b90 f   fltk:Fl_Group.obj
 0001:00022bd0       ?clear@Fl_Group@@QAEXXZ    00423bd0 f   fltk:Fl_Group.obj
 0001:00022d60       ?init_sizes@Fl_Group@@QAEXXZ 00423d60 f   fltk:Fl_Group.obj
 0001:00022d90       ??0Fl_Input_Choice@@QAE@HHHHPBD@Z 00423d90 f   fltk:Fl_Group.obj
 0001:00023040       ??0Fl_Spinner@@QAE@HHHHPBD@Z 00424040 f   fltk:Fl_Group.obj
 0001:00023470       ??$__vcrt_va_start_verify_argument_type@QBD@@YAXXZ 00424470 f i fltk:Fl_Group.obj
 0001:00023480       ??1Fl_Input@@UAE@XZ        00424480 f i fltk:Fl_Group.obj
 0001:000234a0       ??1Fl_Repeat_Button@@UAE@XZ 004244a0 f i fltk:Fl_Group.obj
 0001:000234c0       ??1Fl_Spinner@@UAE@XZ      004244c0 f i fltk:Fl_Group.obj
 0001:00023500       ??_EFl_Group@@UAEPAXI@Z    00424500 f i fltk:Fl_Group.obj
 0001:00023500       ??_GFl_Group@@UAEPAXI@Z    00424500 f i fltk:Fl_Group.obj
 0001:00023530       ??_EFl_Input_Choice@@UAEPAXI@Z 00424530 f i fltk:Fl_Group.obj
 0001:00023530       ??_GFl_Input_Choice@@UAEPAXI@Z 00424530 f i fltk:Fl_Group.obj
 0001:00023560       ??_EFl_Spinner@@UAEPAXI@Z  00424560 f i fltk:Fl_Group.obj
 0001:00023560       ??_GFl_Spinner@@UAEPAXI@Z  00424560 f i fltk:Fl_Group.obj
 0001:000235a0       ??_GInputMenuButton@Fl_Input_Choice@@UAEPAXI@Z 004245a0 f i fltk:Fl_Group.obj
 0001:000235a0       ??_EInputMenuButton@Fl_Input_Choice@@UAEPAXI@Z 004245a0 f i fltk:Fl_Group.obj
 0001:000235d0       ?as_group@Fl_Widget@@UAEPAVFl_Group@@XZ 004245d0 f i fltk:Fl_Group.obj
 0001:000235e0       ?as_window@Fl_Widget@@UAEPAVFl_Window@@XZ 004245e0 f i fltk:Fl_Group.obj
 0001:000235f0       ?draw@InputMenuButton@Fl_Input_Choice@@EAEXXZ 004245f0 f i fltk:Fl_Group.obj
 0001:000236f0       ?draw_focus@Fl_Widget@@IAEXXZ 004246f0 f i fltk:Fl_Group.obj
 0001:00023750       ?handle@Fl_Spinner@@UAEHH@Z 00424750 f i fltk:Fl_Group.obj
 0001:00023820       ?inp_cb@Fl_Input_Choice@@CAXPAVFl_Widget@@PAX@Z 00424820 f i fltk:Fl_Group.obj
 0001:00023940       ?menu_cb@Fl_Input_Choice@@CAXPAVFl_Widget@@PAX@Z 00424940 f i fltk:Fl_Group.obj
 0001:00023b40       ?menu_x@Fl_Input_Choice@@AAEHXZ 00424b40 f i fltk:Fl_Group.obj
 0001:00023b90       ?resize@Fl_Input_Choice@@UAEXHHHH@Z 00424b90 f i fltk:Fl_Group.obj
 0001:00023cf0       ?resize@Fl_Spinner@@UAEXHHHH@Z 00424cf0 f i fltk:Fl_Group.obj
 0001:00023de0       ?sb_cb@Fl_Spinner@@CAXPAVFl_Widget@@PAV1@@Z 00424de0 f i fltk:Fl_Group.obj
 0001:00023f60       ?update@Fl_Spinner@@AAEXXZ 00424f60 f i fltk:Fl_Group.obj
 0001:00024140       ?setonly@Fl_Menu_Item@@QAEXXZ 00425140 f   fltk:Fl_Menu_.obj
 0001:000241f0       ??0Fl_Menu_@@QAE@HHHHPBD@Z 004251f0 f   fltk:Fl_Menu_.obj
 0001:000242a0       ??1Fl_Menu_@@UAE@XZ        004252a0 f   fltk:Fl_Menu_.obj
 0001:000242f0       ?item_pathname@Fl_Menu_@@QBEHPADHPBUFl_Menu_Item@@@Z 004252f0 f   fltk:Fl_Menu_.obj
 0001:00024540       ?picked@Fl_Menu_@@QAEPBUFl_Menu_Item@@PBU2@@Z 00425540 f   fltk:Fl_Menu_.obj
 0001:00024660       ?find_item@Fl_Menu_@@QAEPBUFl_Menu_Item@@PBD@Z 00425660 f   fltk:Fl_Menu_.obj
 0001:000246a0       ?find_item@Fl_Menu_@@QAEPBUFl_Menu_Item@@P6AXPAVFl_Widget@@PAX@Z@Z 004256a0 f   fltk:Fl_Menu_.obj
 0001:000246f0       ?find_index@Fl_Menu_@@QBEHPBD@Z 004256f0 f   fltk:Fl_Menu_.obj
 0001:00024920       ?find_index@Fl_Menu_@@QBEHPBUFl_Menu_Item@@@Z 00425920 f   fltk:Fl_Menu_.obj
 0001:00024970       ?find_index@Fl_Menu_@@QBEHP6AXPAVFl_Widget@@PAX@Z@Z 00425970 f   fltk:Fl_Menu_.obj
 0001:000249c0       ?menu@Fl_Menu_@@QAEXPBUFl_Menu_Item@@@Z 004259c0 f   fltk:Fl_Menu_.obj
 0001:000249f0       ?copy@Fl_Menu_@@QAEXPBUFl_Menu_Item@@PAX@Z 004259f0 f   fltk:Fl_Menu_.obj
 0001:00024a90       ?size@Fl_Menu_@@QBEHXZ     00425a90 f   fltk:Fl_Menu_.obj
 0001:00024ac0       ?clear@Fl_Menu_@@QAEXXZ    00425ac0 f   fltk:Fl_Menu_.obj
 0001:00024b80       ?clear_submenu@Fl_Menu_@@QAEHH@Z 00425b80 f   fltk:Fl_Menu_.obj
 0001:00024c00       ?value@Fl_Menu_@@QAEHPBUFl_Menu_Item@@@Z 00425c00 f   fltk:Fl_Menu_.obj
 0001:00024c40       ??_GFl_Menu_@@UAEPAXI@Z    00425c40 f i fltk:Fl_Menu_.obj
 0001:00024c40       ??_EFl_Menu_@@UAEPAXI@Z    00425c40 f i fltk:Fl_Menu_.obj
 0001:00024c70       ?draw@Fl_Menu_Bar@@MAEXXZ  00425c70 f   fltk:Fl_Menu_Bar.obj
 0001:00024e20       ?handle@Fl_Menu_Bar@@UAEHH@Z 00425e20 f   fltk:Fl_Menu_Bar.obj
 0001:00024f90       ??0Fl_Menu_Bar@@QAE@HHHHPBD@Z 00425f90 f   fltk:Fl_Menu_Bar.obj
 0001:00024fd0       ??_EFl_Menu_Bar@@UAEPAXI@Z 00425fd0 f i fltk:Fl_Menu_Bar.obj
 0001:00024fd0       ??_GFl_Menu_Bar@@UAEPAXI@Z 00425fd0 f i fltk:Fl_Menu_Bar.obj
 0001:00025000       ??0Fl_Valuator@@IAE@HHHHPBD@Z 00426000 f   fltk:Fl_Valuator.obj
 0001:000250b0       ?softclamp@Fl_Valuator@@IAENN@Z 004260b0 f   fltk:Fl_Valuator.obj
 0001:000251d0       ?handle_drag@Fl_Valuator@@IAEXN@Z 004261d0 f   fltk:Fl_Valuator.obj
 0001:00025240       ?handle_release@Fl_Valuator@@IAEXXZ 00426240 f   fltk:Fl_Valuator.obj
 0001:000252a0       ?value_damage@Fl_Valuator@@MAEXXZ 004262a0 f   fltk:Fl_Valuator.obj
 0001:000252c0       ?step@Fl_Valuator@@QAEXN@Z 004262c0 f   fltk:Fl_Valuator.obj
 0001:000253b0       ?precision@Fl_Valuator@@QAEXH@Z 004263b0 f   fltk:Fl_Valuator.obj
 0001:00025410       ?value@Fl_Valuator@@QAEHN@Z 00426410 f   fltk:Fl_Valuator.obj
 0001:00025470       ?format@Fl_Valuator@@UAEHPAD@Z 00426470 f   fltk:Fl_Valuator.obj
 0001:000255c0       ?round@Fl_Valuator@@QAENN@Z 004265c0 f   fltk:Fl_Valuator.obj
 0001:00025640       ?clamp@Fl_Valuator@@QAENN@Z 00426640 f   fltk:Fl_Valuator.obj
 0001:00025700       ?increment@Fl_Valuator@@QAENNH@Z 00426700 f   fltk:Fl_Valuator.obj
 0001:000257d0       ??_GFl_Valuator@@UAEPAXI@Z 004267d0 f i fltk:Fl_Valuator.obj
 0001:000257d0       ??_EFl_Valuator@@UAEPAXI@Z 004267d0 f i fltk:Fl_Valuator.obj
 0001:00025810       ?draw@Fl_Value_Slider@@MAEXXZ 00426810 f   fltk:Fl_Value_Slider.obj
 0001:00025b80       ?handle@Fl_Value_Slider@@UAEHH@Z 00426b80 f   fltk:Fl_Value_Slider.obj
 0001:00025c90       ??0Fl_Value_Slider@@QAE@HHHHPBD@Z 00426c90 f   fltk:Fl_Value_Slider.obj
 0001:00025d10       ??0Fl_Hor_Value_Slider@@QAE@HHHHPBD@Z 00426d10 f   fltk:Fl_Value_Slider.obj
 0001:00025d50       ??_EFl_Hor_Value_Slider@@UAEPAXI@Z 00426d50 f i fltk:Fl_Value_Slider.obj
 0001:00025d50       ??_GFl_Hor_Value_Slider@@UAEPAXI@Z 00426d50 f i fltk:Fl_Value_Slider.obj
 0001:00025d90       ??_GFl_Value_Slider@@UAEPAXI@Z 00426d90 f i fltk:Fl_Value_Slider.obj
 0001:00025d90       ??_EFl_Value_Slider@@UAEPAXI@Z 00426d90 f i fltk:Fl_Value_Slider.obj
 0001:00025dd0       ?key_release_timeout@Fl_Button@@KAXPAX@Z 00426dd0 f   fltk:Fl_Button.obj
 0001:00025e70       ?simulate_key_action@Fl_Button@@IAEXXZ 00426e70 f   fltk:Fl_Button.obj
 0001:00025f50       ?draw@Fl_Button@@MAEXXZ    00426f50 f   fltk:Fl_Button.obj
 0001:000260a0       ?handle@Fl_Button@@UAEHH@Z 004270a0 f   fltk:Fl_Button.obj
 0001:00026650       ??0Fl_Button@@QAE@HHHHPBD@Z 00427650 f   fltk:Fl_Button.obj
 0001:000266c0       ?value@Fl_Button@@QAEHH@Z  004276c0 f   fltk:Fl_Button.obj
 0001:00026750       ?setonly@Fl_Button@@QAEXXZ 00427750 f   fltk:Fl_Button.obj
 0001:000267d0       ??0Fl_Radio_Button@@QAE@HHHHPBD@Z 004277d0 f   fltk:Fl_Button.obj
 0001:00026810       ??0Fl_Toggle_Button@@QAE@HHHHPBD@Z 00427810 f   fltk:Fl_Button.obj
 0001:00026850       ??_EFl_Button@@UAEPAXI@Z   00427850 f i fltk:Fl_Button.obj
 0001:00026850       ??_GFl_Button@@UAEPAXI@Z   00427850 f i fltk:Fl_Button.obj
 0001:00026880       ??_GFl_Radio_Button@@UAEPAXI@Z 00427880 f i fltk:Fl_Button.obj
 0001:00026880       ??_EFl_Radio_Button@@UAEPAXI@Z 00427880 f i fltk:Fl_Button.obj
 0001:000268b0       ??_GFl_Toggle_Button@@UAEPAXI@Z 004278b0 f i fltk:Fl_Button.obj
 0001:000268b0       ??_EFl_Toggle_Button@@UAEPAXI@Z 004278b0 f i fltk:Fl_Button.obj
 0001:000268e0       ?fl_dir_chooser@@YAPADPBD0H@Z 004278e0 f   fltk:fl_file_dir.obj
 0001:00026a80       ?fl_file_chooser@@YAPADPBD00H@Z 00427a80 f   fltk:fl_file_dir.obj
 0001:00026dc0       ?fl_file_chooser_callback@@YAXP6AXPBD@Z@Z 00427dc0 f   fltk:fl_file_dir.obj
 0001:00026dd0       ?fl_file_chooser_ok_label@@YAXPBD@Z 00427dd0 f   fltk:fl_file_dir.obj
 0001:00026e40       _fl_utf8bytes              00427e40 f   fltk:fl_utf.obj
 0001:00026ea0       _fl_utf8decode             00427ea0 f   fltk:fl_utf.obj
 0001:00027190       _fl_utf8encode             00428190 f   fltk:fl_utf.obj
 0001:00027320       _fl_utf8fwd                00428320 f   fltk:fl_utf.obj
 0001:000273d0       _fl_utf8back               004283d0 f   fltk:fl_utf.obj
 0001:00027470       _fl_ucs_to_Utf16           00428470 f   fltk:fl_utf.obj
 0001:00027590       _fl_utf8toUtf16            00428590 f   fltk:fl_utf.obj
 0001:00027730       _fl_utf8towc               00428730 f   fltk:fl_utf.obj
 0001:00027750       _fl_utf8fromwc             00428750 f   fltk:fl_utf.obj
 0001:00027aa0       _fl_utf8toa                00428aa0 f   fltk:fl_utf.obj
 0001:00027bc0       _fl_utf8froma              00428bc0 f   fltk:fl_utf.obj
 0001:00027cf0       _fl_utf8locale             00428cf0 f   fltk:fl_utf.obj
 0001:00027d30       _fl_utf8test               00428d30 f   fltk:fl_utf.obj
 0001:00027db0       _fl_wcwidth_               00428db0 f   fltk:fl_utf.obj
 0001:00027dd0       _fl_wcwidth                00428dd0 f   fltk:fl_utf.obj
 0001:00027e20       _fl_utf8to_mb              00428e20 f   fltk:fl_utf.obj
 0001:00027fa0       _fl_utf8from_mb            00428fa0 f   fltk:fl_utf.obj
 0001:000282d0       ?call_screen_init@Fl@@SAXXZ 004292d0 f   fltk:screen_xywh.obj
 0001:000282e0       ?screen_count@Fl@@SAHXZ    004292e0 f   fltk:screen_xywh.obj
 0001:00028320       ?screen_xywh@Fl@@SAXAAH000HH@Z 00429320 f   fltk:screen_xywh.obj
 0001:00028350       ?screen_xywh@Fl@@SAXAAH000H@Z 00429350 f   fltk:screen_xywh.obj
 0001:00028410       ?screen_xywh@Fl@@SAXAAH000HHHH@Z 00429410 f   fltk:screen_xywh.obj
 0001:00028450       ?screen_num@Fl@@SAHHH@Z    00429450 f   fltk:screen_xywh.obj
 0001:000284e0       ?screen_num@Fl@@SAHHHHH@Z  004294e0 f   fltk:screen_xywh.obj
 0001:00028590       ?screen_dpi@Fl@@SAXAAM0H@Z 00429590 f   fltk:screen_xywh.obj
 0001:00028600       ?screen_work_area@Fl@@SAXAAH000HH@Z 00429600 f   fltk:screen_xywh.obj
 0001:00028630       ?screen_work_area@Fl@@SAXAAH000H@Z 00429630 f   fltk:screen_xywh.obj
 0001:000289d0       ?add_awake_handler_@Fl@@SAHP6AXPAX@Z0@Z 004299d0 f   fltk:Fl_lock.obj
 0001:00028ab0       ?get_awake_handler_@Fl@@SAHAAP6AXPAX@ZAAPAX@Z 00429ab0 f   fltk:Fl_lock.obj
 0001:00028b40       ?lock@Fl@@SAHXZ            00429b40 f   fltk:Fl_lock.obj
 0001:00028b90       ?unlock@Fl@@SAXXZ          00429b90 f   fltk:Fl_lock.obj
 0001:00028ba0       ?awake@Fl@@SAXPAX@Z        00429ba0 f   fltk:Fl_lock.obj
 0001:00028bc0       ?awake@Fl@@SAHP6AXPAX@Z0@Z 00429bc0 f   fltk:Fl_lock.obj
 0001:00028c70       ?compose@Fl@@SAHAAH@Z      00429c70 f   fltk:Fl_compose.obj
 0001:00028d10       ?compose_reset@Fl@@SAXXZ   00429d10 f   fltk:Fl_compose.obj
 0001:00028d20       ?set_labeltype@Fl@@SAXW4Fl_Labeltype@@P6AXPBUFl_Label@@HHHHI@ZP6AX1AAH3@Z@Z 00429d20 f   fltk:fl_labeltype.obj
 0001:00028d40       ?draw@Fl_Label@@QBEXHHHHI@Z 00429d40 f   fltk:fl_labeltype.obj
 0001:00028d90       ?measure@Fl_Label@@QBEXAAH0@Z 00429d90 f   fltk:fl_labeltype.obj
 0001:00028e00       ?draw_label@Fl_Widget@@IBEXXZ 00429e00 f   fltk:fl_labeltype.obj
 0001:00028ed0       ?draw_label@Fl_Widget@@IBEXHHHH@Z 00429ed0 f   fltk:fl_labeltype.obj
 0001:00028f30       ?draw_label@Fl_Widget@@QBEXHHHHI@Z 00429f30 f   fltk:fl_labeltype.obj
 0001:00028fc0       ?fl_no_label@@YAXPBUFl_Label@@HHHHI@Z 00429fc0 f   fltk:fl_labeltype.obj
 0001:00028fd0       ?fl_normal_label@@YAXPBUFl_Label@@HHHHI@Z 00429fd0 f   fltk:fl_labeltype.obj
 0001:00029060       ?fl_normal_measure@@YAXPBUFl_Label@@AAH1@Z 0042a060 f   fltk:fl_labeltype.obj
 0001:00029100       ?readqueue@Fl@@SAPAVFl_Widget@@XZ 0042a100 f   fltk:Fl_Widget.obj
 0001:00029150       ??0Fl_Widget@@IAE@HHHHPBD@Z 0042a150 f   fltk:Fl_Widget.obj
 0001:00029260       ?draw_focus@Fl_Widget@@IBEXW4Fl_Boxtype@@HHHH@Z 0042a260 f   fltk:Fl_Widget.obj
 0001:00029490       ??1Fl_Widget@@UAE@XZ       0042a490 f   fltk:Fl_Widget.obj
 0001:00029570       ?handle@Fl_Widget@@UAEHH@Z 0042a570 f   fltk:Fl_Widget.obj
 0001:00029580       ?resize@Fl_Widget@@UAEXHHHH@Z 0042a580 f   fltk:Fl_Widget.obj
 0001:000295c0       ?damage_resize@Fl_Widget@@QAEHHHHH@Z 0042a5c0 f   fltk:Fl_Widget.obj
 0001:00029650       ?label@Fl_Widget@@QAEXPBD@Z 0042a650 f   fltk:Fl_Widget.obj
 0001:000296c0       ?copy_label@Fl_Widget@@QAEXPBD@Z 0042a6c0 f   fltk:Fl_Widget.obj
 0001:00029730       ?visible_r@Fl_Widget@@QBEHXZ 0042a730 f   fltk:Fl_Widget.obj
 0001:00029780       ?show@Fl_Widget@@UAEXXZ    0042a780 f   fltk:Fl_Widget.obj
 0001:00029830       ?hide@Fl_Widget@@UAEXXZ    0042a830 f   fltk:Fl_Widget.obj
 0001:000298d0       ?active_r@Fl_Widget@@QBEHXZ 0042a8d0 f   fltk:Fl_Widget.obj
 0001:00029920       ?activate@Fl_Widget@@QAEXXZ 0042a920 f   fltk:Fl_Widget.obj
 0001:000299d0       ?deactivate@Fl_Widget@@QAEXXZ 0042a9d0 f   fltk:Fl_Widget.obj
 0001:00029a40       ?take_focus@Fl_Widget@@QAEHXZ 0042aa40 f   fltk:Fl_Widget.obj
 0001:00029ad0       ?default_callback@Fl_Widget@@SAXPAV1@PAX@Z 0042aad0 f   fltk:Fl_Widget.obj
 0001:00029b40       ?do_callback@Fl_Widget@@QAEXPAV1@PAX@Z 0042ab40 f   fltk:Fl_Widget.obj
 0001:00029c00       ?contains@Fl_Widget@@QBEHPBV1@@Z 0042ac00 f   fltk:Fl_Widget.obj
 0001:00029cf0       ??_GFl_Widget@@UAEPAXI@Z   0042acf0 f i fltk:Fl_Widget.obj
 0001:00029cf0       ??_EFl_Widget@@UAEPAXI@Z   0042acf0 f i fltk:Fl_Widget.obj
 0001:00029d20       ?draw_empty@Fl_Image@@IAEXHH@Z 0042ad20 f   fltk:Fl_Image.obj
 0001:00029e30       ?labeltype@Fl_Image@@KAXPBUFl_Label@@HHHHI@Z 0042ae30 f   fltk:Fl_Image.obj
 0001:00029f10       ?measure@Fl_Image@@KAXPBUFl_Label@@AAH1@Z 0042af10 f   fltk:Fl_Image.obj
 0001:00029f50       ??1Fl_Image@@UAE@XZ        0042af50 f   fltk:Fl_Image.obj
 0001:00029f70       ?copy@Fl_Image@@UAEPAV1@HH@Z 0042af70 f   fltk:Fl_Image.obj
 0001:0002a000       ?color_average@Fl_Image@@UAEXIM@Z 0042b000 f   fltk:Fl_Image.obj
 0001:0002a010       ?desaturate@Fl_Image@@UAEXXZ 0042b010 f   fltk:Fl_Image.obj
 0001:0002a020       ?label@Fl_Image@@UAEXPAVFl_Widget@@@Z 0042b020 f   fltk:Fl_Image.obj
 0001:0002a040       ?label@Fl_Image@@UAEXPAUFl_Menu_Item@@@Z 0042b040 f   fltk:Fl_Image.obj
 0001:0002a070       ?draw@Fl_Image@@UAEXHHHHHH@Z 0042b070 f   fltk:Fl_Image.obj
 0001:0002a090       ?uncache@Fl_Image@@UAEXXZ  0042b090 f   fltk:Fl_Image.obj
 0001:0002a0a0       ?RGB_scaling@Fl_Image@@SAXW4Fl_RGB_Scaling@@@Z 0042b0a0 f   fltk:Fl_Image.obj
 0001:0002a0b0       ?RGB_scaling@Fl_Image@@SA?AW4Fl_RGB_Scaling@@XZ 0042b0b0 f   fltk:Fl_Image.obj
 0001:0002a0c0       ??0Fl_RGB_Image@@QAE@PBVFl_Pixmap@@I@Z 0042b0c0 f   fltk:Fl_Image.obj
 0001:0002a200       ??1Fl_RGB_Image@@UAE@XZ    0042b200 f   fltk:Fl_Image.obj
 0001:0002a270       ?copy@Fl_RGB_Image@@UAEPAVFl_Image@@HH@Z 0042b270 f   fltk:Fl_Image.obj
 0001:0002b0a0       ?color_average@Fl_RGB_Image@@UAEXIM@Z 0042c0a0 f   fltk:Fl_Image.obj
 0001:0002b460       ?desaturate@Fl_RGB_Image@@UAEXXZ 0042c460 f   fltk:Fl_Image.obj
 0001:0002b690       ?draw@Fl_RGB_Image@@UAEXHHHHHH@Z 0042c690 f   fltk:Fl_Image.obj
 0001:0002b6d0       ?label@Fl_RGB_Image@@UAEXPAVFl_Widget@@@Z 0042c6d0 f   fltk:Fl_Image.obj
 0001:0002b6f0       ?label@Fl_RGB_Image@@UAEXPAUFl_Menu_Item@@@Z 0042c6f0 f   fltk:Fl_Image.obj
 0001:0002b720       ?uncache@Fl_RGB_Image@@UAEXXZ 0042c720 f   fltk:Fl_Image.obj
 0001:0002b770       ?draw@Fl_GDI_Graphics_Driver@@UAEXPAVFl_RGB_Image@@HHHHHH@Z 0042c770 f   fltk:Fl_Image.obj
 0001:0002bde0       ?tooltip@Fl_Widget@@QAEXPBD@Z 0042cde0 f   fltk:Fl_Tooltip.obj
 0001:0002be50       ?copy_tooltip@Fl_Widget@@QAEXPBD@Z 0042ce50 f   fltk:Fl_Tooltip.obj
 0001:0002bee0       ?enter_area@Fl_Tooltip@@SAXPAVFl_Widget@@HHHHPBD@Z 0042cee0 f   fltk:Fl_Tooltip.obj
 0001:0002c090       ?current@Fl_Tooltip@@SAXPAVFl_Widget@@@Z 0042d090 f   fltk:Fl_Tooltip.obj
 0001:0002c0e0       ?enter_@Fl_Tooltip@@CAXPAVFl_Widget@@@Z 0042d0e0 f   fltk:Fl_Tooltip.obj
[...]
 0003:000010d4       $SG5892                    004890d4     fltk:vsnprintf.obj
 0003:000010d8       $SG5899                    004890d8     fltk:vsnprintf.obj
 0003:000010dc       $SG5933                    004890dc     fltk:vsnprintf.obj
 0003:000010e8       ?table@@3PAUKeyname@@A     004890e8     fltk:fl_shortcut.obj
 0003:000011e0       ?standard_fp_chars@@3PBDB  004891e0     fltk:Fl_Input.obj
 0003:000011e4       ?drag_start@?1??handle@Fl_Input@@UAEHH@Z@4HA 004891e4     fltk:Fl_Input.obj
 0003:000011e8       ?l_local_buff@?1??expand_text_@@YAPBDPBDAAPADHNAAHAANHH@Z@4HA 004891e8     fltk:fl_draw.obj
 0003:000011f0       ?draw_it_active@@3HA       004891f0     fltk:fl_boxtype.obj
 0003:000011f8       ?fl_box_table@@3PAU<unnamed-type-fl_box_table>@@A 004891f8     fltk:fl_boxtype.obj
 0003:00001e34       ?symbnumb@@3HA             00489e34     fltk:fl_symbols.obj
 0003:00001e38       ?cursors@@3PAW4Fl_Cursor@@A 00489e38     fltk:Fl_Tile.obj
 0003:00001e48       $SG37744                   00489e48     fltk:scandir.obj
 0003:00001e4c       $SG37747                   00489e4c     fltk:scandir.obj
 0003:00001e50       $SG37752                   00489e50     fltk:scandir.obj
 0003:00001e54       $SG37756                   00489e54     fltk:scandir.obj
 0003:00002d28       ?done@@3_NA                0048ad28     TraceUI.obj
 0003:00002d70       ?clip_notify_list@@3PAUClipboard_Notify@@A 0048ad70     fltk:Fl.obj
 0003:00002d7c       ?clipboard_wnd@@3PAUHWND__@@A 0048ad7c     fltk:Fl.obj
 0003:00002d80       ?next_clipboard_wnd@@3PAUHWND__@@A 0048ad80     fltk:Fl.obj
 0003:00002d84       ?handlers@@3PAUhandler_link@@A 0048ad84     fltk:Fl.obj
 0003:00002d88       ?s_wsock_mod@@3PAUHINSTANCE__@@A 0048ad88     fltk:Fl.obj
 0003:00002d8c       ?s_wsock_select@@3P6GHHPAUfd_set@@00PBUtimeval@@@ZA 0048ad8c     fltk:Fl.obj
 0003:00002d90       ?fl_wsk_fd_is_set@@3P6GHIPAUfd_set@@@ZA 0048ad90     fltk:Fl.obj
 0003:00002dbc       ?s_imm_module@@3PAUHINSTANCE__@@A 0048adbc     fltk:Fl.obj
 0003:00002dc0       ?flImmAssociateContextEx@@3P6GHPAUHWND__@@PAUHIMC__@@K@ZA 0048adc0     fltk:Fl.obj
 0003:00002dc5       ?dnd_flag@@3DA             0048adc5     fltk:Fl.obj
 0003:00002dc8       ?flImmGetContext@@3P6GPAUHIMC__@@PAUHWND__@@@ZA 0048adc8     fltk:Fl.obj
 0003:00002dd0       ?flImmSetCompositionWindow@@3P6GHPAUHIMC__@@PAUtagCOMPOSITIONFORM@@@ZA 0048add0     fltk:Fl.obj
 0003:00002dd4       ?flImmReleaseContext@@3P6GHPAUHWND__@@PAUHIMC__@@@ZA 0048add4     fltk:Fl.obj
 0003:00002dd8       ?sys_handlers@@3PAUsystem_handler_link@@A 0048add8     fltk:Fl.obj
 0003:00002ddc       ?track_mouse_win@@3PAVFl_Window@@A 0048addc     fltk:Fl.obj
 0003:00002de0       ?maxfd@@3HA                0048ade0     fltk:Fl.obj
 0003:00002de4       ?nfds@@3HA                 0048ade4     fltk:Fl.obj
 0003:00002de8       ?fd_array_size@@3HA        0048ade8     fltk:Fl.obj
 0003:00002e14       ?fd@@3PAUFD@@A             0048ae14     fltk:Fl.obj
 0003:00002e74       ?default_big_icon@@3PAUHICON__@@A 0048ae74     fltk:Fl.obj
 0003:00002e78       ?default_small_icon@@3PAUHICON__@@A 0048ae78     fltk:Fl.obj
 0003:00002e7c       ?win_DC_list@@3PAUWin_DC_List@@A 0048ae7c     fltk:Fl.obj
 0003:00002e88       ?num_dwidgets@@3HA         0048ae88     fltk:Fl.obj
 0003:00002e8c       ?alloc_dwidgets@@3HA       0048ae8c     fltk:Fl.obj
 0003:00002e90       ?dwidgets@@3PAPAVFl_Widget@@A 0048ae90     fltk:Fl.obj
 0003:00002e94       ?widget_watch@@3PAPAPAVFl_Widget@@A 0048ae94     fltk:Fl.obj
 0003:00002e98       ?num_widget_watch@@3HA     0048ae98     fltk:Fl.obj
 0003:00002e9c       ?max_widget_watch@@3HA     0048ae9c     fltk:Fl.obj
 0003:00002ea8       ?win32_at_exit@@3VFl_Win32_At_Exit@@A 0048aea8     fltk:Fl.obj
 0003:00002eac       ?fl_gdi_display@@3VFl_Display_Device@@A 0048aeac     fltk:Fl.obj
 0003:00002eb8       ?fl_gdi_driver@@3VFl_GDI_Graphics_Driver@@A 0048aeb8     fltk:Fl.obj
 0003:000035a0       ?first_check@@3PAUCheck@@A 0048b5a0     fltk:Fl.obj
 0003:000035a4       ?next_check@@3PAUCheck@@A  0048b5a4     fltk:Fl.obj
 0003:000035a8       ?free_check@@3PAUCheck@@A  0048b5a8     fltk:Fl.obj
 0003:000035ac       ?thread_message_@@3PAXA    0048b5ac     fltk:Fl.obj
 0003:000035b0       ?fdsets@@3PAUfd_set@@A     0048b5b0     fltk:Fl.obj
 0003:000038bc       ?win32_timers@@3PAUWin32Timer@@A 0048b8bc     fltk:Fl.obj
 0003:000038c0       ?win32_timer_alloc@@3HA    0048b8c0     fltk:Fl.obj
 0003:000038c4       ?win32_timer_used@@3HA     0048b8c4     fltk:Fl.obj
 0003:000038c8       ?s_TimerWnd@@3PAUHWND__@@A 0048b8c8     fltk:Fl.obj
 0003:000038cc       ?resize_bug_fix@@3PAVFl_Window@@A 0048b8cc     fltk:Fl.obj
 0003:000038d0       ?in_idle@?1??fl_wait@@YAHN@Z@4DA 0048b8d0     fltk:Fl.obj
 0003:000038d1       ?beenHereDoneThat@?1??fl_open_display@@YAXXZ@4DA 0048b8d1     fltk:Fl.obj
 0003:000038d4       ?px@?1??mouse_event@@YAHPAVFl_Window@@HHIJ@Z@4HA 0048b8d4     fltk:Fl.obj
 0003:000038d8       ?py@?1??mouse_event@@YAHPAVFl_Window@@HHIJ@Z@4HA 0048b8d8     fltk:Fl.obj
 0003:000038dc       ?pmx@?1??mouse_event@@YAHPAVFl_Window@@HHIJ@Z@4HA 0048b8dc     fltk:Fl.obj
 0003:000038e0       ?pmy@?1??mouse_event@@YAHPAVFl_Window@@HHIJ@Z@4HA 0048b8e0     fltk:Fl.obj
 0003:000038e8       ?vklut@?1??ms2fltk@@YAHIH@Z@4PAGA 0048b8e8     fltk:Fl.obj
 0003:00003ae8       ?extendedlut@?1??ms2fltk@@YAHIH@Z@4PAGA 0048bae8     fltk:Fl.obj
 0003:00003ce8       ?buffer@?DH@??WndProc@@YGJPAUHWND__@@IIJ@Z@4PADA 0048bce8     fltk:Fl.obj
 0003:000040e8       ?delta@?GG@??WndProc@@YGJPAUHWND__@@IIJ@Z@4HA 0048c0e8     fltk:Fl.obj
 0003:000040ec       ?delta@?GJ@??WndProc@@YGJPAUHWND__@@IIJ@Z@4HA 0048c0ec     fltk:Fl.obj
 0003:000040f0       ?class_name_list@?1??make@Fl_X@@SAPAV2@PAVFl_Window@@@Z@4VNameList@@A 0048c0f0     fltk:Fl.obj
 0003:000040fc       ?$TSS0@?1??make@Fl_X@@SAPAV2@PAVFl_Window@@@Z@4HA 0048c0fc     fltk:Fl.obj
 0003:00004100       ?first_class_name@?1??make@Fl_X@@SAPAV2@PAVFl_Window@@@Z@4PBDB 0048c100     fltk:Fl.obj
 0003:00004104       ?avoidRecursion@@3DA       0048c104     fltk:fl_ask.obj
 0003:0000410c       ?message_form@@3PAVFl_Window@@A 0048c10c     fltk:fl_ask.obj
 0003:00004110       ?message@@3PAVFl_Box@@A    0048c110     fltk:fl_ask.obj
 0003:00004114       ?icon@@3PAVFl_Box@@A       0048c114     fltk:fl_ask.obj
 0003:00004118       ?button@@3PAPAVFl_Button@@A 0048c118     fltk:fl_ask.obj
 0003:00004124       ?input@@3PAVFl_Input@@A    0048c124     fltk:fl_ask.obj
 0003:00004128       ?ret_val@@3HA              0048c128     fltk:fl_ask.obj
 0003:0000412c       ?message_title_default@@3PBDB 0048c12c     fltk:fl_ask.obj
 0003:00004140       ?fc@@3PAVFl_File_Chooser@@A 0048c140     fltk:fl_file_dir.obj
 0003:00004144       ?current_callback@@3P6AXPBD@ZA 0048c144     fltk:fl_file_dir.obj
 0003:00004148       ?current_label@@3PBDB      0048c148     fltk:fl_file_dir.obj
 0003:00004150       ?retname@?1??fl_file_chooser@@YAPADPBD00H@Z@4PADA 0048c150     fltk:fl_file_dir.obj
 0003:00004950       ?retname@?1??fl_dir_chooser@@YAPADPBD0H@Z@4PADA 0048c950     fltk:fl_file_dir.obj
 0003:00005150       ?fl_gmi@@3P6GHPAUHMONITOR__@@PAUtagMONITORINFO@@@ZA 0048d150     fltk:screen_xywh.obj
 0003:00005158       ?screens@@3PAUtagRECT@@A   0048d158     fltk:screen_xywh.obj
 0003:00005258       ?work_area@@3PAUtagRECT@@A 0048d258     fltk:screen_xywh.obj
 0003:00005358       ?dpi@@3PAY01MA             0048d358     fltk:screen_xywh.obj
 0003:00005408       ?main_thread@@3KA          0048d408     fltk:Fl_lock.obj
 0003:00005410       ?measure@@3PAP6AXPBUFl_Label@@AAH1@ZA 0048d410     fltk:fl_labeltype.obj
 0003:00005450       ?obj_queue@@3PAPAVFl_Widget@@A 0048d450     fltk:Fl_Widget.obj
 0003:000054a0       ?obj_head@@3HA             0048d4a0     fltk:Fl_Widget.obj
 0003:000054a4       ?obj_tail@@3HA             0048d4a4     fltk:Fl_Widget.obj
 0003:000054b4       ?window@@3PAVFl_TooltipBox@@A 0048d4b4     fltk:Fl_Tooltip.obj
 0003:000054bc       ?tip@@3PBDB                0048d4bc     fltk:Fl_Tooltip.obj
 0003:000054c0       ?Y@@3HA                    0048d4c0     fltk:Fl_Tooltip.obj
 0003:000054c4       ?H@@3HA                    0048d4c4     fltk:Fl_Tooltip.obj
 0003:000054c8       ?recent_tooltip@@3DA       0048d4c8     fltk:Fl_Tooltip.obj
 0003:000054c9       ?recursion@@3DA            0048d4c9     fltk:Fl_Tooltip.obj
 0003:000054ca       ?beenhere@?1??set_enter_exit_once_@Fl_Tooltip@@CAXXZ@4DA 0048d4ca     fltk:Fl_Tooltip.obj
 0003:000060d8       ?tmppen@@3PAXA             0048e0d8     fltk:fl_color.obj
 0003:000060dc       ?savepen@@3PAUHPEN__@@A    0048e0dc     fltk:fl_color.obj
 0003:000060e0       ?xmap@?1??color@Fl_GDI_Graphics_Driver@@UAEXEEE@Z@4UFl_XMap@@A 0048e0e0     fltk:fl_color.obj
 0003:000060f0       ?brushes@?1??fl_brush_action@@YAPAUHBRUSH__@@H@Z@4PAUFl_Brush@?1??1@YAPAU2@H@Z@A 0048e0f0     fltk:fl_color.obj
 0003:000061b0       ?beenhere@?1??fl_select_palette@@YAPAUHPALETTE__@@XZ@4DA 0048e1b0     fltk:fl_color.obj
 0003:000061b4       ?fl_alpha_blend@@3P6GHPAUHDC__@@HHHH0HHHHUFL_BLENDFUNCTION@@@ZA 0048e1b4     fltk:Fl_Double_Window.obj
 0003:000061b8       ?been_here@?1??fl_can_do_alpha_blending@@YADXZ@4DA 0048e1b8     fltk:Fl_Double_Window.obj
 0003:000061b9       ?can_do@?1??fl_can_do_alpha_blending@@YADXZ@4DA 0048e1b9     fltk:Fl_Double_Window.obj
 0003:0000626c       ?hMod@?1??newUUID@Fl_Preferences@@SAPBDXZ@4PAUHINSTANCE__@@A 0048e26c     fltk:Fl_Preferences.obj
 0003:0000627c       ?fl_angle_@@3HA            0048e27c     fltk:fl_font.obj
 0003:00006280       ?wstr@@3PAGA               0048e280     fltk:fl_font.obj
 0003:00006284       ?wstr_len@@3HA             0048e284     fltk:fl_font.obj
 0003:00006288       ?fl_GetGlyphIndices@@3P6GKPAUHDC__@@PB_WHPAGK@ZA 0048e288     fltk:fl_font.obj
 0003:0000628c       ?have_loaded_GetGlyphIndices@@3HA 0048e28c     fltk:fl_font.obj
 0003:00006290       ?ext_buff@?1??text_extents@Fl_GDI_Graphics_Driver@@UAEXPBDHAAH111@Z@4PAGA 0048e290     fltk:fl_font.obj
 0003:00006294       ?w_buff@?1??text_extents@Fl_GDI_Graphics_Driver@@UAEXPBDHAAH111@Z@4PAGA 0048e294     fltk:fl_font.obj
 0003:00006298       ?wc_len@?1??text_extents@Fl_GDI_Graphics_Driver@@UAEXPBDHAAH111@Z@4IA 0048e298     fltk:fl_font.obj
 0003:000062a8       ?hMod@?1??draw@Fl_GDI_Printer_Graphics_Driver@@UAEXPAVFl_Pixmap@@HHHHHH@Z@4PAUHINSTANCE__@@A 0048e2a8     fltk:Fl_Pixmap.obj
 0003:000062ac       ?fl_TransparentBlt@?1??draw@Fl_GDI_Printer_Graphics_Driver@@UAEXPAVFl_Pixmap@@HHHHHH@Z@4P6GHPAUHDC__@@HHHH1HHHHI@ZA 0048e2ac     fltk:Fl_Pixmap.obj
 0003:000062b0       ?fl_TransparentBlt@?1??draw@Fl_GDI_Printer_Graphics_Driver@@UAEXPAVFl_Bitmap@@HHHHHH@Z@4P6GHPAUHDC__@@HHHH1HHHHI@ZA 0048e2b0     fltk:Fl_Bitmap.obj
 0003:000062b4       ?hMod@?1??draw@Fl_GDI_Printer_Graphics_Driver@@UAEXPAVFl_Bitmap@@HHHHHH@Z@4PAUHINSTANCE__@@A 0048e2b4     fltk:Fl_Bitmap.obj
 0003:000062b8       ?ri@?1??dither@@YAXPAEPBEHH@Z@4HA 0048e2b8     fltk:fl_draw_image.obj
 0003:000062bc       ?gi@?1??dither@@YAXPAEPBEHH@Z@4HA 0048e2bc     fltk:fl_draw_image.obj
 0003:000062c0       ?bi@?1??dither@@YAXPAEPBEHH@Z@4HA 0048e2c0     fltk:fl_draw_image.obj
 0003:000062c4       ?dir@?1??dither@@YAXPAEPBEHH@Z@4HA 0048e2c4     fltk:fl_draw_image.obj
 0003:000062c8       ?ri@?1??monodither@@YAXPAEPBEHH@Z@4HA 0048e2c8     fltk:fl_draw_image.obj
 0003:000062cc       ?dir@?1??monodither@@YAXPAEPBEHH@Z@4HA 0048e2cc     fltk:fl_draw_image.obj
 0003:000062d0       ?bmibuffer@?1??innards@@YAXPBEHHHHHHHP6AXPAXHHHPAE@Z1@Z@4PAIA 0048e2d0     fltk:fl_draw_image.obj
 0003:00006700       ?buffer@?1??innards@@YAXPBEHHHHHHHP6AXPAXHHHPAE@Z1@Z@4PAIA 0048e700     fltk:fl_draw_image.obj
 0003:00006704       ?buffer_size@?1??innards@@YAXPBEHHHHHHHP6AXPAXHHHPAE@Z1@Z@4JA 0048e704     fltk:fl_draw_image.obj
 0003:00006708       ?line_buffer@?1??innards@@YAXPBEHHHHHHHP6AXPAXHHHPAE@Z1@Z@4PAIA 0048e708     fltk:fl_draw_image.obj
 0003:0000670c       ?line_buf_size@?CH@??innards@@YAXPBEHHHHHHHP6AXPAXHHHPAE@Z1@Z@4HA 0048e70c     fltk:fl_draw_image.obj
 0003:00006718       ?fl_bg_set@@3DA            0048e718     fltk:Fl_get_system_colors.obj
 0003:00006719       ?fl_bg2_set@@3DA           0048e719     fltk:Fl_get_system_colors.obj
 0003:0000671a       ?fl_fg_set@@3DA            0048e71a     fltk:Fl_get_system_colors.obj
 0003:00006728       ?tile@@3VFl_Pixmap@@A      0048e728     fltk:Fl_get_system_colors.obj
 0003:00006750       ?e@?1??scheme@Fl@@SAHPBD@Z@4PADA 0048e750     fltk:Fl_get_system_colors.obj
 0003:00006b88       ?mbwbuf@@3PA_WA            0048eb88     fltk:fl_utf8.obj
 0003:00006b90       ?buf@@3PADA                0048eb90     fltk:fl_utf8.obj
 0003:00006b94       ?buf_len@@3HA              0048eb94     fltk:fl_utf8.obj
 0003:00006b98       ?wbufa@@3PAGA              0048eb98     fltk:fl_utf8.obj
 0003:00006b9c       ?wbuf@@3PA_WA              0048eb9c     fltk:fl_utf8.obj
 0003:00006ba0       ?wbuf1@@3PA_WA             0048eba0     fltk:fl_utf8.obj
 0003:00006ba4       ?table@?1??Toupper@@YAHH@Z@4PAGA 0048eba4     fltk:fl_utf8.obj
 0003:00006ba8       ?buf@?1??fl_utf2mbcs@@9@4PADA 0048eba8     fltk:fl_utf8.obj
 0003:00006bac       ?buf@?1??fl_getenv@@9@4PADA 0048ebac     fltk:fl_utf8.obj
 0003:00006bb0       ?wbuf@?1??fl_getcwd@@9@4PA_WA 0048ebb0     fltk:fl_utf8.obj
 0003:00006bb4       ?buf@?1??fl_shortcut_label@@YAPBDIPAPBD@Z@4PADA 0048ebb4     fltk:fl_shortcut.obj
 0003:00006bec       ?l_secret@@3HA             0048ebec     fltk:Fl_Input_.obj
 0003:00006bf0       ?undobuffer@@3PADA         0048ebf0     fltk:Fl_Input_.obj
 0003:00006bf4       ?undobufferlength@@3HA     0048ebf4     fltk:Fl_Input_.obj
 0003:00006bf8       ?undowidget@@3PAVFl_Input_@@A 0048ebf8     fltk:Fl_Input_.obj
 0003:00006bfc       ?undoat@@3HA               0048ebfc     fltk:Fl_Input_.obj
 0003:00006c00       ?undocut@@3HA              0048ec00     fltk:Fl_Input_.obj
 0003:00006c04       ?undoinsert@@3HA           0048ec04     fltk:Fl_Input_.obj
 0003:00006c08       ?yankcut@@3HA              0048ec08     fltk:Fl_Input_.obj
 0003:00006c0c       ?legal_fp_chars@@3PBDB     0048ec0c     fltk:Fl_Input.obj
 0003:00006c10       ?dnd_save_position@?1??handle@Fl_Input@@UAEHH@Z@4HA 0048ec10     fltk:Fl_Input.obj
 0003:00006c14       ?dnd_save_mark@?1??handle@Fl_Input@@UAEHH@Z@4HA 0048ec14     fltk:Fl_Input.obj
 0003:00006c18       ?newpos@?1??handle@Fl_Input@@UAEHH@Z@4HA 0048ec18     fltk:Fl_Input.obj
 0003:00006c1c       ?dnd_save_focus@?1??handle@Fl_Input@@UAEHH@Z@4PAVFl_Widget@@A 0048ec1c     fltk:Fl_Input.obj
 0003:00006c24       ?underline_at@@3PADA       0048ec24     fltk:fl_draw.obj
 0003:00006c28       ?local_buf@?1??expand_text_@@YAPBDPBDAAPADHNAAHAANHH@Z@4PADA 0048ec28     fltk:fl_draw.obj
 0003:00006c2c       ?$TSS0@?1??expand_text_@@YAPBDPBDAAPADHNAAHAANHH@Z@4HA 0048ec2c     fltk:fl_draw.obj
 0003:00006c34       ?pressed_menu_button_@@3PAVFl_Menu_Button@@A 0048ec34     fltk:Fl_Menu_Button.obj
 0003:00006c38       ?p@@3PAUmenustate@@A       0048ec38     fltk:Fl_Menu.obj
 0003:00006c3c       ?button@@3PBVFl_Menu_@@B   0048ec3c     fltk:Fl_Menu.obj
 0003:00006c40       ?dummy@?1??popup@Fl_Menu_Item@@QBEPBU2@HHPBDPBU2@PBVFl_Menu_@@@Z@4U2@A 0048ec40     fltk:Fl_Menu.obj
 0003:00006c64       ?local_array@@3PAUFl_Menu_Item@@A 0048ec64     fltk:Fl_Menu_add.obj
 0003:00006c68       ?local_array_alloc@@3HA    0048ec68     fltk:Fl_Menu_add.obj
 0003:00006c6c       ?local_array_size@@3HA     0048ec6c     fltk:Fl_Menu_add.obj
 0003:00006c70       ?offcenter@?9??handle@Fl_Slider@@IAEHHHHHH@Z@4HA 0048ec70     fltk:Fl_Slider.obj
 0003:00006c74       ?image_new@@3VFl_Bitmap@@A 0048ec74     fltk:Fl_File_Chooser.obj
 0003:00006ca8       ?pathname@?1??value@Fl_File_Chooser@@QAEPBDH@Z@4PADA 0048eca8     fltk:Fl_File_Chooser2.obj
 0003:000074b0       ?ncolors@@3HA              0048f4b0     fltk:fl_draw_pixmap.obj
 0003:000074b4       ?chars_per_pixel@@3HA      0048f4b4     fltk:fl_draw_pixmap.obj
 0003:000074b8       ?color_count@@3HA          0048f4b8     fltk:fl_draw_pixmap.obj
 0003:000074bc       ?used_colors@@3PAUUsedColor@@A 0048f4bc     fltk:fl_draw_pixmap.obj
 0003:000074c0       ?table@?1??XUtf8Toupper@@9@9 0048f4c0     fltk:case.obj
 0003:000074c8       ?symbols@@3PAUSYMBOL@@A    0048f4c8     fltk:fl_symbols.obj
 0003:00007eac       ?beenhere@?1??fl_init_symbols@@YAXXZ@4DA 0048feac     fltk:fl_symbols.obj
 0003:00007eb0       ?cursor@?1??set_cursor@@YAXPAVFl_Tile@@W4Fl_Cursor@@@Z@4W43@A 0048feb0     fltk:Fl_Tile.obj
 0003:00007eb4       ?sdrag@?1??handle@Fl_Tile@@UAEHH@Z@4HA 0048feb4     fltk:Fl_Tile.obj
 0003:00007eb8       ?sdx@?1??handle@Fl_Tile@@UAEHH@Z@4HA 0048feb8     fltk:Fl_Tile.obj
 0003:00007ebc       ?sdy@?1??handle@Fl_Tile@@UAEHH@Z@4HA 0048febc     fltk:Fl_Tile.obj
 0003:00007ec0       ?sx@?1??handle@Fl_Tile@@UAEHH@Z@4HA 0048fec0     fltk:Fl_Tile.obj
 0003:00007ec4       ?sy@?1??handle@Fl_Tile@@UAEHH@Z@4HA 0048fec4     fltk:Fl_Tile.obj
 0003:00007ec8       ?change@?1??handle@Fl_Browser_@@UAEHH@Z@4DA 0048fec8     fltk:Fl_Browser_.obj
 0003:00007ec9       ?whichway@?1??handle@Fl_Browser_@@UAEHH@Z@4DA 0048fec9     fltk:Fl_Browser_.obj
 0003:00007ecc       ?py@?1??handle@Fl_Browser_@@UAEHH@Z@4HA 0048fecc     fltk:Fl_Browser_.obj
 0003:00007ed0       ?inButtonBar@?1??handle@Fl_File_Input@@UAEHH@Z@4DA 0048fed0     fltk:Fl_File_Input.obj
 0003:00007ef0       ?SWAP_TYPE@@3DA            0048fef0     fltkgl:Fl_Gl_Window.obj
 0003:00007ef8       ?ortho_context@?DG@??flush@Fl_Gl_Window@@UAEXXZ@4PAUHGLRC__@@A 0048fef8     fltkgl:Fl_Gl_Window.obj
 0003:00007efc       ?ortho_window@?DG@??flush@Fl_Gl_Window@@UAEXXZ@4PAV2@A 0048fefc     fltkgl:Fl_Gl_Window.obj
 0003:00007f00       ?context_list@@3PAPAUHGLRC__@@A 0048ff00     fltkgl:Fl_Gl_Choice.obj
 0003:00007f04       ?nContext@@3HA             0048ff04     fltkgl:Fl_Gl_Choice.obj
 0003:00007f08       ?NContext@@3HA             0048ff08     fltkgl:Fl_Gl_Choice.obj
 0003:00007f0c       ?first@@3PAVFl_Gl_Choice@@A 0048ff0c     fltkgl:Fl_Gl_Choice.obj
 0003:00007f10       ?cached_context@@3PAUHGLRC__@@A 0048ff10     fltkgl:Fl_Gl_Choice.obj
 0003:00007f14       ?cached_window@@3PAVFl_Window@@A 0048ff14     fltkgl:Fl_Gl_Choice.obj
 0003:00007f1c       ?Gl_Device_Plugin@@3VFl_Gl_Device_Plugin@@A 0048ff1c     fltkgl:Fl_Gl_Device_Plugin.obj
 0003:00007f24       ?gl_fontsize@@3PAVFl_Font_Descriptor@@A 0048ff24     fltkgl:gl_draw.obj
 0003:00007f28       ?buf@?1??gl_draw@@YAXPBDH@Z@4PA_WA 0048ff28     fltkgl:gl_draw.obj
 0003:00007f2c       ?l@?1??gl_draw@@YAXPBDH@Z@4HA 0048ff2c     fltkgl:gl_draw.obj
 0003:00007f30       _GS_ExceptionRecord        0048ff30     MSVCRT:gs_report.obj
 0003:00007f80       _GS_ContextRecord          0048ff80     MSVCRT:gs_report.obj
 0003:00008254       ?is_initialized_as_dll@@3_NA 00490254     MSVCRT:utility.obj
 0003:00008255       ?module_local_atexit_table_initialized@@3_NA 00490255     MSVCRT:utility.obj
 0003:00008258       ?module_local_atexit_table@@3U_onexit_table_t@@A 00490258     MSVCRT:utility.obj
 0003:00008264       ?module_local_at_quick_exit_table@@3U_onexit_table_t@@A 00490264     MSVCRT:utility.obj
 0003:00008270       ?g_tss_cv@@3U_RTL_CONDITION_VARIABLE@@A 00490270     MSVCRT:thread_safe_statics.obj
 0003:00008274       ?g_tss_event@@3PAXA        00490274     MSVCRT:thread_safe_statics.obj
 0003:00008278       ?g_tss_mutex@@3U_RTL_CRITICAL_SECTION@@A 00490278     MSVCRT:thread_safe_statics.obj
 0003:00008290       ?g_sleep_condition_variable_cs@@3P6GHPAU_RTL_CONDITION_VARIABLE@@PAU_RTL_CRITICAL_SECTION@@K@ZA 00490290     MSVCRT:thread_safe_statics.obj
 0003:00008294       ?g_wake_all_condition_variable@@3P6GXPAU_RTL_CONDITION_VARIABLE@@@ZA 00490294     MSVCRT:thread_safe_statics.obj
 0003:000082b8       ?_Fac_head@std@@3PAU_Fac_node@1@A 004902b8     msvcprt:locale0_implib.obj
 0003:000082bc       ?_Fac_tidy_reg@std@@3U_Fac_tidy_reg_t@1@B 004902bc     msvcprt:locale0_implib.obj
 0003:000082c0       ?mbwbuf@?1??mbcs2utf@@9@9  004902c0     fltk:fl_call_main.obj
 0004:00000060       $R000000                   00491060     * linker generated manifest res *
